<?xml version="1.0"?>
<link_info>
   <banner>TMS320C2000 Linker PC v15.12.3.LTS</banner>
   <copyright>Copyright (c) 1996-2015 Texas Instruments Incorporated</copyright>
   <link_time>0x5aaa4fb8</link_time>
   <link_errors>0x0</link_errors>
   <output_file>Three_Phase_Inverter_Base_dsp28335.out</output_file>
   <entry_point>
      <name>_c_int00</name>
      <address>0x338b25</address>
   </entry_point>
   <input_file_list>
      <input_file id="fl-3">
         <path>.\</path>
         <kind>object</kind>
         <file>TPVSI_DSP28335_INT.obj</file>
         <name>TPVSI_DSP28335_INT.obj</name>
      </input_file>
      <input_file id="fl-4">
         <path>.\</path>
         <kind>object</kind>
         <file>main.obj</file>
         <name>main.obj</name>
      </input_file>
      <input_file id="fl-5">
         <path>.\AAL\</path>
         <kind>object</kind>
         <file>TPVSI_DSP28335_AAL_Control.obj</file>
         <name>TPVSI_DSP28335_AAL_Control.obj</name>
      </input_file>
      <input_file id="fl-6">
         <path>.\AAL\</path>
         <kind>object</kind>
         <file>TPVSI_DSP28335_AAL_Math.obj</file>
         <name>TPVSI_DSP28335_AAL_Math.obj</name>
      </input_file>
      <input_file id="fl-7">
         <path>.\AAL\</path>
         <kind>object</kind>
         <file>TPVSI_DSP28335_AAL_Trans.obj</file>
         <name>TPVSI_DSP28335_AAL_Trans.obj</name>
      </input_file>
      <input_file id="fl-8">
         <path>.\HAL\</path>
         <kind>object</kind>
         <file>TPVSI_DSP28335_BSP.obj</file>
         <name>TPVSI_DSP28335_BSP.obj</name>
      </input_file>
      <input_file id="fl-9">
         <path>.\HAL\</path>
         <kind>object</kind>
         <file>TPVSI_DSP28335_HAL.obj</file>
         <name>TPVSI_DSP28335_HAL.obj</name>
      </input_file>
      <input_file id="fl-a">
         <path>.\source\</path>
         <kind>object</kind>
         <file>ABC_DQ0_NEG_F.obj</file>
         <name>ABC_DQ0_NEG_F.obj</name>
      </input_file>
      <input_file id="fl-b">
         <path>.\source\</path>
         <kind>object</kind>
         <file>ABC_DQ0_POS_F.obj</file>
         <name>ABC_DQ0_POS_F.obj</name>
      </input_file>
      <input_file id="fl-c">
         <path>.\source\</path>
         <kind>object</kind>
         <file>CLARKE_F.obj</file>
         <name>CLARKE_F.obj</name>
      </input_file>
      <input_file id="fl-d">
         <path>.\source\</path>
         <kind>object</kind>
         <file>CNTL_2P2Z_F.obj</file>
         <name>CNTL_2P2Z_F.obj</name>
      </input_file>
      <input_file id="fl-e">
         <path>.\source\</path>
         <kind>object</kind>
         <file>CNTL_2P2Z_F_ASM.obj</file>
         <name>CNTL_2P2Z_F_ASM.obj</name>
      </input_file>
      <input_file id="fl-f">
         <path>.\source\</path>
         <kind>object</kind>
         <file>CNTL_3P3Z_F.obj</file>
         <name>CNTL_3P3Z_F.obj</name>
      </input_file>
      <input_file id="fl-10">
         <path>.\source\</path>
         <kind>object</kind>
         <file>CNTL_3P3Z_F_ASM.obj</file>
         <name>CNTL_3P3Z_F_ASM.obj</name>
      </input_file>
      <input_file id="fl-11">
         <path>.\source\</path>
         <kind>object</kind>
         <file>CNTL_PI_F.obj</file>
         <name>CNTL_PI_F.obj</name>
      </input_file>
      <input_file id="fl-12">
         <path>.\source\</path>
         <kind>object</kind>
         <file>DLOG_1CH_F.obj</file>
         <name>DLOG_1CH_F.obj</name>
      </input_file>
      <input_file id="fl-13">
         <path>.\source\</path>
         <kind>object</kind>
         <file>DLOG_4CH_F.obj</file>
         <name>DLOG_4CH_F.obj</name>
      </input_file>
      <input_file id="fl-14">
         <path>.\source\</path>
         <kind>object</kind>
         <file>DQ0_ABC_F.obj</file>
         <name>DQ0_ABC_F.obj</name>
      </input_file>
      <input_file id="fl-15">
         <path>.\source\</path>
         <kind>object</kind>
         <file>DSP2833x_ADC_cal.obj</file>
         <name>DSP2833x_ADC_cal.obj</name>
      </input_file>
      <input_file id="fl-16">
         <path>.\source\</path>
         <kind>object</kind>
         <file>DSP2833x_Adc.obj</file>
         <name>DSP2833x_Adc.obj</name>
      </input_file>
      <input_file id="fl-17">
         <path>.\source\</path>
         <kind>object</kind>
         <file>DSP2833x_CSMPasswords.obj</file>
         <name>DSP2833x_CSMPasswords.obj</name>
      </input_file>
      <input_file id="fl-18">
         <path>.\source\</path>
         <kind>object</kind>
         <file>DSP2833x_CodeStartBranch.obj</file>
         <name>DSP2833x_CodeStartBranch.obj</name>
      </input_file>
      <input_file id="fl-19">
         <path>.\source\</path>
         <kind>object</kind>
         <file>DSP2833x_CpuTimers.obj</file>
         <name>DSP2833x_CpuTimers.obj</name>
      </input_file>
      <input_file id="fl-1a">
         <path>.\source\</path>
         <kind>object</kind>
         <file>DSP2833x_DBGIER.obj</file>
         <name>DSP2833x_DBGIER.obj</name>
      </input_file>
      <input_file id="fl-1b">
         <path>.\source\</path>
         <kind>object</kind>
         <file>DSP2833x_DMA.obj</file>
         <name>DSP2833x_DMA.obj</name>
      </input_file>
      <input_file id="fl-1c">
         <path>.\source\</path>
         <kind>object</kind>
         <file>DSP2833x_DefaultIsr.obj</file>
         <name>DSP2833x_DefaultIsr.obj</name>
      </input_file>
      <input_file id="fl-1d">
         <path>.\source\</path>
         <kind>object</kind>
         <file>DSP2833x_DisInt.obj</file>
         <name>DSP2833x_DisInt.obj</name>
      </input_file>
      <input_file id="fl-1e">
         <path>.\source\</path>
         <kind>object</kind>
         <file>DSP2833x_ECan.obj</file>
         <name>DSP2833x_ECan.obj</name>
      </input_file>
      <input_file id="fl-1f">
         <path>.\source\</path>
         <kind>object</kind>
         <file>DSP2833x_ECap.obj</file>
         <name>DSP2833x_ECap.obj</name>
      </input_file>
      <input_file id="fl-20">
         <path>.\source\</path>
         <kind>object</kind>
         <file>DSP2833x_EPwm.obj</file>
         <name>DSP2833x_EPwm.obj</name>
      </input_file>
      <input_file id="fl-21">
         <path>.\source\</path>
         <kind>object</kind>
         <file>DSP2833x_EQep.obj</file>
         <name>DSP2833x_EQep.obj</name>
      </input_file>
      <input_file id="fl-22">
         <path>.\source\</path>
         <kind>object</kind>
         <file>DSP2833x_GlobalVariableDefs.obj</file>
         <name>DSP2833x_GlobalVariableDefs.obj</name>
      </input_file>
      <input_file id="fl-23">
         <path>.\source\</path>
         <kind>object</kind>
         <file>DSP2833x_Gpio.obj</file>
         <name>DSP2833x_Gpio.obj</name>
      </input_file>
      <input_file id="fl-24">
         <path>.\source\</path>
         <kind>object</kind>
         <file>DSP2833x_I2C.obj</file>
         <name>DSP2833x_I2C.obj</name>
      </input_file>
      <input_file id="fl-25">
         <path>.\source\</path>
         <kind>object</kind>
         <file>DSP2833x_Mcbsp.obj</file>
         <name>DSP2833x_Mcbsp.obj</name>
      </input_file>
      <input_file id="fl-26">
         <path>.\source\</path>
         <kind>object</kind>
         <file>DSP2833x_MemCopy.obj</file>
         <name>DSP2833x_MemCopy.obj</name>
      </input_file>
      <input_file id="fl-27">
         <path>.\source\</path>
         <kind>object</kind>
         <file>DSP2833x_PieCtrl.obj</file>
         <name>DSP2833x_PieCtrl.obj</name>
      </input_file>
      <input_file id="fl-28">
         <path>.\source\</path>
         <kind>object</kind>
         <file>DSP2833x_PieVect.obj</file>
         <name>DSP2833x_PieVect.obj</name>
      </input_file>
      <input_file id="fl-29">
         <path>.\source\</path>
         <kind>object</kind>
         <file>DSP2833x_Sci.obj</file>
         <name>DSP2833x_Sci.obj</name>
      </input_file>
      <input_file id="fl-2a">
         <path>.\source\</path>
         <kind>object</kind>
         <file>DSP2833x_Spi.obj</file>
         <name>DSP2833x_Spi.obj</name>
      </input_file>
      <input_file id="fl-2b">
         <path>.\source\</path>
         <kind>object</kind>
         <file>DSP2833x_SysCtrl.obj</file>
         <name>DSP2833x_SysCtrl.obj</name>
      </input_file>
      <input_file id="fl-2c">
         <path>.\source\</path>
         <kind>object</kind>
         <file>DSP2833x_Xintf.obj</file>
         <name>DSP2833x_Xintf.obj</name>
      </input_file>
      <input_file id="fl-2d">
         <path>.\source\</path>
         <kind>object</kind>
         <file>DSP2833x_usDelay.obj</file>
         <name>DSP2833x_usDelay.obj</name>
      </input_file>
      <input_file id="fl-2e">
         <path>.\source\</path>
         <kind>object</kind>
         <file>FPUmathTables.obj</file>
         <name>FPUmathTables.obj</name>
      </input_file>
      <input_file id="fl-2f">
         <path>.\source\</path>
         <kind>object</kind>
         <file>MATH_EMAVG_F.obj</file>
         <name>MATH_EMAVG_F.obj</name>
      </input_file>
      <input_file id="fl-30">
         <path>.\source\</path>
         <kind>object</kind>
         <file>MPPT_INCC_F.obj</file>
         <name>MPPT_INCC_F.obj</name>
      </input_file>
      <input_file id="fl-31">
         <path>.\source\</path>
         <kind>object</kind>
         <file>MPPT_INCC_I_F.obj</file>
         <name>MPPT_INCC_I_F.obj</name>
      </input_file>
      <input_file id="fl-32">
         <path>.\source\</path>
         <kind>object</kind>
         <file>MPPT_PNO_F.obj</file>
         <name>MPPT_PNO_F.obj</name>
      </input_file>
      <input_file id="fl-33">
         <path>.\source\</path>
         <kind>object</kind>
         <file>NOTCH_FLTR_F.obj</file>
         <name>NOTCH_FLTR_F.obj</name>
      </input_file>
      <input_file id="fl-34">
         <path>.\source\</path>
         <kind>object</kind>
         <file>PARK_F.obj</file>
         <name>PARK_F.obj</name>
      </input_file>
      <input_file id="fl-35">
         <path>.\source\</path>
         <kind>object</kind>
         <file>PID_GRANDO_F.obj</file>
         <name>PID_GRANDO_F.obj</name>
      </input_file>
      <input_file id="fl-36">
         <path>.\source\</path>
         <kind>object</kind>
         <file>RAMPGEN_F.obj</file>
         <name>RAMPGEN_F.obj</name>
      </input_file>
      <input_file id="fl-37">
         <path>.\source\</path>
         <kind>object</kind>
         <file>SINEANALYZER_DIFF_F.obj</file>
         <name>SINEANALYZER_DIFF_F.obj</name>
      </input_file>
      <input_file id="fl-38">
         <path>.\source\</path>
         <kind>object</kind>
         <file>SINEANALYZER_DIFF_wPWR_F.obj</file>
         <name>SINEANALYZER_DIFF_wPWR_F.obj</name>
      </input_file>
      <input_file id="fl-39">
         <path>.\source\</path>
         <kind>object</kind>
         <file>SPLL_1ph_F.obj</file>
         <name>SPLL_1ph_F.obj</name>
      </input_file>
      <input_file id="fl-3a">
         <path>.\source\</path>
         <kind>object</kind>
         <file>SPLL_1ph_SOGI_F.obj</file>
         <name>SPLL_1ph_SOGI_F.obj</name>
      </input_file>
      <input_file id="fl-3b">
         <path>.\source\</path>
         <kind>object</kind>
         <file>SPLL_3PH_SRF_F.obj</file>
         <name>SPLL_3PH_SRF_F.obj</name>
      </input_file>
      <input_file id="fl-3c">
         <path>.\source\</path>
         <kind>object</kind>
         <file>SPLL_3ph_DDSRF_F.obj</file>
         <name>SPLL_3ph_DDSRF_F.obj</name>
      </input_file>
      <input_file id="fl-3d">
         <path>.\source\</path>
         <kind>object</kind>
         <file>atan2_f32.obj</file>
         <name>atan2_f32.obj</name>
      </input_file>
      <input_file id="fl-3e">
         <path>.\source\</path>
         <kind>object</kind>
         <file>atan_f32.obj</file>
         <name>atan_f32.obj</name>
      </input_file>
      <input_file id="fl-3f">
         <path>.\source\</path>
         <kind>object</kind>
         <file>cos_f32.obj</file>
         <name>cos_f32.obj</name>
      </input_file>
      <input_file id="fl-40">
         <path>.\source\</path>
         <kind>object</kind>
         <file>div_f32.obj</file>
         <name>div_f32.obj</name>
      </input_file>
      <input_file id="fl-41">
         <path>.\source\</path>
         <kind>object</kind>
         <file>iCLARKE_F.obj</file>
         <name>iCLARKE_F.obj</name>
      </input_file>
      <input_file id="fl-42">
         <path>.\source\</path>
         <kind>object</kind>
         <file>iPARK_F.obj</file>
         <name>iPARK_F.obj</name>
      </input_file>
      <input_file id="fl-43">
         <path>.\source\</path>
         <kind>object</kind>
         <file>isqrt_f32.obj</file>
         <name>isqrt_f32.obj</name>
      </input_file>
      <input_file id="fl-44">
         <path>.\source\</path>
         <kind>object</kind>
         <file>sin_f32.obj</file>
         <name>sin_f32.obj</name>
      </input_file>
      <input_file id="fl-45">
         <path>.\source\</path>
         <kind>object</kind>
         <file>sincos_f32.obj</file>
         <name>sincos_f32.obj</name>
      </input_file>
      <input_file id="fl-46">
         <path>.\source\</path>
         <kind>object</kind>
         <file>sqrt_f32.obj</file>
         <name>sqrt_f32.obj</name>
      </input_file>
      <input_file id="fl-5a">
         <path>E:\ti\ccsv6\tools\compiler\c2000_15.12.3.LTS\lib\</path>
         <kind>archive</kind>
         <file>rts2800_fpu32.lib</file>
         <name>boot.obj</name>
      </input_file>
      <input_file id="fl-5b">
         <path>E:\ti\ccsv6\tools\compiler\c2000_15.12.3.LTS\lib\</path>
         <kind>archive</kind>
         <file>rts2800_fpu32.lib</file>
         <name>args_main.obj</name>
      </input_file>
      <input_file id="fl-5c">
         <path>E:\ti\ccsv6\tools\compiler\c2000_15.12.3.LTS\lib\</path>
         <kind>archive</kind>
         <file>rts2800_fpu32.lib</file>
         <name>startup.obj</name>
      </input_file>
      <input_file id="fl-5d">
         <path>E:\ti\ccsv6\tools\compiler\c2000_15.12.3.LTS\lib\</path>
         <kind>archive</kind>
         <file>rts2800_fpu32.lib</file>
         <name>pre_init.obj</name>
      </input_file>
      <input_file id="fl-5e">
         <path>E:\ti\ccsv6\tools\compiler\c2000_15.12.3.LTS\lib\</path>
         <kind>archive</kind>
         <file>rts2800_fpu32.lib</file>
         <name>cpy_tbl.obj</name>
      </input_file>
      <input_file id="fl-5f">
         <path>E:\ti\ccsv6\tools\compiler\c2000_15.12.3.LTS\lib\</path>
         <kind>archive</kind>
         <file>rts2800_fpu32.lib</file>
         <name>cpy_utils.obj</name>
      </input_file>
      <input_file id="fl-60">
         <path>E:\ti\ccsv6\tools\compiler\c2000_15.12.3.LTS\lib\</path>
         <kind>archive</kind>
         <file>rts2800_fpu32.lib</file>
         <name>exit.obj</name>
      </input_file>
      <input_file id="fl-61">
         <path>E:\ti\ccsv6\tools\compiler\c2000_15.12.3.LTS\lib\</path>
         <kind>archive</kind>
         <file>rts2800_fpu32.lib</file>
         <name>_lock.obj</name>
      </input_file>
      <input_file id="fl-62">
         <path>E:\ti\ccsv6\tools\compiler\c2000_15.12.3.LTS\lib\</path>
         <kind>archive</kind>
         <file>rts2800_fpu32.lib</file>
         <name>memcpy.obj</name>
      </input_file>
   </input_file_list>
   <object_component_list>
      <object_component id="oc-1f4">
         <name>.cinit</name>
         <load_address>0x339070</load_address>
         <run_address>0x339070</run_address>
         <size>0xe</size>
         <input_file_ref idref="fl-60"/>
      </object_component>
      <object_component id="oc-66">
         <name>.cinit</name>
         <load_address>0x33907e</load_address>
         <run_address>0x33907e</run_address>
         <size>0x9</size>
         <input_file_ref idref="fl-7"/>
      </object_component>
      <object_component id="oc-4e">
         <name>.cinit</name>
         <load_address>0x339087</load_address>
         <run_address>0x339087</run_address>
         <size>0x5</size>
         <input_file_ref idref="fl-3"/>
      </object_component>
      <object_component id="oc-20f">
         <name>.cinit:__lock</name>
         <load_address>0x33908c</load_address>
         <run_address>0x33908c</run_address>
         <size>0x5</size>
         <input_file_ref idref="fl-61"/>
      </object_component>
      <object_component id="oc-218">
         <name>.cinit:__unlock</name>
         <load_address>0x339091</load_address>
         <run_address>0x339091</run_address>
         <size>0x5</size>
         <input_file_ref idref="fl-61"/>
      </object_component>
      <object_component id="oc-219">
         <name>.text</name>
         <load_address>0x338000</load_address>
         <run_address>0x338000</run_address>
         <size>0x359</size>
         <input_file_ref idref="fl-1b"/>
      </object_component>
      <object_component id="oc-d2">
         <name>.text:retain</name>
         <load_address>0x338359</load_address>
         <run_address>0x338359</run_address>
         <size>0x316</size>
         <input_file_ref idref="fl-1c"/>
      </object_component>
      <object_component id="oc-212">
         <name>.text</name>
         <load_address>0x33866f</load_address>
         <run_address>0x33866f</run_address>
         <size>0x242</size>
         <input_file_ref idref="fl-8"/>
      </object_component>
      <object_component id="oc-214">
         <name>.text</name>
         <load_address>0x3388b1</load_address>
         <run_address>0x3388b1</run_address>
         <size>0xf1</size>
         <input_file_ref idref="fl-2b"/>
      </object_component>
      <object_component id="oc-20c">
         <name>.text</name>
         <load_address>0x3389a2</load_address>
         <run_address>0x3389a2</run_address>
         <size>0xea</size>
         <input_file_ref idref="fl-9"/>
      </object_component>
      <object_component id="oc-20a">
         <name>.text</name>
         <load_address>0x338a8c</load_address>
         <run_address>0x338a8c</run_address>
         <size>0x99</size>
         <input_file_ref idref="fl-7"/>
      </object_component>
      <object_component id="oc-4c">
         <name>.text</name>
         <load_address>0x338b25</load_address>
         <run_address>0x338b25</run_address>
         <size>0x56</size>
         <input_file_ref idref="fl-5a"/>
      </object_component>
      <object_component id="oc-96">
         <name>.text</name>
         <load_address>0x338b7b</load_address>
         <run_address>0x338b7b</run_address>
         <size>0x54</size>
         <input_file_ref idref="fl-10"/>
      </object_component>
      <object_component id="oc-1a2">
         <name>.text</name>
         <load_address>0x338bcf</load_address>
         <run_address>0x338bcf</run_address>
         <size>0x4f</size>
         <input_file_ref idref="fl-3d"/>
      </object_component>
      <object_component id="oc-1a7">
         <name>.text</name>
         <load_address>0x338c1e</load_address>
         <run_address>0x338c1e</run_address>
         <size>0x4a</size>
         <input_file_ref idref="fl-3e"/>
      </object_component>
      <object_component id="oc-205">
         <name>.text</name>
         <load_address>0x338c68</load_address>
         <run_address>0x338c68</run_address>
         <size>0x46</size>
         <input_file_ref idref="fl-5e"/>
      </object_component>
      <object_component id="oc-210">
         <name>.text</name>
         <load_address>0x338cae</load_address>
         <run_address>0x338cae</run_address>
         <size>0x45</size>
         <input_file_ref idref="fl-c"/>
      </object_component>
      <object_component id="oc-8c">
         <name>.text</name>
         <load_address>0x338cf3</load_address>
         <run_address>0x338cf3</run_address>
         <size>0x44</size>
         <input_file_ref idref="fl-e"/>
      </object_component>
      <object_component id="oc-1ca">
         <name>.text</name>
         <load_address>0x338d37</load_address>
         <run_address>0x338d37</run_address>
         <size>0x43</size>
         <input_file_ref idref="fl-45"/>
      </object_component>
      <object_component id="oc-211">
         <name>.text</name>
         <load_address>0x338d7a</load_address>
         <run_address>0x338d7a</run_address>
         <size>0x39</size>
         <input_file_ref idref="fl-34"/>
      </object_component>
      <object_component id="oc-1ac">
         <name>.text</name>
         <load_address>0x338db3</load_address>
         <run_address>0x338db3</run_address>
         <size>0x34</size>
         <input_file_ref idref="fl-3f"/>
      </object_component>
      <object_component id="oc-1c5">
         <name>.text</name>
         <load_address>0x338de7</load_address>
         <run_address>0x338de7</run_address>
         <size>0x34</size>
         <input_file_ref idref="fl-44"/>
      </object_component>
      <object_component id="oc-20d">
         <name>.text</name>
         <load_address>0x338e1b</load_address>
         <run_address>0x338e1b</run_address>
         <size>0x2b</size>
         <input_file_ref idref="fl-4"/>
      </object_component>
      <object_component id="oc-208">
         <name>.text</name>
         <load_address>0x338e46</load_address>
         <run_address>0x338e46</run_address>
         <size>0x29</size>
         <input_file_ref idref="fl-60"/>
      </object_component>
      <object_component id="oc-215">
         <name>.text</name>
         <load_address>0x338e6f</load_address>
         <run_address>0x338e6f</run_address>
         <size>0x28</size>
         <input_file_ref idref="fl-27"/>
      </object_component>
      <object_component id="oc-1cf">
         <name>.text</name>
         <load_address>0x338e97</load_address>
         <run_address>0x338e97</run_address>
         <size>0x21</size>
         <input_file_ref idref="fl-46"/>
      </object_component>
      <object_component id="oc-213">
         <name>.text</name>
         <load_address>0x338eb8</load_address>
         <run_address>0x338eb8</run_address>
         <size>0x1e</size>
         <input_file_ref idref="fl-62"/>
      </object_component>
      <object_component id="oc-1c0">
         <name>.text</name>
         <load_address>0x338ed6</load_address>
         <run_address>0x338ed6</run_address>
         <size>0x1c</size>
         <input_file_ref idref="fl-43"/>
      </object_component>
      <object_component id="oc-1ee">
         <name>.text</name>
         <load_address>0x338ef2</load_address>
         <run_address>0x338ef2</run_address>
         <size>0x1a</size>
         <input_file_ref idref="fl-5f"/>
      </object_component>
      <object_component id="oc-1b1">
         <name>.text</name>
         <load_address>0x338f0c</load_address>
         <run_address>0x338f0c</run_address>
         <size>0x19</size>
         <input_file_ref idref="fl-40"/>
      </object_component>
      <object_component id="oc-207">
         <name>.text</name>
         <load_address>0x338f25</load_address>
         <run_address>0x338f25</run_address>
         <size>0x19</size>
         <input_file_ref idref="fl-5b"/>
      </object_component>
      <object_component id="oc-216">
         <name>.text</name>
         <load_address>0x338f3e</load_address>
         <run_address>0x338f3e</run_address>
         <size>0x14</size>
         <input_file_ref idref="fl-28"/>
      </object_component>
      <object_component id="oc-217">
         <name>.text</name>
         <load_address>0x338f52</load_address>
         <run_address>0x338f52</run_address>
         <size>0x9</size>
         <input_file_ref idref="fl-61"/>
      </object_component>
      <object_component id="oc-bb">
         <name>.text</name>
         <load_address>0x338f5b</load_address>
         <run_address>0x338f5b</run_address>
         <size>0x8</size>
         <input_file_ref idref="fl-18"/>
      </object_component>
      <object_component id="oc-d7">
         <name>.text</name>
         <load_address>0x338f63</load_address>
         <run_address>0x338f63</run_address>
         <size>0x7</size>
         <input_file_ref idref="fl-1d"/>
      </object_component>
      <object_component id="oc-c7">
         <name>.text</name>
         <load_address>0x338f6a</load_address>
         <run_address>0x338f6a</run_address>
         <size>0x3</size>
         <input_file_ref idref="fl-1a"/>
      </object_component>
      <object_component id="oc-204">
         <name>.text</name>
         <load_address>0x338f6d</load_address>
         <run_address>0x338f6d</run_address>
         <size>0x2</size>
         <input_file_ref idref="fl-5d"/>
      </object_component>
      <object_component id="oc-206">
         <name>.text</name>
         <load_address>0x338f6f</load_address>
         <run_address>0x338f6f</run_address>
         <size>0x1</size>
         <input_file_ref idref="fl-5c"/>
      </object_component>
      <object_component id="oc-bc">
         <name>codestart</name>
         <load_address>0x33fff6</load_address>
         <run_address>0x33fff6</run_address>
         <size>0x2</size>
         <input_file_ref idref="fl-18"/>
      </object_component>
      <object_component id="oc-20b">
         <name>ramfuncs</name>
         <load_address>0x320000</load_address>
         <run_address>0x8000</run_address>
         <size>0x179</size>
         <input_file_ref idref="fl-7"/>
      </object_component>
      <object_component id="oc-50">
         <name>ramfuncs:retain</name>
         <load_address>0x320179</load_address>
         <run_address>0x8179</run_address>
         <size>0xb9</size>
         <input_file_ref idref="fl-3"/>
      </object_component>
      <object_component id="oc-209">
         <name>ramfuncs</name>
         <load_address>0x320232</load_address>
         <run_address>0x8232</run_address>
         <size>0x7f</size>
         <input_file_ref idref="fl-9"/>
      </object_component>
      <object_component id="oc-156">
         <name>ramfuncs</name>
         <load_address>0x3202b1</load_address>
         <run_address>0x82b1</run_address>
         <size>0x4</size>
         <input_file_ref idref="fl-2d"/>
      </object_component>
      <object_component id="oc-b9">
         <name>csmpasswds</name>
         <load_address>0x33fff8</load_address>
         <run_address>0x33fff8</run_address>
         <size>0x8</size>
         <input_file_ref idref="fl-17"/>
      </object_component>
      <object_component id="oc-ba">
         <name>csm_rsvd</name>
         <load_address>0x33ff80</load_address>
         <run_address>0x33ff80</run_address>
         <size>0x76</size>
         <input_file_ref idref="fl-17"/>
      </object_component>
      <object_component id="oc-1d4">
         <name>.stack</name>
         <uninitialized>true</uninitialized>
         <run_address>0x400</run_address>
         <size>0x0</size>
         <input_file_ref idref="fl-5a"/>
      </object_component>
      <object_component id="oc-272">
         <name>.stack</name>
         <uninitialized>true</uninitialized>
         <run_address>0x400</run_address>
         <size>0x0</size>
      </object_component>
      <object_component id="oc-4f">
         <name>.ebss</name>
         <uninitialized>true</uninitialized>
         <run_address>0xc2ba</run_address>
         <size>0x2</size>
         <input_file_ref idref="fl-3"/>
      </object_component>
      <object_component id="oc-60">
         <name>.ebss</name>
         <uninitialized>true</uninitialized>
         <run_address>0xc2b8</run_address>
         <size>0x2</size>
         <input_file_ref idref="fl-6"/>
      </object_component>
      <object_component id="oc-67">
         <name>.ebss</name>
         <uninitialized>true</uninitialized>
         <run_address>0xc000</run_address>
         <size>0x28c</size>
         <input_file_ref idref="fl-7"/>
      </object_component>
      <object_component id="oc-6d">
         <name>.ebss</name>
         <uninitialized>true</uninitialized>
         <run_address>0xc2a4</run_address>
         <size>0xe</size>
         <input_file_ref idref="fl-8"/>
      </object_component>
      <object_component id="oc-73">
         <name>.ebss</name>
         <uninitialized>true</uninitialized>
         <run_address>0xc2c0</run_address>
         <size>0x78</size>
         <input_file_ref idref="fl-9"/>
      </object_component>
      <object_component id="oc-c2">
         <name>.ebss</name>
         <uninitialized>true</uninitialized>
         <run_address>0xc28c</run_address>
         <size>0x18</size>
         <input_file_ref idref="fl-19"/>
      </object_component>
      <object_component id="oc-1f5">
         <name>.ebss</name>
         <uninitialized>true</uninitialized>
         <run_address>0xc2b2</run_address>
         <size>0x6</size>
         <input_file_ref idref="fl-60"/>
      </object_component>
      <object_component id="oc-21b">
         <name>.ebss:__unlock</name>
         <uninitialized>true</uninitialized>
         <run_address>0xc2be</run_address>
         <size>0x2</size>
         <input_file_ref idref="fl-61"/>
      </object_component>
      <object_component id="oc-20e">
         <name>.ebss:__lock</name>
         <uninitialized>true</uninitialized>
         <run_address>0xc2bc</run_address>
         <size>0x2</size>
         <input_file_ref idref="fl-61"/>
      </object_component>
      <object_component id="oc-21a">
         <name>.econst:_PieVectTableInit</name>
         <load_address>0x338f70</load_address>
         <run_address>0x338f70</run_address>
         <size>0x100</size>
         <input_file_ref idref="fl-28"/>
      </object_component>
      <object_component id="oc-15b">
         <name>FPUmathTables</name>
         <load_address>0x3febdc</load_address>
         <run_address>0x3febdc</run_address>
         <size>0x6a0</size>
         <input_file_ref idref="fl-2e"/>
      </object_component>
      <object_component id="oc-1d5">
         <name>.reset</name>
         <load_address>0x3fffc0</load_address>
         <run_address>0x3fffc0</run_address>
         <size>0x2</size>
         <input_file_ref idref="fl-5a"/>
      </object_component>
      <object_component id="oc-af">
         <name>.adc_cal</name>
         <load_address>0x380080</load_address>
         <run_address>0x380080</run_address>
         <size>0x7</size>
         <input_file_ref idref="fl-15"/>
      </object_component>
      <object_component id="oc-122">
         <name>PieVectTableFile</name>
         <uninitialized>true</uninitialized>
         <run_address>0xd00</run_address>
         <size>0x100</size>
         <input_file_ref idref="fl-22"/>
      </object_component>
      <object_component id="oc-11e">
         <name>DevEmuRegsFile</name>
         <uninitialized>true</uninitialized>
         <run_address>0x880</run_address>
         <size>0xd0</size>
         <input_file_ref idref="fl-22"/>
      </object_component>
      <object_component id="oc-f4">
         <name>FlashRegsFile</name>
         <uninitialized>true</uninitialized>
         <run_address>0xa80</run_address>
         <size>0x8</size>
         <input_file_ref idref="fl-22"/>
      </object_component>
      <object_component id="oc-fc">
         <name>CsmRegsFile</name>
         <uninitialized>true</uninitialized>
         <run_address>0xae0</run_address>
         <size>0x10</size>
         <input_file_ref idref="fl-22"/>
      </object_component>
      <object_component id="oc-fd">
         <name>AdcMirrorFile</name>
         <uninitialized>true</uninitialized>
         <run_address>0xb00</run_address>
         <size>0x10</size>
         <input_file_ref idref="fl-22"/>
      </object_component>
      <object_component id="oc-101">
         <name>XintfRegsFile</name>
         <uninitialized>true</uninitialized>
         <run_address>0xb20</run_address>
         <size>0x1e</size>
         <input_file_ref idref="fl-22"/>
      </object_component>
      <object_component id="oc-f5">
         <name>CpuTimer0RegsFile</name>
         <uninitialized>true</uninitialized>
         <run_address>0xc00</run_address>
         <size>0x8</size>
         <input_file_ref idref="fl-22"/>
      </object_component>
      <object_component id="oc-f6">
         <name>CpuTimer1RegsFile</name>
         <uninitialized>true</uninitialized>
         <run_address>0xc08</run_address>
         <size>0x8</size>
         <input_file_ref idref="fl-22"/>
      </object_component>
      <object_component id="oc-f2">
         <name>CpuTimer2RegsFile</name>
         <uninitialized>true</uninitialized>
         <run_address>0xc10</run_address>
         <size>0x8</size>
         <input_file_ref idref="fl-22"/>
      </object_component>
      <object_component id="oc-ff">
         <name>PieCtrlRegsFile</name>
         <uninitialized>true</uninitialized>
         <run_address>0xce0</run_address>
         <size>0x1a</size>
         <input_file_ref idref="fl-22"/>
      </object_component>
      <object_component id="oc-11f">
         <name>DmaRegsFile</name>
         <uninitialized>true</uninitialized>
         <run_address>0x1000</run_address>
         <size>0xe0</size>
         <input_file_ref idref="fl-22"/>
      </object_component>
      <object_component id="oc-112">
         <name>McbspaRegsFile</name>
         <uninitialized>true</uninitialized>
         <run_address>0x5000</run_address>
         <size>0x25</size>
         <input_file_ref idref="fl-22"/>
      </object_component>
      <object_component id="oc-111">
         <name>McbspbRegsFile</name>
         <uninitialized>true</uninitialized>
         <run_address>0x5040</run_address>
         <size>0x25</size>
         <input_file_ref idref="fl-22"/>
      </object_component>
      <object_component id="oc-114">
         <name>ECanaRegsFile</name>
         <uninitialized>true</uninitialized>
         <run_address>0x6000</run_address>
         <size>0x34</size>
         <input_file_ref idref="fl-22"/>
      </object_component>
      <object_component id="oc-118">
         <name>ECanaLAMRegsFile</name>
         <uninitialized>true</uninitialized>
         <run_address>0x6040</run_address>
         <size>0x40</size>
         <input_file_ref idref="fl-22"/>
      </object_component>
      <object_component id="oc-121">
         <name>ECanaMboxesFile</name>
         <uninitialized>true</uninitialized>
         <run_address>0x6100</run_address>
         <size>0x100</size>
         <input_file_ref idref="fl-22"/>
      </object_component>
      <object_component id="oc-119">
         <name>ECanaMOTSRegsFile</name>
         <uninitialized>true</uninitialized>
         <run_address>0x6080</run_address>
         <size>0x40</size>
         <input_file_ref idref="fl-22"/>
      </object_component>
      <object_component id="oc-116">
         <name>ECanaMOTORegsFile</name>
         <uninitialized>true</uninitialized>
         <run_address>0x60c0</run_address>
         <size>0x40</size>
         <input_file_ref idref="fl-22"/>
      </object_component>
      <object_component id="oc-115">
         <name>ECanbRegsFile</name>
         <uninitialized>true</uninitialized>
         <run_address>0x6200</run_address>
         <size>0x34</size>
         <input_file_ref idref="fl-22"/>
      </object_component>
      <object_component id="oc-11d">
         <name>ECanbLAMRegsFile</name>
         <uninitialized>true</uninitialized>
         <run_address>0x6240</run_address>
         <size>0x40</size>
         <input_file_ref idref="fl-22"/>
      </object_component>
      <object_component id="oc-120">
         <name>ECanbMboxesFile</name>
         <uninitialized>true</uninitialized>
         <run_address>0x6300</run_address>
         <size>0x100</size>
         <input_file_ref idref="fl-22"/>
      </object_component>
      <object_component id="oc-117">
         <name>ECanbMOTSRegsFile</name>
         <uninitialized>true</uninitialized>
         <run_address>0x6280</run_address>
         <size>0x40</size>
         <input_file_ref idref="fl-22"/>
      </object_component>
      <object_component id="oc-11a">
         <name>ECanbMOTORegsFile</name>
         <uninitialized>true</uninitialized>
         <run_address>0x62c0</run_address>
         <size>0x40</size>
         <input_file_ref idref="fl-22"/>
      </object_component>
      <object_component id="oc-10f">
         <name>EPwm1RegsFile</name>
         <uninitialized>true</uninitialized>
         <run_address>0x6800</run_address>
         <size>0x22</size>
         <input_file_ref idref="fl-22"/>
      </object_component>
      <object_component id="oc-10a">
         <name>EPwm2RegsFile</name>
         <uninitialized>true</uninitialized>
         <run_address>0x6840</run_address>
         <size>0x22</size>
         <input_file_ref idref="fl-22"/>
      </object_component>
      <object_component id="oc-10b">
         <name>EPwm3RegsFile</name>
         <uninitialized>true</uninitialized>
         <run_address>0x6880</run_address>
         <size>0x22</size>
         <input_file_ref idref="fl-22"/>
      </object_component>
      <object_component id="oc-110">
         <name>EPwm4RegsFile</name>
         <uninitialized>true</uninitialized>
         <run_address>0x68c0</run_address>
         <size>0x22</size>
         <input_file_ref idref="fl-22"/>
      </object_component>
      <object_component id="oc-10d">
         <name>EPwm5RegsFile</name>
         <uninitialized>true</uninitialized>
         <run_address>0x6900</run_address>
         <size>0x22</size>
         <input_file_ref idref="fl-22"/>
      </object_component>
      <object_component id="oc-10e">
         <name>EPwm6RegsFile</name>
         <uninitialized>true</uninitialized>
         <run_address>0x6940</run_address>
         <size>0x22</size>
         <input_file_ref idref="fl-22"/>
      </object_component>
      <object_component id="oc-104">
         <name>ECap1RegsFile</name>
         <uninitialized>true</uninitialized>
         <run_address>0x6a00</run_address>
         <size>0x20</size>
         <input_file_ref idref="fl-22"/>
      </object_component>
      <object_component id="oc-105">
         <name>ECap2RegsFile</name>
         <uninitialized>true</uninitialized>
         <run_address>0x6a20</run_address>
         <size>0x20</size>
         <input_file_ref idref="fl-22"/>
      </object_component>
      <object_component id="oc-102">
         <name>ECap3RegsFile</name>
         <uninitialized>true</uninitialized>
         <run_address>0x6a40</run_address>
         <size>0x20</size>
         <input_file_ref idref="fl-22"/>
      </object_component>
      <object_component id="oc-103">
         <name>ECap4RegsFile</name>
         <uninitialized>true</uninitialized>
         <run_address>0x6a60</run_address>
         <size>0x20</size>
         <input_file_ref idref="fl-22"/>
      </object_component>
      <object_component id="oc-108">
         <name>ECap5RegsFile</name>
         <uninitialized>true</uninitialized>
         <run_address>0x6a80</run_address>
         <size>0x20</size>
         <input_file_ref idref="fl-22"/>
      </object_component>
      <object_component id="oc-109">
         <name>ECap6RegsFile</name>
         <uninitialized>true</uninitialized>
         <run_address>0x6aa0</run_address>
         <size>0x20</size>
         <input_file_ref idref="fl-22"/>
      </object_component>
      <object_component id="oc-11b">
         <name>EQep1RegsFile</name>
         <uninitialized>true</uninitialized>
         <run_address>0x6b00</run_address>
         <size>0x40</size>
         <input_file_ref idref="fl-22"/>
      </object_component>
      <object_component id="oc-11c">
         <name>EQep2RegsFile</name>
         <uninitialized>true</uninitialized>
         <run_address>0x6b40</run_address>
         <size>0x40</size>
         <input_file_ref idref="fl-22"/>
      </object_component>
      <object_component id="oc-113">
         <name>GpioCtrlRegsFile</name>
         <uninitialized>true</uninitialized>
         <run_address>0x6f80</run_address>
         <size>0x2e</size>
         <input_file_ref idref="fl-22"/>
      </object_component>
      <object_component id="oc-106">
         <name>GpioDataRegsFile</name>
         <uninitialized>true</uninitialized>
         <run_address>0x6fc0</run_address>
         <size>0x20</size>
         <input_file_ref idref="fl-22"/>
      </object_component>
      <object_component id="oc-f7">
         <name>GpioIntRegsFile</name>
         <uninitialized>true</uninitialized>
         <run_address>0x6fe0</run_address>
         <size>0xa</size>
         <input_file_ref idref="fl-22"/>
      </object_component>
      <object_component id="oc-107">
         <name>SysCtrlRegsFile</name>
         <uninitialized>true</uninitialized>
         <run_address>0x7010</run_address>
         <size>0x20</size>
         <input_file_ref idref="fl-22"/>
      </object_component>
      <object_component id="oc-f8">
         <name>SpiaRegsFile</name>
         <uninitialized>true</uninitialized>
         <run_address>0x7040</run_address>
         <size>0x10</size>
         <input_file_ref idref="fl-22"/>
      </object_component>
      <object_component id="oc-fb">
         <name>SciaRegsFile</name>
         <uninitialized>true</uninitialized>
         <run_address>0x7050</run_address>
         <size>0x10</size>
         <input_file_ref idref="fl-22"/>
      </object_component>
      <object_component id="oc-fe">
         <name>XIntruptRegsFile</name>
         <uninitialized>true</uninitialized>
         <run_address>0x7070</run_address>
         <size>0x10</size>
         <input_file_ref idref="fl-22"/>
      </object_component>
      <object_component id="oc-100">
         <name>AdcRegsFile</name>
         <uninitialized>true</uninitialized>
         <run_address>0x7100</run_address>
         <size>0x1e</size>
         <input_file_ref idref="fl-22"/>
      </object_component>
      <object_component id="oc-f9">
         <name>ScibRegsFile</name>
         <uninitialized>true</uninitialized>
         <run_address>0x7750</run_address>
         <size>0x10</size>
         <input_file_ref idref="fl-22"/>
      </object_component>
      <object_component id="oc-fa">
         <name>ScicRegsFile</name>
         <uninitialized>true</uninitialized>
         <run_address>0x7770</run_address>
         <size>0x10</size>
         <input_file_ref idref="fl-22"/>
      </object_component>
      <object_component id="oc-10c">
         <name>I2caRegsFile</name>
         <uninitialized>true</uninitialized>
         <run_address>0x7900</run_address>
         <size>0x22</size>
         <input_file_ref idref="fl-22"/>
      </object_component>
      <object_component id="oc-f3">
         <name>CsmPwlFile</name>
         <uninitialized>true</uninitialized>
         <run_address>0x33fff8</run_address>
         <size>0x8</size>
         <input_file_ref idref="fl-22"/>
      </object_component>
      <object_component id="oc-f1">
         <name>PartIdRegsFile</name>
         <uninitialized>true</uninitialized>
         <run_address>0x380090</run_address>
         <size>0x1</size>
         <input_file_ref idref="fl-22"/>
      </object_component>
      <object_component id="oc-4d">
         <name>.debug_info</name>
         <load_address>0x0</load_address>
         <run_address>0x0</run_address>
         <size>0x3324</size>
         <input_file_ref idref="fl-3"/>
      </object_component>
      <object_component id="oc-55">
         <name>.debug_info</name>
         <load_address>0x3324</load_address>
         <run_address>0x3324</run_address>
         <size>0x1b12</size>
         <input_file_ref idref="fl-4"/>
      </object_component>
      <object_component id="oc-5a">
         <name>.debug_info</name>
         <load_address>0x4e36</load_address>
         <run_address>0x4e36</run_address>
         <size>0x424</size>
         <input_file_ref idref="fl-5"/>
      </object_component>
      <object_component id="oc-5f">
         <name>.debug_info</name>
         <load_address>0x525a</load_address>
         <run_address>0x525a</run_address>
         <size>0x368</size>
         <input_file_ref idref="fl-6"/>
      </object_component>
      <object_component id="oc-65">
         <name>.debug_info</name>
         <load_address>0x55c2</load_address>
         <run_address>0x55c2</run_address>
         <size>0x10a0</size>
         <input_file_ref idref="fl-7"/>
      </object_component>
      <object_component id="oc-6c">
         <name>.debug_info</name>
         <load_address>0x6662</load_address>
         <run_address>0x6662</run_address>
         <size>0x6019</size>
         <input_file_ref idref="fl-8"/>
      </object_component>
      <object_component id="oc-72">
         <name>.debug_info</name>
         <load_address>0xc67b</load_address>
         <run_address>0xc67b</run_address>
         <size>0x2425</size>
         <input_file_ref idref="fl-9"/>
      </object_component>
      <object_component id="oc-78">
         <name>.debug_info</name>
         <load_address>0xeaa0</load_address>
         <run_address>0xeaa0</run_address>
         <size>0x432</size>
         <input_file_ref idref="fl-a"/>
      </object_component>
      <object_component id="oc-7d">
         <name>.debug_info</name>
         <load_address>0xeed2</load_address>
         <run_address>0xeed2</run_address>
         <size>0x432</size>
         <input_file_ref idref="fl-b"/>
      </object_component>
      <object_component id="oc-82">
         <name>.debug_info</name>
         <load_address>0xf304</load_address>
         <run_address>0xf304</run_address>
         <size>0x4e0</size>
         <input_file_ref idref="fl-c"/>
      </object_component>
      <object_component id="oc-87">
         <name>.debug_info</name>
         <load_address>0xf7e4</load_address>
         <run_address>0xf7e4</run_address>
         <size>0x51b</size>
         <input_file_ref idref="fl-d"/>
      </object_component>
      <object_component id="oc-8d">
         <name>.debug_info</name>
         <load_address>0xfcff</load_address>
         <run_address>0xfcff</run_address>
         <size>0xf8</size>
         <input_file_ref idref="fl-e"/>
      </object_component>
      <object_component id="oc-91">
         <name>.debug_info</name>
         <load_address>0xfdf7</load_address>
         <run_address>0xfdf7</run_address>
         <size>0x57d</size>
         <input_file_ref idref="fl-f"/>
      </object_component>
      <object_component id="oc-97">
         <name>.debug_info</name>
         <load_address>0x10374</load_address>
         <run_address>0x10374</run_address>
         <size>0xf8</size>
         <input_file_ref idref="fl-10"/>
      </object_component>
      <object_component id="oc-9b">
         <name>.debug_info</name>
         <load_address>0x1046c</load_address>
         <run_address>0x1046c</run_address>
         <size>0x456</size>
         <input_file_ref idref="fl-11"/>
      </object_component>
      <object_component id="oc-a0">
         <name>.debug_info</name>
         <load_address>0x108c2</load_address>
         <run_address>0x108c2</run_address>
         <size>0x49c</size>
         <input_file_ref idref="fl-12"/>
      </object_component>
      <object_component id="oc-a5">
         <name>.debug_info</name>
         <load_address>0x10d5e</load_address>
         <run_address>0x10d5e</run_address>
         <size>0x566</size>
         <input_file_ref idref="fl-13"/>
      </object_component>
      <object_component id="oc-aa">
         <name>.debug_info</name>
         <load_address>0x112c4</load_address>
         <run_address>0x112c4</run_address>
         <size>0x42a</size>
         <input_file_ref idref="fl-14"/>
      </object_component>
      <object_component id="oc-b0">
         <name>.debug_info</name>
         <load_address>0x116ee</load_address>
         <run_address>0x116ee</run_address>
         <size>0xfa</size>
         <input_file_ref idref="fl-15"/>
      </object_component>
      <object_component id="oc-b4">
         <name>.debug_info</name>
         <load_address>0x117e8</load_address>
         <run_address>0x117e8</run_address>
         <size>0x1ea6</size>
         <input_file_ref idref="fl-16"/>
      </object_component>
      <object_component id="oc-bd">
         <name>.debug_info</name>
         <load_address>0x1368e</load_address>
         <run_address>0x1368e</run_address>
         <size>0x138</size>
         <input_file_ref idref="fl-18"/>
      </object_component>
      <object_component id="oc-c1">
         <name>.debug_info</name>
         <load_address>0x137c6</load_address>
         <run_address>0x137c6</run_address>
         <size>0x848</size>
         <input_file_ref idref="fl-19"/>
      </object_component>
      <object_component id="oc-c8">
         <name>.debug_info</name>
         <load_address>0x1400e</load_address>
         <run_address>0x1400e</run_address>
         <size>0xf8</size>
         <input_file_ref idref="fl-1a"/>
      </object_component>
      <object_component id="oc-cc">
         <name>.debug_info</name>
         <load_address>0x14106</load_address>
         <run_address>0x14106</run_address>
         <size>0x4036</size>
         <input_file_ref idref="fl-1b"/>
      </object_component>
      <object_component id="oc-d1">
         <name>.debug_info</name>
         <load_address>0x1813c</load_address>
         <run_address>0x1813c</run_address>
         <size>0x2475</size>
         <input_file_ref idref="fl-1c"/>
      </object_component>
      <object_component id="oc-d8">
         <name>.debug_info</name>
         <load_address>0x1a5b1</load_address>
         <run_address>0x1a5b1</run_address>
         <size>0xfe</size>
         <input_file_ref idref="fl-1d"/>
      </object_component>
      <object_component id="oc-dc">
         <name>.debug_info</name>
         <load_address>0x1a6af</load_address>
         <run_address>0x1a6af</run_address>
         <size>0x5d9e</size>
         <input_file_ref idref="fl-1e"/>
      </object_component>
      <object_component id="oc-e1">
         <name>.debug_info</name>
         <load_address>0x2044d</load_address>
         <run_address>0x2044d</run_address>
         <size>0x1bac</size>
         <input_file_ref idref="fl-1f"/>
      </object_component>
      <object_component id="oc-e6">
         <name>.debug_info</name>
         <load_address>0x21ff9</load_address>
         <run_address>0x21ff9</run_address>
         <size>0x1bac</size>
         <input_file_ref idref="fl-20"/>
      </object_component>
      <object_component id="oc-eb">
         <name>.debug_info</name>
         <load_address>0x23ba5</load_address>
         <run_address>0x23ba5</run_address>
         <size>0x1bac</size>
         <input_file_ref idref="fl-21"/>
      </object_component>
      <object_component id="oc-f0">
         <name>.debug_info</name>
         <load_address>0x25751</load_address>
         <run_address>0x25751</run_address>
         <size>0x13423</size>
         <input_file_ref idref="fl-22"/>
      </object_component>
      <object_component id="oc-124">
         <name>.debug_info</name>
         <load_address>0x38b74</load_address>
         <run_address>0x38b74</run_address>
         <size>0x1bac</size>
         <input_file_ref idref="fl-23"/>
      </object_component>
      <object_component id="oc-129">
         <name>.debug_info</name>
         <load_address>0x3a720</load_address>
         <run_address>0x3a720</run_address>
         <size>0x1bab</size>
         <input_file_ref idref="fl-24"/>
      </object_component>
      <object_component id="oc-12e">
         <name>.debug_info</name>
         <load_address>0x3c2cb</load_address>
         <run_address>0x3c2cb</run_address>
         <size>0x49cb</size>
         <input_file_ref idref="fl-25"/>
      </object_component>
      <object_component id="oc-133">
         <name>.debug_info</name>
         <load_address>0x40c96</load_address>
         <run_address>0x40c96</run_address>
         <size>0x377</size>
         <input_file_ref idref="fl-26"/>
      </object_component>
      <object_component id="oc-138">
         <name>.debug_info</name>
         <load_address>0x4100d</load_address>
         <run_address>0x4100d</run_address>
         <size>0xb6c</size>
         <input_file_ref idref="fl-27"/>
      </object_component>
      <object_component id="oc-13d">
         <name>.debug_info</name>
         <load_address>0x41b79</load_address>
         <run_address>0x41b79</run_address>
         <size>0x22e7</size>
         <input_file_ref idref="fl-28"/>
      </object_component>
      <object_component id="oc-142">
         <name>.debug_info</name>
         <load_address>0x43e60</load_address>
         <run_address>0x43e60</run_address>
         <size>0x1bab</size>
         <input_file_ref idref="fl-29"/>
      </object_component>
      <object_component id="oc-147">
         <name>.debug_info</name>
         <load_address>0x45a0b</load_address>
         <run_address>0x45a0b</run_address>
         <size>0x1bab</size>
         <input_file_ref idref="fl-2a"/>
      </object_component>
      <object_component id="oc-14c">
         <name>.debug_info</name>
         <load_address>0x475b6</load_address>
         <run_address>0x475b6</run_address>
         <size>0x20bd</size>
         <input_file_ref idref="fl-2b"/>
      </object_component>
      <object_component id="oc-151">
         <name>.debug_info</name>
         <load_address>0x49673</load_address>
         <run_address>0x49673</run_address>
         <size>0x2163</size>
         <input_file_ref idref="fl-2c"/>
      </object_component>
      <object_component id="oc-157">
         <name>.debug_info</name>
         <load_address>0x4b7d6</load_address>
         <run_address>0x4b7d6</run_address>
         <size>0xfa</size>
         <input_file_ref idref="fl-2d"/>
      </object_component>
      <object_component id="oc-15c">
         <name>.debug_info</name>
         <load_address>0x4b8d0</load_address>
         <run_address>0x4b8d0</run_address>
         <size>0x3d0</size>
         <input_file_ref idref="fl-2f"/>
      </object_component>
      <object_component id="oc-161">
         <name>.debug_info</name>
         <load_address>0x4bca0</load_address>
         <run_address>0x4bca0</run_address>
         <size>0x58a</size>
         <input_file_ref idref="fl-30"/>
      </object_component>
      <object_component id="oc-166">
         <name>.debug_info</name>
         <load_address>0x4c22a</load_address>
         <run_address>0x4c22a</run_address>
         <size>0x582</size>
         <input_file_ref idref="fl-31"/>
      </object_component>
      <object_component id="oc-16b">
         <name>.debug_info</name>
         <load_address>0x4c7ac</load_address>
         <run_address>0x4c7ac</run_address>
         <size>0x4e6</size>
         <input_file_ref idref="fl-32"/>
      </object_component>
      <object_component id="oc-170">
         <name>.debug_info</name>
         <load_address>0x4cc92</load_address>
         <run_address>0x4cc92</run_address>
         <size>0x4a9</size>
         <input_file_ref idref="fl-33"/>
      </object_component>
      <object_component id="oc-175">
         <name>.debug_info</name>
         <load_address>0x4d13b</load_address>
         <run_address>0x4d13b</run_address>
         <size>0x4f0</size>
         <input_file_ref idref="fl-34"/>
      </object_component>
      <object_component id="oc-17a">
         <name>.debug_info</name>
         <load_address>0x4d62b</load_address>
         <run_address>0x4d62b</run_address>
         <size>0x5d7</size>
         <input_file_ref idref="fl-35"/>
      </object_component>
      <object_component id="oc-17f">
         <name>.debug_info</name>
         <load_address>0x4dc02</load_address>
         <run_address>0x4dc02</run_address>
         <size>0x3e8</size>
         <input_file_ref idref="fl-36"/>
      </object_component>
      <object_component id="oc-184">
         <name>.debug_info</name>
         <load_address>0x4dfea</load_address>
         <run_address>0x4dfea</run_address>
         <size>0x664</size>
         <input_file_ref idref="fl-37"/>
      </object_component>
      <object_component id="oc-189">
         <name>.debug_info</name>
         <load_address>0x4e64e</load_address>
         <run_address>0x4e64e</run_address>
         <size>0x77a</size>
         <input_file_ref idref="fl-38"/>
      </object_component>
      <object_component id="oc-18e">
         <name>.debug_info</name>
         <load_address>0x4edc8</load_address>
         <run_address>0x4edc8</run_address>
         <size>0x5c6</size>
         <input_file_ref idref="fl-39"/>
      </object_component>
      <object_component id="oc-193">
         <name>.debug_info</name>
         <load_address>0x4f38e</load_address>
         <run_address>0x4f38e</run_address>
         <size>0x686</size>
         <input_file_ref idref="fl-3a"/>
      </object_component>
      <object_component id="oc-198">
         <name>.debug_info</name>
         <load_address>0x4fa14</load_address>
         <run_address>0x4fa14</run_address>
         <size>0x49a</size>
         <input_file_ref idref="fl-3b"/>
      </object_component>
      <object_component id="oc-19d">
         <name>.debug_info</name>
         <load_address>0x4feae</load_address>
         <run_address>0x4feae</run_address>
         <size>0x6b0</size>
         <input_file_ref idref="fl-3c"/>
      </object_component>
      <object_component id="oc-1a3">
         <name>.debug_info</name>
         <load_address>0x5055e</load_address>
         <run_address>0x5055e</run_address>
         <size>0xed</size>
         <input_file_ref idref="fl-3d"/>
      </object_component>
      <object_component id="oc-1a8">
         <name>.debug_info</name>
         <load_address>0x5064b</load_address>
         <run_address>0x5064b</run_address>
         <size>0xeb</size>
         <input_file_ref idref="fl-3e"/>
      </object_component>
      <object_component id="oc-1ad">
         <name>.debug_info</name>
         <load_address>0x50736</load_address>
         <run_address>0x50736</run_address>
         <size>0xe8</size>
         <input_file_ref idref="fl-3f"/>
      </object_component>
      <object_component id="oc-1b2">
         <name>.debug_info</name>
         <load_address>0x5081e</load_address>
         <run_address>0x5081e</run_address>
         <size>0xe8</size>
         <input_file_ref idref="fl-40"/>
      </object_component>
      <object_component id="oc-1b6">
         <name>.debug_info</name>
         <load_address>0x50906</load_address>
         <run_address>0x50906</run_address>
         <size>0x3f0</size>
         <input_file_ref idref="fl-41"/>
      </object_component>
      <object_component id="oc-1bb">
         <name>.debug_info</name>
         <load_address>0x50cf6</load_address>
         <run_address>0x50cf6</run_address>
         <size>0x410</size>
         <input_file_ref idref="fl-42"/>
      </object_component>
      <object_component id="oc-1c1">
         <name>.debug_info</name>
         <load_address>0x51106</load_address>
         <run_address>0x51106</run_address>
         <size>0xec</size>
         <input_file_ref idref="fl-43"/>
      </object_component>
      <object_component id="oc-1c6">
         <name>.debug_info</name>
         <load_address>0x511f2</load_address>
         <run_address>0x511f2</run_address>
         <size>0xe8</size>
         <input_file_ref idref="fl-44"/>
      </object_component>
      <object_component id="oc-1cb">
         <name>.debug_info</name>
         <load_address>0x512da</load_address>
         <run_address>0x512da</run_address>
         <size>0xef</size>
         <input_file_ref idref="fl-45"/>
      </object_component>
      <object_component id="oc-1d0">
         <name>.debug_info</name>
         <load_address>0x513c9</load_address>
         <run_address>0x513c9</run_address>
         <size>0xea</size>
         <input_file_ref idref="fl-46"/>
      </object_component>
      <object_component id="oc-1d6">
         <name>.debug_info</name>
         <load_address>0x514b3</load_address>
         <run_address>0x514b3</run_address>
         <size>0x16c</size>
         <input_file_ref idref="fl-5a"/>
      </object_component>
      <object_component id="oc-1da">
         <name>.debug_info</name>
         <load_address>0x5161f</load_address>
         <run_address>0x5161f</run_address>
         <size>0x4cf</size>
         <input_file_ref idref="fl-5b"/>
      </object_component>
      <object_component id="oc-1df">
         <name>.debug_info</name>
         <load_address>0x51aee</load_address>
         <run_address>0x51aee</run_address>
         <size>0x3e0</size>
         <input_file_ref idref="fl-5c"/>
      </object_component>
      <object_component id="oc-1e4">
         <name>.debug_info</name>
         <load_address>0x51ece</load_address>
         <run_address>0x51ece</run_address>
         <size>0x3e3</size>
         <input_file_ref idref="fl-5d"/>
      </object_component>
      <object_component id="oc-1e9">
         <name>.debug_info</name>
         <load_address>0x522b1</load_address>
         <run_address>0x522b1</run_address>
         <size>0x628</size>
         <input_file_ref idref="fl-5e"/>
      </object_component>
      <object_component id="oc-1ef">
         <name>.debug_info</name>
         <load_address>0x528d9</load_address>
         <run_address>0x528d9</run_address>
         <size>0x113</size>
         <input_file_ref idref="fl-5f"/>
      </object_component>
      <object_component id="oc-1f3">
         <name>.debug_info</name>
         <load_address>0x529ec</load_address>
         <run_address>0x529ec</run_address>
         <size>0x5ac</size>
         <input_file_ref idref="fl-60"/>
      </object_component>
      <object_component id="oc-1fa">
         <name>.debug_info</name>
         <load_address>0x52f98</load_address>
         <run_address>0x52f98</run_address>
         <size>0x502</size>
         <input_file_ref idref="fl-61"/>
      </object_component>
      <object_component id="oc-1ff">
         <name>.debug_info</name>
         <load_address>0x5349a</load_address>
         <run_address>0x5349a</run_address>
         <size>0x470</size>
         <input_file_ref idref="fl-62"/>
      </object_component>
      <object_component id="oc-273">
         <name>.debug_info</name>
         <load_address>0x5390a</load_address>
         <run_address>0x5390a</run_address>
         <size>0xa5</size>
      </object_component>
      <object_component id="oc-51">
         <name>.debug_frame</name>
         <load_address>0x0</load_address>
         <run_address>0x0</run_address>
         <size>0x108</size>
         <input_file_ref idref="fl-3"/>
      </object_component>
      <object_component id="oc-56">
         <name>.debug_frame</name>
         <load_address>0x108</load_address>
         <run_address>0x108</run_address>
         <size>0xa1</size>
         <input_file_ref idref="fl-4"/>
      </object_component>
      <object_component id="oc-5b">
         <name>.debug_frame</name>
         <load_address>0x1a9</load_address>
         <run_address>0x1a9</run_address>
         <size>0x8c</size>
         <input_file_ref idref="fl-5"/>
      </object_component>
      <object_component id="oc-61">
         <name>.debug_frame</name>
         <load_address>0x235</load_address>
         <run_address>0x235</run_address>
         <size>0x8c</size>
         <input_file_ref idref="fl-6"/>
      </object_component>
      <object_component id="oc-68">
         <name>.debug_frame</name>
         <load_address>0x2c1</load_address>
         <run_address>0x2c1</run_address>
         <size>0x1bd</size>
         <input_file_ref idref="fl-7"/>
      </object_component>
      <object_component id="oc-6e">
         <name>.debug_frame</name>
         <load_address>0x47e</load_address>
         <run_address>0x47e</run_address>
         <size>0xea</size>
         <input_file_ref idref="fl-8"/>
      </object_component>
      <object_component id="oc-74">
         <name>.debug_frame</name>
         <load_address>0x568</load_address>
         <run_address>0x568</run_address>
         <size>0x139</size>
         <input_file_ref idref="fl-9"/>
      </object_component>
      <object_component id="oc-79">
         <name>.debug_frame</name>
         <load_address>0x6a1</load_address>
         <run_address>0x6a1</run_address>
         <size>0x8c</size>
         <input_file_ref idref="fl-a"/>
      </object_component>
      <object_component id="oc-7e">
         <name>.debug_frame</name>
         <load_address>0x72d</load_address>
         <run_address>0x72d</run_address>
         <size>0x8c</size>
         <input_file_ref idref="fl-b"/>
      </object_component>
      <object_component id="oc-83">
         <name>.debug_frame</name>
         <load_address>0x7b9</load_address>
         <run_address>0x7b9</run_address>
         <size>0xb6</size>
         <input_file_ref idref="fl-c"/>
      </object_component>
      <object_component id="oc-88">
         <name>.debug_frame</name>
         <load_address>0x86f</load_address>
         <run_address>0x86f</run_address>
         <size>0x8c</size>
         <input_file_ref idref="fl-d"/>
      </object_component>
      <object_component id="oc-92">
         <name>.debug_frame</name>
         <load_address>0x8fb</load_address>
         <run_address>0x8fb</run_address>
         <size>0x8c</size>
         <input_file_ref idref="fl-f"/>
      </object_component>
      <object_component id="oc-9c">
         <name>.debug_frame</name>
         <load_address>0x987</load_address>
         <run_address>0x987</run_address>
         <size>0x8c</size>
         <input_file_ref idref="fl-11"/>
      </object_component>
      <object_component id="oc-a1">
         <name>.debug_frame</name>
         <load_address>0xa13</load_address>
         <run_address>0xa13</run_address>
         <size>0x8c</size>
         <input_file_ref idref="fl-12"/>
      </object_component>
      <object_component id="oc-a6">
         <name>.debug_frame</name>
         <load_address>0xa9f</load_address>
         <run_address>0xa9f</run_address>
         <size>0x8c</size>
         <input_file_ref idref="fl-13"/>
      </object_component>
      <object_component id="oc-ab">
         <name>.debug_frame</name>
         <load_address>0xb2b</load_address>
         <run_address>0xb2b</run_address>
         <size>0x8c</size>
         <input_file_ref idref="fl-14"/>
      </object_component>
      <object_component id="oc-b5">
         <name>.debug_frame</name>
         <load_address>0xbb7</load_address>
         <run_address>0xbb7</run_address>
         <size>0x8c</size>
         <input_file_ref idref="fl-16"/>
      </object_component>
      <object_component id="oc-c3">
         <name>.debug_frame</name>
         <load_address>0xc43</load_address>
         <run_address>0xc43</run_address>
         <size>0x8c</size>
         <input_file_ref idref="fl-19"/>
      </object_component>
      <object_component id="oc-cd">
         <name>.debug_frame</name>
         <load_address>0xccf</load_address>
         <run_address>0xccf</run_address>
         <size>0x407</size>
         <input_file_ref idref="fl-1b"/>
      </object_component>
      <object_component id="oc-d3">
         <name>.debug_frame</name>
         <load_address>0x10d6</load_address>
         <run_address>0x10d6</run_address>
         <size>0xbf7</size>
         <input_file_ref idref="fl-1c"/>
      </object_component>
      <object_component id="oc-dd">
         <name>.debug_frame</name>
         <load_address>0x1ccd</load_address>
         <run_address>0x1ccd</run_address>
         <size>0x8c</size>
         <input_file_ref idref="fl-1e"/>
      </object_component>
      <object_component id="oc-e2">
         <name>.debug_frame</name>
         <load_address>0x1d59</load_address>
         <run_address>0x1d59</run_address>
         <size>0x8c</size>
         <input_file_ref idref="fl-1f"/>
      </object_component>
      <object_component id="oc-e7">
         <name>.debug_frame</name>
         <load_address>0x1de5</load_address>
         <run_address>0x1de5</run_address>
         <size>0x8c</size>
         <input_file_ref idref="fl-20"/>
      </object_component>
      <object_component id="oc-ec">
         <name>.debug_frame</name>
         <load_address>0x1e71</load_address>
         <run_address>0x1e71</run_address>
         <size>0x8c</size>
         <input_file_ref idref="fl-21"/>
      </object_component>
      <object_component id="oc-125">
         <name>.debug_frame</name>
         <load_address>0x1efd</load_address>
         <run_address>0x1efd</run_address>
         <size>0x8c</size>
         <input_file_ref idref="fl-23"/>
      </object_component>
      <object_component id="oc-12a">
         <name>.debug_frame</name>
         <load_address>0x1f89</load_address>
         <run_address>0x1f89</run_address>
         <size>0x8c</size>
         <input_file_ref idref="fl-24"/>
      </object_component>
      <object_component id="oc-12f">
         <name>.debug_frame</name>
         <load_address>0x2015</load_address>
         <run_address>0x2015</run_address>
         <size>0x8c</size>
         <input_file_ref idref="fl-25"/>
      </object_component>
      <object_component id="oc-134">
         <name>.debug_frame</name>
         <load_address>0x20a1</load_address>
         <run_address>0x20a1</run_address>
         <size>0x8c</size>
         <input_file_ref idref="fl-26"/>
      </object_component>
      <object_component id="oc-139">
         <name>.debug_frame</name>
         <load_address>0x212d</load_address>
         <run_address>0x212d</run_address>
         <size>0xb6</size>
         <input_file_ref idref="fl-27"/>
      </object_component>
      <object_component id="oc-13e">
         <name>.debug_frame</name>
         <load_address>0x21e3</load_address>
         <run_address>0x21e3</run_address>
         <size>0xa1</size>
         <input_file_ref idref="fl-28"/>
      </object_component>
      <object_component id="oc-143">
         <name>.debug_frame</name>
         <load_address>0x2284</load_address>
         <run_address>0x2284</run_address>
         <size>0x8c</size>
         <input_file_ref idref="fl-29"/>
      </object_component>
      <object_component id="oc-148">
         <name>.debug_frame</name>
         <load_address>0x2310</load_address>
         <run_address>0x2310</run_address>
         <size>0x8c</size>
         <input_file_ref idref="fl-2a"/>
      </object_component>
      <object_component id="oc-14d">
         <name>.debug_frame</name>
         <load_address>0x239c</load_address>
         <run_address>0x239c</run_address>
         <size>0x112</size>
         <input_file_ref idref="fl-2b"/>
      </object_component>
      <object_component id="oc-152">
         <name>.debug_frame</name>
         <load_address>0x24ae</load_address>
         <run_address>0x24ae</run_address>
         <size>0x8c</size>
         <input_file_ref idref="fl-2c"/>
      </object_component>
      <object_component id="oc-15d">
         <name>.debug_frame</name>
         <load_address>0x253a</load_address>
         <run_address>0x253a</run_address>
         <size>0x8c</size>
         <input_file_ref idref="fl-2f"/>
      </object_component>
      <object_component id="oc-162">
         <name>.debug_frame</name>
         <load_address>0x25c6</load_address>
         <run_address>0x25c6</run_address>
         <size>0x8c</size>
         <input_file_ref idref="fl-30"/>
      </object_component>
      <object_component id="oc-167">
         <name>.debug_frame</name>
         <load_address>0x2652</load_address>
         <run_address>0x2652</run_address>
         <size>0x8c</size>
         <input_file_ref idref="fl-31"/>
      </object_component>
      <object_component id="oc-16c">
         <name>.debug_frame</name>
         <load_address>0x26de</load_address>
         <run_address>0x26de</run_address>
         <size>0x8c</size>
         <input_file_ref idref="fl-32"/>
      </object_component>
      <object_component id="oc-171">
         <name>.debug_frame</name>
         <load_address>0x276a</load_address>
         <run_address>0x276a</run_address>
         <size>0x8c</size>
         <input_file_ref idref="fl-33"/>
      </object_component>
      <object_component id="oc-176">
         <name>.debug_frame</name>
         <load_address>0x27f6</load_address>
         <run_address>0x27f6</run_address>
         <size>0xb6</size>
         <input_file_ref idref="fl-34"/>
      </object_component>
      <object_component id="oc-17b">
         <name>.debug_frame</name>
         <load_address>0x28ac</load_address>
         <run_address>0x28ac</run_address>
         <size>0x8c</size>
         <input_file_ref idref="fl-35"/>
      </object_component>
      <object_component id="oc-180">
         <name>.debug_frame</name>
         <load_address>0x2938</load_address>
         <run_address>0x2938</run_address>
         <size>0x8c</size>
         <input_file_ref idref="fl-36"/>
      </object_component>
      <object_component id="oc-185">
         <name>.debug_frame</name>
         <load_address>0x29c4</load_address>
         <run_address>0x29c4</run_address>
         <size>0x8c</size>
         <input_file_ref idref="fl-37"/>
      </object_component>
      <object_component id="oc-18a">
         <name>.debug_frame</name>
         <load_address>0x2a50</load_address>
         <run_address>0x2a50</run_address>
         <size>0x8c</size>
         <input_file_ref idref="fl-38"/>
      </object_component>
      <object_component id="oc-18f">
         <name>.debug_frame</name>
         <load_address>0x2adc</load_address>
         <run_address>0x2adc</run_address>
         <size>0x8c</size>
         <input_file_ref idref="fl-39"/>
      </object_component>
      <object_component id="oc-194">
         <name>.debug_frame</name>
         <load_address>0x2b68</load_address>
         <run_address>0x2b68</run_address>
         <size>0x8c</size>
         <input_file_ref idref="fl-3a"/>
      </object_component>
      <object_component id="oc-199">
         <name>.debug_frame</name>
         <load_address>0x2bf4</load_address>
         <run_address>0x2bf4</run_address>
         <size>0x8c</size>
         <input_file_ref idref="fl-3b"/>
      </object_component>
      <object_component id="oc-19e">
         <name>.debug_frame</name>
         <load_address>0x2c80</load_address>
         <run_address>0x2c80</run_address>
         <size>0x8c</size>
         <input_file_ref idref="fl-3c"/>
      </object_component>
      <object_component id="oc-1b7">
         <name>.debug_frame</name>
         <load_address>0x2d0c</load_address>
         <run_address>0x2d0c</run_address>
         <size>0x8c</size>
         <input_file_ref idref="fl-41"/>
      </object_component>
      <object_component id="oc-1bc">
         <name>.debug_frame</name>
         <load_address>0x2d98</load_address>
         <run_address>0x2d98</run_address>
         <size>0x8c</size>
         <input_file_ref idref="fl-42"/>
      </object_component>
      <object_component id="oc-1db">
         <name>.debug_frame</name>
         <load_address>0x2e24</load_address>
         <run_address>0x2e24</run_address>
         <size>0xa1</size>
         <input_file_ref idref="fl-5b"/>
      </object_component>
      <object_component id="oc-1e0">
         <name>.debug_frame</name>
         <load_address>0x2ec5</load_address>
         <run_address>0x2ec5</run_address>
         <size>0xa1</size>
         <input_file_ref idref="fl-5c"/>
      </object_component>
      <object_component id="oc-1e5">
         <name>.debug_frame</name>
         <load_address>0x2f66</load_address>
         <run_address>0x2f66</run_address>
         <size>0xa1</size>
         <input_file_ref idref="fl-5d"/>
      </object_component>
      <object_component id="oc-1ea">
         <name>.debug_frame</name>
         <load_address>0x3007</load_address>
         <run_address>0x3007</run_address>
         <size>0xba</size>
         <input_file_ref idref="fl-5e"/>
      </object_component>
      <object_component id="oc-1f6">
         <name>.debug_frame</name>
         <load_address>0x30c1</load_address>
         <run_address>0x30c1</run_address>
         <size>0xbf</size>
         <input_file_ref idref="fl-60"/>
      </object_component>
      <object_component id="oc-1fb">
         <name>.debug_frame</name>
         <load_address>0x3180</load_address>
         <run_address>0x3180</run_address>
         <size>0xcb</size>
         <input_file_ref idref="fl-61"/>
      </object_component>
      <object_component id="oc-200">
         <name>.debug_frame</name>
         <load_address>0x324b</load_address>
         <run_address>0x324b</run_address>
         <size>0xa1</size>
         <input_file_ref idref="fl-62"/>
      </object_component>
      <object_component id="oc-52">
         <name>.debug_line</name>
         <load_address>0x0</load_address>
         <run_address>0x0</run_address>
         <size>0x64</size>
         <input_file_ref idref="fl-3"/>
      </object_component>
      <object_component id="oc-57">
         <name>.debug_line</name>
         <load_address>0x64</load_address>
         <run_address>0x64</run_address>
         <size>0x4d</size>
         <input_file_ref idref="fl-4"/>
      </object_component>
      <object_component id="oc-5c">
         <name>.debug_line</name>
         <load_address>0xb1</load_address>
         <run_address>0xb1</run_address>
         <size>0x44</size>
         <input_file_ref idref="fl-5"/>
      </object_component>
      <object_component id="oc-62">
         <name>.debug_line</name>
         <load_address>0xf5</load_address>
         <run_address>0xf5</run_address>
         <size>0x41</size>
         <input_file_ref idref="fl-6"/>
      </object_component>
      <object_component id="oc-69">
         <name>.debug_line</name>
         <load_address>0x136</load_address>
         <run_address>0x136</run_address>
         <size>0x189</size>
         <input_file_ref idref="fl-7"/>
      </object_component>
      <object_component id="oc-6f">
         <name>.debug_line</name>
         <load_address>0x2bf</load_address>
         <run_address>0x2bf</run_address>
         <size>0x15a</size>
         <input_file_ref idref="fl-8"/>
      </object_component>
      <object_component id="oc-75">
         <name>.debug_line</name>
         <load_address>0x419</load_address>
         <run_address>0x419</run_address>
         <size>0x15e</size>
         <input_file_ref idref="fl-9"/>
      </object_component>
      <object_component id="oc-7a">
         <name>.debug_line</name>
         <load_address>0x577</load_address>
         <run_address>0x577</run_address>
         <size>0x3a</size>
         <input_file_ref idref="fl-a"/>
      </object_component>
      <object_component id="oc-7f">
         <name>.debug_line</name>
         <load_address>0x5b1</load_address>
         <run_address>0x5b1</run_address>
         <size>0x3a</size>
         <input_file_ref idref="fl-b"/>
      </object_component>
      <object_component id="oc-84">
         <name>.debug_line</name>
         <load_address>0x5eb</load_address>
         <run_address>0x5eb</run_address>
         <size>0x69</size>
         <input_file_ref idref="fl-c"/>
      </object_component>
      <object_component id="oc-89">
         <name>.debug_line</name>
         <load_address>0x654</load_address>
         <run_address>0x654</run_address>
         <size>0x38</size>
         <input_file_ref idref="fl-d"/>
      </object_component>
      <object_component id="oc-8e">
         <name>.debug_line</name>
         <load_address>0x68c</load_address>
         <run_address>0x68c</run_address>
         <size>0x6f</size>
[...]
         <name>_I2CINT1A_ISR</name>
         <value>0x33859d</value>
         <object_component_ref idref="oc-d2"/>
      </symbol>
      <symbol id="sm-2d1">
         <name>_XINT2_ISR</name>
         <value>0x338435</value>
         <object_component_ref idref="oc-d2"/>
      </symbol>
      <symbol id="sm-2d2">
         <name>_I2CINT2A_ISR</name>
         <value>0x3385a7</value>
         <object_component_ref idref="oc-d2"/>
      </symbol>
      <symbol id="sm-2d3">
         <name>_SCITXINTC_ISR</name>
         <value>0x3385bb</value>
         <object_component_ref idref="oc-d2"/>
      </symbol>
      <symbol id="sm-2d4">
         <name>_SCIRXINTC_ISR</name>
         <value>0x3385b1</value>
         <object_component_ref idref="oc-d2"/>
      </symbol>
      <symbol id="sm-2d5">
         <name>_RTOSINT_ISR</name>
         <value>0x338377</value>
         <object_component_ref idref="oc-d2"/>
      </symbol>
      <symbol id="sm-2d6">
         <name>_EPWM3_INT_ISR</name>
         <value>0x3384ad</value>
         <object_component_ref idref="oc-d2"/>
      </symbol>
      <symbol id="sm-2d7">
         <name>_ECAN1INTB_ISR</name>
         <value>0x33860b</value>
         <object_component_ref idref="oc-d2"/>
      </symbol>
      <symbol id="sm-2d8">
         <name>_USER9_ISR</name>
         <value>0x3383ef</value>
         <object_component_ref idref="oc-d2"/>
      </symbol>
      <symbol id="sm-2d9">
         <name>_USER3_ISR</name>
         <value>0x3383b3</value>
         <object_component_ref idref="oc-d2"/>
      </symbol>
      <symbol id="sm-2da">
         <name>_EQEP1_INT_ISR</name>
         <value>0x338511</value>
         <object_component_ref idref="oc-d2"/>
      </symbol>
      <symbol id="sm-2db">
         <name>_MRINTB_ISR</name>
         <value>0x338539</value>
         <object_component_ref idref="oc-d2"/>
      </symbol>
      <symbol id="sm-2dc">
         <name>_DINTCH1_ISR</name>
         <value>0x338561</value>
         <object_component_ref idref="oc-d2"/>
      </symbol>
      <symbol id="sm-2dd">
         <name>_USER8_ISR</name>
         <value>0x3383e5</value>
         <object_component_ref idref="oc-d2"/>
      </symbol>
      <symbol id="sm-2de">
         <name>_EPWM1_INT_ISR</name>
         <value>0x338499</value>
         <object_component_ref idref="oc-d2"/>
      </symbol>
      <symbol id="sm-2df">
         <name>_SEQ2INT_ISR</name>
         <value>0x338421</value>
         <object_component_ref idref="oc-d2"/>
      </symbol>
      <symbol id="sm-2e0">
         <name>_USER2_ISR</name>
         <value>0x3383a9</value>
         <object_component_ref idref="oc-d2"/>
      </symbol>
      <symbol id="sm-2e1">
         <name>_LUF_ISR</name>
         <value>0x338651</value>
         <object_component_ref idref="oc-d2"/>
      </symbol>
      <symbol id="sm-2e2">
         <name>_LVF_ISR</name>
         <value>0x338647</value>
         <object_component_ref idref="oc-d2"/>
      </symbol>
      <symbol id="sm-2e3">
         <name>_SCITXINTA_ISR</name>
         <value>0x3385cf</value>
         <object_component_ref idref="oc-d2"/>
      </symbol>
      <symbol id="sm-2e4">
         <name>_SCIRXINTA_ISR</name>
         <value>0x3385c5</value>
         <object_component_ref idref="oc-d2"/>
      </symbol>
      <symbol id="sm-2e5">
         <name>_rsvd_ISR</name>
         <value>0x338665</value>
         <object_component_ref idref="oc-d2"/>
      </symbol>
      <symbol id="sm-2e6">
         <name>_ECAP5_INT_ISR</name>
         <value>0x3384fd</value>
         <object_component_ref idref="oc-d2"/>
      </symbol>
      <symbol id="sm-2e7">
         <name>_DINTCH2_ISR</name>
         <value>0x33856b</value>
         <object_component_ref idref="oc-d2"/>
      </symbol>
      <symbol id="sm-2e8">
         <name>_XINT5_ISR</name>
         <value>0x338629</value>
         <object_component_ref idref="oc-d2"/>
      </symbol>
      <symbol id="sm-2f4">
         <name>_DSP28x_DisableInt</name>
         <value>0x338f63</value>
         <object_component_ref idref="oc-d7"/>
      </symbol>
      <symbol id="sm-2f5">
         <name>_DSP28x_RestoreInt</name>
         <value>0x338f67</value>
         <object_component_ref idref="oc-d7"/>
      </symbol>
      <symbol id="sm-388">
         <name>_GpioCtrlRegs</name>
         <value>0x6f80</value>
         <object_component_ref idref="oc-113"/>
      </symbol>
      <symbol id="sm-389">
         <name>_PieVectTable</name>
         <value>0xd00</value>
         <object_component_ref idref="oc-122"/>
      </symbol>
      <symbol id="sm-38a">
         <name>_ECap4Regs</name>
         <value>0x6a60</value>
         <object_component_ref idref="oc-103"/>
      </symbol>
      <symbol id="sm-38b">
         <name>_CsmRegs</name>
         <value>0xae0</value>
         <object_component_ref idref="oc-fc"/>
      </symbol>
      <symbol id="sm-38c">
         <name>_ECanaLAMRegs</name>
         <value>0x6040</value>
         <object_component_ref idref="oc-118"/>
      </symbol>
      <symbol id="sm-38d">
         <name>_ECanbMOTORegs</name>
         <value>0x62c0</value>
         <object_component_ref idref="oc-11a"/>
      </symbol>
      <symbol id="sm-38e">
         <name>_EPwm4Regs</name>
         <value>0x68c0</value>
         <object_component_ref idref="oc-110"/>
      </symbol>
      <symbol id="sm-38f">
         <name>_ECap5Regs</name>
         <value>0x6a80</value>
         <object_component_ref idref="oc-108"/>
      </symbol>
      <symbol id="sm-390">
         <name>_CpuTimer1Regs</name>
         <value>0xc08</value>
         <object_component_ref idref="oc-f6"/>
      </symbol>
      <symbol id="sm-391">
         <name>_SysCtrlRegs</name>
         <value>0x7010</value>
         <object_component_ref idref="oc-107"/>
      </symbol>
      <symbol id="sm-392">
         <name>_EPwm5Regs</name>
         <value>0x6900</value>
         <object_component_ref idref="oc-10d"/>
      </symbol>
      <symbol id="sm-393">
         <name>_SpiaRegs</name>
         <value>0x7040</value>
         <object_component_ref idref="oc-f8"/>
      </symbol>
      <symbol id="sm-394">
         <name>_ECanaMOTSRegs</name>
         <value>0x6080</value>
         <object_component_ref idref="oc-119"/>
      </symbol>
      <symbol id="sm-395">
         <name>_ECap6Regs</name>
         <value>0x6aa0</value>
         <object_component_ref idref="oc-109"/>
      </symbol>
      <symbol id="sm-396">
         <name>_DmaRegs</name>
         <value>0x1000</value>
         <object_component_ref idref="oc-11f"/>
      </symbol>
      <symbol id="sm-397">
         <name>_FlashRegs</name>
         <value>0xa80</value>
         <object_component_ref idref="oc-f4"/>
      </symbol>
      <symbol id="sm-398">
         <name>_CpuTimer0Regs</name>
         <value>0xc00</value>
         <object_component_ref idref="oc-f5"/>
      </symbol>
      <symbol id="sm-399">
         <name>_DevEmuRegs</name>
         <value>0x880</value>
         <object_component_ref idref="oc-11e"/>
      </symbol>
      <symbol id="sm-39a">
         <name>_McbspbRegs</name>
         <value>0x5040</value>
         <object_component_ref idref="oc-111"/>
      </symbol>
      <symbol id="sm-39b">
         <name>_EPwm6Regs</name>
         <value>0x6940</value>
         <object_component_ref idref="oc-10e"/>
      </symbol>
      <symbol id="sm-39c">
         <name>_SciaRegs</name>
         <value>0x7050</value>
         <object_component_ref idref="oc-fb"/>
      </symbol>
      <symbol id="sm-39d">
         <name>_GpioDataRegs</name>
         <value>0x6fc0</value>
         <object_component_ref idref="oc-106"/>
      </symbol>
      <symbol id="sm-39e">
         <name>_CsmPwl</name>
         <value>0x33fff8</value>
         <object_component_ref idref="oc-f3"/>
      </symbol>
      <symbol id="sm-39f">
         <name>_AdcRegs</name>
         <value>0x7100</value>
         <object_component_ref idref="oc-100"/>
      </symbol>
      <symbol id="sm-3a0">
         <name>_XIntruptRegs</name>
         <value>0x7070</value>
         <object_component_ref idref="oc-fe"/>
      </symbol>
      <symbol id="sm-3a1">
         <name>_CpuTimer2Regs</name>
         <value>0xc10</value>
         <object_component_ref idref="oc-f2"/>
      </symbol>
      <symbol id="sm-3a2">
         <name>_PieCtrlRegs</name>
         <value>0xce0</value>
         <object_component_ref idref="oc-ff"/>
      </symbol>
      <symbol id="sm-3a3">
         <name>_ECanbMOTSRegs</name>
         <value>0x6280</value>
         <object_component_ref idref="oc-117"/>
      </symbol>
      <symbol id="sm-3a4">
         <name>_ECanaRegs</name>
         <value>0x6000</value>
         <object_component_ref idref="oc-114"/>
      </symbol>
      <symbol id="sm-3a5">
         <name>_AdcMirror</name>
         <value>0xb00</value>
         <object_component_ref idref="oc-fd"/>
      </symbol>
      <symbol id="sm-3a6">
         <name>_ECanbMboxes</name>
         <value>0x6300</value>
         <object_component_ref idref="oc-120"/>
      </symbol>
      <symbol id="sm-3a7">
         <name>_XintfRegs</name>
         <value>0xb20</value>
         <object_component_ref idref="oc-101"/>
      </symbol>
      <symbol id="sm-3a8">
         <name>_ScicRegs</name>
         <value>0x7770</value>
         <object_component_ref idref="oc-fa"/>
      </symbol>
      <symbol id="sm-3a9">
         <name>_ECap1Regs</name>
         <value>0x6a00</value>
         <object_component_ref idref="oc-104"/>
      </symbol>
      <symbol id="sm-3aa">
         <name>_EQep1Regs</name>
         <value>0x6b00</value>
         <object_component_ref idref="oc-11b"/>
      </symbol>
      <symbol id="sm-3ab">
         <name>_McbspaRegs</name>
         <value>0x5000</value>
         <object_component_ref idref="oc-112"/>
      </symbol>
      <symbol id="sm-3ac">
         <name>_EPwm1Regs</name>
         <value>0x6800</value>
         <object_component_ref idref="oc-10f"/>
      </symbol>
      <symbol id="sm-3ad">
         <name>_ECanbRegs</name>
         <value>0x6200</value>
         <object_component_ref idref="oc-115"/>
      </symbol>
      <symbol id="sm-3ae">
         <name>_ScibRegs</name>
         <value>0x7750</value>
         <object_component_ref idref="oc-f9"/>
      </symbol>
      <symbol id="sm-3af">
         <name>_ECap2Regs</name>
         <value>0x6a20</value>
         <object_component_ref idref="oc-105"/>
      </symbol>
      <symbol id="sm-3b0">
         <name>_GpioIntRegs</name>
         <value>0x6fe0</value>
         <object_component_ref idref="oc-f7"/>
      </symbol>
      <symbol id="sm-3b1">
         <name>_EQep2Regs</name>
         <value>0x6b40</value>
         <object_component_ref idref="oc-11c"/>
      </symbol>
      <symbol id="sm-3b2">
         <name>_PartIdRegs</name>
         <value>0x380090</value>
         <object_component_ref idref="oc-f1"/>
      </symbol>
      <symbol id="sm-3b3">
         <name>_EPwm2Regs</name>
         <value>0x6840</value>
         <object_component_ref idref="oc-10a"/>
      </symbol>
      <symbol id="sm-3b4">
         <name>_ECanaMboxes</name>
         <value>0x6100</value>
         <object_component_ref idref="oc-121"/>
      </symbol>
      <symbol id="sm-3b5">
         <name>_ECap3Regs</name>
         <value>0x6a40</value>
         <object_component_ref idref="oc-102"/>
      </symbol>
      <symbol id="sm-3b6">
         <name>_ECanaMOTORegs</name>
         <value>0x60c0</value>
         <object_component_ref idref="oc-116"/>
      </symbol>
      <symbol id="sm-3b7">
         <name>_EPwm3Regs</name>
         <value>0x6880</value>
         <object_component_ref idref="oc-10b"/>
      </symbol>
      <symbol id="sm-3b8">
         <name>_ECanbLAMRegs</name>
         <value>0x6240</value>
         <object_component_ref idref="oc-11d"/>
      </symbol>
      <symbol id="sm-3b9">
         <name>_I2caRegs</name>
         <value>0x7900</value>
         <object_component_ref idref="oc-10c"/>
      </symbol>
      <symbol id="sm-3ee">
         <name>_InitPieCtrl</name>
         <value>0x338e6f</value>
         <object_component_ref idref="oc-215"/>
      </symbol>
      <symbol id="sm-3ef">
         <name>_EnableInterrupts</name>
         <value>0x338e8e</value>
         <object_component_ref idref="oc-215"/>
      </symbol>
      <symbol id="sm-400">
         <name>_PieVectTableInit</name>
         <value>0x338f70</value>
         <object_component_ref idref="oc-21a"/>
      </symbol>
      <symbol id="sm-401">
         <name>_InitPieVectTable</name>
         <value>0x338f3e</value>
         <object_component_ref idref="oc-216"/>
      </symbol>
      <symbol id="sm-429">
         <name>_InitPll</name>
         <value>0x3388cc</value>
         <object_component_ref idref="oc-214"/>
      </symbol>
      <symbol id="sm-42a">
         <name>_DisableDog</name>
         <value>0x3388c4</value>
         <object_component_ref idref="oc-214"/>
      </symbol>
      <symbol id="sm-42b">
         <name>_InitPeripheralClocks</name>
         <value>0x338918</value>
         <object_component_ref idref="oc-214"/>
      </symbol>
      <symbol id="sm-42c">
         <name>_CsmUnlock</name>
         <value>0x338973</value>
         <object_component_ref idref="oc-214"/>
      </symbol>
      <symbol id="sm-42d">
         <name>_ServiceDog</name>
         <value>0x3388ba</value>
         <object_component_ref idref="oc-214"/>
      </symbol>
      <symbol id="sm-42e">
         <name>_InitSysCtrl</name>
         <value>0x3388b1</value>
         <object_component_ref idref="oc-214"/>
      </symbol>
      <symbol id="sm-444">
         <name>_DSP28x_usDelay</name>
         <value>0x82b1</value>
         <object_component_ref idref="oc-156"/>
      </symbol>
      <symbol id="sm-44c">
         <name>_FPUsinTable</name>
         <value>0x3febdc</value>
         <object_component_ref idref="oc-15b"/>
      </symbol>
      <symbol id="sm-44d">
         <name>_FPUatan2HalfPITable</name>
         <value>0x3ff0de</value>
         <object_component_ref idref="oc-15b"/>
      </symbol>
      <symbol id="sm-44e">
         <name>_FPUatan2Table</name>
         <value>0x3ff0e2</value>
         <object_component_ref idref="oc-15b"/>
      </symbol>
      <symbol id="sm-44f">
         <name>_FPUatan2TableEnd</name>
         <value>0x3ff268</value>
         <object_component_ref idref="oc-15b"/>
      </symbol>
      <symbol id="sm-450">
         <name>_FPUcosTableEnd</name>
         <value>0x3ff0de</value>
         <object_component_ref idref="oc-15b"/>
      </symbol>
      <symbol id="sm-451">
         <name>_FPUcosTable</name>
         <value>0x3fecdc</value>
         <object_component_ref idref="oc-15b"/>
      </symbol>
      <symbol id="sm-452">
         <name>_FPUsinTableEnd</name>
         <value>0x3fefdc</value>
         <object_component_ref idref="oc-15b"/>
      </symbol>
      <symbol id="sm-491">
         <name>_PARK_F_init</name>
         <value>0x338d7a</value>
         <object_component_ref idref="oc-211"/>
      </symbol>
      <symbol id="sm-492">
         <name>_PARK_F_FUNC</name>
         <value>0x338d8b</value>
         <object_component_ref idref="oc-211"/>
      </symbol>
      <symbol id="sm-4ee">
         <name>_atan2</name>
         <value>0x338bcf</value>
         <object_component_ref idref="oc-1a2"/>
      </symbol>
      <symbol id="sm-4fa">
         <name>_atan</name>
         <value>0x338c1e</value>
         <object_component_ref idref="oc-1a7"/>
      </symbol>
      <symbol id="sm-506">
         <name>_cos</name>
         <value>0x338db3</value>
         <object_component_ref idref="oc-1ac"/>
      </symbol>
      <symbol id="sm-512">
         <name>FS$$DIV</name>
         <value>0x338f0c</value>
         <object_component_ref idref="oc-1b1"/>
      </symbol>
      <symbol id="sm-532">
         <name>_isqrt</name>
         <value>0x338ed6</value>
         <object_component_ref idref="oc-1c0"/>
      </symbol>
      <symbol id="sm-53e">
         <name>_sin</name>
         <value>0x338de7</value>
         <object_component_ref idref="oc-1c5"/>
      </symbol>
      <symbol id="sm-54a">
         <name>_sincos</name>
         <value>0x338d37</value>
         <object_component_ref idref="oc-1ca"/>
      </symbol>
      <symbol id="sm-556">
         <name>_sqrt</name>
         <value>0x338e97</value>
         <object_component_ref idref="oc-1cf"/>
      </symbol>
      <symbol id="sm-573">
         <name>_c_int00</name>
         <value>0x338b25</value>
         <object_component_ref idref="oc-4c"/>
      </symbol>
      <symbol id="sm-574">
         <name>__stack</name>
         <value>0x400</value>
         <object_component_ref idref="oc-1d4"/>
      </symbol>
      <symbol id="sm-584">
         <name>__args_main</name>
         <value>0x338f25</value>
         <object_component_ref idref="oc-207"/>
      </symbol>
      <symbol id="sm-591">
         <name>__system_post_cinit</name>
         <value>0x338f6f</value>
         <object_component_ref idref="oc-206"/>
      </symbol>
      <symbol id="sm-59e">
         <name>__system_pre_init</name>
         <value>0x338f6d</value>
         <object_component_ref idref="oc-204"/>
      </symbol>
      <symbol id="sm-5b4">
         <name>_copy_in</name>
         <value>0x338c68</value>
         <object_component_ref idref="oc-205"/>
      </symbol>
      <symbol id="sm-5c3">
         <name>_ppcopy</name>
         <value>0x338ef2</value>
         <object_component_ref idref="oc-1ee"/>
      </symbol>
      <symbol id="sm-5c4">
         <name>_dpcopy</name>
         <value>0x338ef2</value>
         <object_component_ref idref="oc-1ee"/>
      </symbol>
      <symbol id="sm-5c5">
         <name>_pdcopy</name>
         <value>0x338ef2</value>
         <object_component_ref idref="oc-1ee"/>
      </symbol>
      <symbol id="sm-5c6">
         <name>_ddcopy</name>
         <value>0x338ef2</value>
         <object_component_ref idref="oc-1ee"/>
      </symbol>
      <symbol id="sm-5db">
         <name>C$$EXIT</name>
         <value>0x338e46</value>
         <object_component_ref idref="oc-208"/>
      </symbol>
      <symbol id="sm-5dc">
         <name>_exit</name>
         <value>0x338e48</value>
         <object_component_ref idref="oc-208"/>
      </symbol>
      <symbol id="sm-5dd">
         <name>___TI_cleanup_ptr</name>
         <value>0xc2b4</value>
         <object_component_ref idref="oc-1f5"/>
      </symbol>
      <symbol id="sm-5de">
         <name>___TI_enable_exit_profile_output</name>
         <value>0xc2b2</value>
         <object_component_ref idref="oc-1f5"/>
      </symbol>
      <symbol id="sm-5df">
         <name>_abort</name>
         <value>0x338e46</value>
         <object_component_ref idref="oc-208"/>
      </symbol>
      <symbol id="sm-5e0">
         <name>___TI_dtors_ptr</name>
         <value>0xc2b6</value>
         <object_component_ref idref="oc-1f5"/>
      </symbol>
      <symbol id="sm-5f5">
         <name>__unlock</name>
         <value>0xc2be</value>
         <object_component_ref idref="oc-21b"/>
      </symbol>
      <symbol id="sm-5f6">
         <name>__lock</name>
         <value>0xc2bc</value>
         <object_component_ref idref="oc-20e"/>
      </symbol>
      <symbol id="sm-5f7">
         <name>__register_lock</name>
         <value>0x338f56</value>
         <object_component_ref idref="oc-217"/>
      </symbol>
      <symbol id="sm-5f8">
         <name>__nop</name>
         <value>0x338f5a</value>
         <object_component_ref idref="oc-217"/>
      </symbol>
      <symbol id="sm-5f9">
         <name>__register_unlock</name>
         <value>0x338f52</value>
         <object_component_ref idref="oc-217"/>
      </symbol>
      <symbol id="sm-60b">
         <name>_memcpy</name>
         <value>0x338eb8</value>
         <object_component_ref idref="oc-213"/>
      </symbol>
   </symbol_table>
   <title>Link successful</title>
</link_info>
