<?xml version="1.0"?>
<link_info>
   <banner>TMS320C2000 Linker PC v16.9.3.LTS</banner>
   <copyright>Copyright (c) 1996-2017 Texas Instruments Incorporated</copyright>
   <link_time>0x5ac2eb8d</link_time>
   <link_errors>0x0</link_errors>
   <output_file>Three_Phase_Inverter_Base_dsp28335.out</output_file>
   <entry_point>
      <name>_c_int00</name>
      <address>0x338cbf</address>
   </entry_point>
   <input_file_list>
      <input_file id="fl-3">
         <path>.\</path>
         <kind>object</kind>
         <file>TPVSI_DSP28335_INT.obj</file>
         <name>TPVSI_DSP28335_INT.obj</name>
      </input_file>
      <input_file id="fl-4">
         <path>.\</path>
         <kind>object</kind>
         <file>main.obj</file>
         <name>main.obj</name>
      </input_file>
      <input_file id="fl-5">
         <path>.\AAL\</path>
         <kind>object</kind>
         <file>TPVSI_DSP28335_AAL_Control.obj</file>
         <name>TPVSI_DSP28335_AAL_Control.obj</name>
      </input_file>
      <input_file id="fl-6">
         <path>.\AAL\</path>
         <kind>object</kind>
         <file>TPVSI_DSP28335_AAL_Math.obj</file>
         <name>TPVSI_DSP28335_AAL_Math.obj</name>
      </input_file>
      <input_file id="fl-7">
         <path>.\AAL\</path>
         <kind>object</kind>
         <file>TPVSI_DSP28335_AAL_PLL.obj</file>
         <name>TPVSI_DSP28335_AAL_PLL.obj</name>
      </input_file>
      <input_file id="fl-8">
         <path>.\AAL\</path>
         <kind>object</kind>
         <file>TPVSI_DSP28335_AAL_Trans.obj</file>
         <name>TPVSI_DSP28335_AAL_Trans.obj</name>
      </input_file>
      <input_file id="fl-9">
         <path>.\HAL\</path>
         <kind>object</kind>
         <file>TPVSI_DSP28335_BSP.obj</file>
         <name>TPVSI_DSP28335_BSP.obj</name>
      </input_file>
      <input_file id="fl-a">
         <path>.\HAL\</path>
         <kind>object</kind>
         <file>TPVSI_DSP28335_HAL.obj</file>
         <name>TPVSI_DSP28335_HAL.obj</name>
      </input_file>
      <input_file id="fl-b">
         <path>.\source\</path>
         <kind>object</kind>
         <file>ABC_DQ0_NEG_F.obj</file>
         <name>ABC_DQ0_NEG_F.obj</name>
      </input_file>
      <input_file id="fl-c">
         <path>.\source\</path>
         <kind>object</kind>
         <file>ABC_DQ0_POS_F.obj</file>
         <name>ABC_DQ0_POS_F.obj</name>
      </input_file>
      <input_file id="fl-d">
         <path>.\source\</path>
         <kind>object</kind>
         <file>CLARKE_F.obj</file>
         <name>CLARKE_F.obj</name>
      </input_file>
      <input_file id="fl-e">
         <path>.\source\</path>
         <kind>object</kind>
         <file>CNTL_2P2Z_F.obj</file>
         <name>CNTL_2P2Z_F.obj</name>
      </input_file>
      <input_file id="fl-f">
         <path>.\source\</path>
         <kind>object</kind>
         <file>CNTL_2P2Z_F_ASM.obj</file>
         <name>CNTL_2P2Z_F_ASM.obj</name>
      </input_file>
      <input_file id="fl-10">
         <path>.\source\</path>
         <kind>object</kind>
         <file>CNTL_3P3Z_F.obj</file>
         <name>CNTL_3P3Z_F.obj</name>
      </input_file>
      <input_file id="fl-11">
         <path>.\source\</path>
         <kind>object</kind>
         <file>CNTL_3P3Z_F_ASM.obj</file>
         <name>CNTL_3P3Z_F_ASM.obj</name>
      </input_file>
      <input_file id="fl-12">
         <path>.\source\</path>
         <kind>object</kind>
         <file>CNTL_PI_F.obj</file>
         <name>CNTL_PI_F.obj</name>
      </input_file>
      <input_file id="fl-13">
         <path>.\source\</path>
         <kind>object</kind>
         <file>DLOG_1CH_F.obj</file>
         <name>DLOG_1CH_F.obj</name>
      </input_file>
      <input_file id="fl-14">
         <path>.\source\</path>
         <kind>object</kind>
         <file>DLOG_4CH_F.obj</file>
         <name>DLOG_4CH_F.obj</name>
      </input_file>
      <input_file id="fl-15">
         <path>.\source\</path>
         <kind>object</kind>
         <file>DQ0_ABC_F.obj</file>
         <name>DQ0_ABC_F.obj</name>
      </input_file>
      <input_file id="fl-16">
         <path>.\source\</path>
         <kind>object</kind>
         <file>DSP2833x_ADC_cal.obj</file>
         <name>DSP2833x_ADC_cal.obj</name>
      </input_file>
      <input_file id="fl-17">
         <path>.\source\</path>
         <kind>object</kind>
         <file>DSP2833x_Adc.obj</file>
         <name>DSP2833x_Adc.obj</name>
      </input_file>
      <input_file id="fl-18">
         <path>.\source\</path>
         <kind>object</kind>
         <file>DSP2833x_CSMPasswords.obj</file>
         <name>DSP2833x_CSMPasswords.obj</name>
      </input_file>
      <input_file id="fl-19">
         <path>.\source\</path>
         <kind>object</kind>
         <file>DSP2833x_CodeStartBranch.obj</file>
         <name>DSP2833x_CodeStartBranch.obj</name>
      </input_file>
      <input_file id="fl-1a">
         <path>.\source\</path>
         <kind>object</kind>
         <file>DSP2833x_CpuTimers.obj</file>
         <name>DSP2833x_CpuTimers.obj</name>
      </input_file>
      <input_file id="fl-1b">
         <path>.\source\</path>
         <kind>object</kind>
         <file>DSP2833x_DBGIER.obj</file>
         <name>DSP2833x_DBGIER.obj</name>
      </input_file>
      <input_file id="fl-1c">
         <path>.\source\</path>
         <kind>object</kind>
         <file>DSP2833x_DMA.obj</file>
         <name>DSP2833x_DMA.obj</name>
      </input_file>
      <input_file id="fl-1d">
         <path>.\source\</path>
         <kind>object</kind>
         <file>DSP2833x_DefaultIsr.obj</file>
         <name>DSP2833x_DefaultIsr.obj</name>
      </input_file>
      <input_file id="fl-1e">
         <path>.\source\</path>
         <kind>object</kind>
         <file>DSP2833x_DisInt.obj</file>
         <name>DSP2833x_DisInt.obj</name>
      </input_file>
      <input_file id="fl-1f">
         <path>.\source\</path>
         <kind>object</kind>
         <file>DSP2833x_ECan.obj</file>
         <name>DSP2833x_ECan.obj</name>
      </input_file>
      <input_file id="fl-20">
         <path>.\source\</path>
         <kind>object</kind>
         <file>DSP2833x_ECap.obj</file>
         <name>DSP2833x_ECap.obj</name>
      </input_file>
      <input_file id="fl-21">
         <path>.\source\</path>
         <kind>object</kind>
         <file>DSP2833x_EPwm.obj</file>
         <name>DSP2833x_EPwm.obj</name>
      </input_file>
      <input_file id="fl-22">
         <path>.\source\</path>
         <kind>object</kind>
         <file>DSP2833x_EQep.obj</file>
         <name>DSP2833x_EQep.obj</name>
      </input_file>
      <input_file id="fl-23">
         <path>.\source\</path>
         <kind>object</kind>
         <file>DSP2833x_GlobalVariableDefs.obj</file>
         <name>DSP2833x_GlobalVariableDefs.obj</name>
      </input_file>
      <input_file id="fl-24">
         <path>.\source\</path>
         <kind>object</kind>
         <file>DSP2833x_Gpio.obj</file>
         <name>DSP2833x_Gpio.obj</name>
      </input_file>
      <input_file id="fl-25">
         <path>.\source\</path>
         <kind>object</kind>
         <file>DSP2833x_I2C.obj</file>
         <name>DSP2833x_I2C.obj</name>
      </input_file>
      <input_file id="fl-26">
         <path>.\source\</path>
         <kind>object</kind>
         <file>DSP2833x_Mcbsp.obj</file>
         <name>DSP2833x_Mcbsp.obj</name>
      </input_file>
      <input_file id="fl-27">
         <path>.\source\</path>
         <kind>object</kind>
         <file>DSP2833x_MemCopy.obj</file>
         <name>DSP2833x_MemCopy.obj</name>
      </input_file>
      <input_file id="fl-28">
         <path>.\source\</path>
         <kind>object</kind>
         <file>DSP2833x_PieCtrl.obj</file>
         <name>DSP2833x_PieCtrl.obj</name>
      </input_file>
      <input_file id="fl-29">
         <path>.\source\</path>
         <kind>object</kind>
         <file>DSP2833x_PieVect.obj</file>
         <name>DSP2833x_PieVect.obj</name>
      </input_file>
      <input_file id="fl-2a">
         <path>.\source\</path>
         <kind>object</kind>
         <file>DSP2833x_Sci.obj</file>
         <name>DSP2833x_Sci.obj</name>
      </input_file>
      <input_file id="fl-2b">
         <path>.\source\</path>
         <kind>object</kind>
         <file>DSP2833x_Spi.obj</file>
         <name>DSP2833x_Spi.obj</name>
      </input_file>
      <input_file id="fl-2c">
         <path>.\source\</path>
         <kind>object</kind>
         <file>DSP2833x_SysCtrl.obj</file>
         <name>DSP2833x_SysCtrl.obj</name>
      </input_file>
      <input_file id="fl-2d">
         <path>.\source\</path>
         <kind>object</kind>
         <file>DSP2833x_Xintf.obj</file>
         <name>DSP2833x_Xintf.obj</name>
      </input_file>
      <input_file id="fl-2e">
         <path>.\source\</path>
         <kind>object</kind>
         <file>DSP2833x_usDelay.obj</file>
         <name>DSP2833x_usDelay.obj</name>
      </input_file>
      <input_file id="fl-2f">
         <path>.\source\</path>
         <kind>object</kind>
         <file>FPUmathTables.obj</file>
         <name>FPUmathTables.obj</name>
      </input_file>
      <input_file id="fl-30">
         <path>.\source\</path>
         <kind>object</kind>
         <file>MATH_EMAVG_F.obj</file>
         <name>MATH_EMAVG_F.obj</name>
      </input_file>
      <input_file id="fl-31">
         <path>.\source\</path>
         <kind>object</kind>
         <file>MPPT_INCC_F.obj</file>
         <name>MPPT_INCC_F.obj</name>
      </input_file>
      <input_file id="fl-32">
         <path>.\source\</path>
         <kind>object</kind>
         <file>MPPT_INCC_I_F.obj</file>
         <name>MPPT_INCC_I_F.obj</name>
      </input_file>
      <input_file id="fl-33">
         <path>.\source\</path>
         <kind>object</kind>
         <file>MPPT_PNO_F.obj</file>
         <name>MPPT_PNO_F.obj</name>
      </input_file>
      <input_file id="fl-34">
         <path>.\source\</path>
         <kind>object</kind>
         <file>NOTCH_FLTR_F.obj</file>
         <name>NOTCH_FLTR_F.obj</name>
      </input_file>
      <input_file id="fl-35">
         <path>.\source\</path>
         <kind>object</kind>
         <file>PARK_F.obj</file>
         <name>PARK_F.obj</name>
      </input_file>
      <input_file id="fl-36">
         <path>.\source\</path>
         <kind>object</kind>
         <file>PID_GRANDO_F.obj</file>
         <name>PID_GRANDO_F.obj</name>
      </input_file>
      <input_file id="fl-37">
         <path>.\source\</path>
         <kind>object</kind>
         <file>RAMPGEN_F.obj</file>
         <name>RAMPGEN_F.obj</name>
      </input_file>
      <input_file id="fl-38">
         <path>.\source\</path>
         <kind>object</kind>
         <file>SINEANALYZER_DIFF_F.obj</file>
         <name>SINEANALYZER_DIFF_F.obj</name>
      </input_file>
      <input_file id="fl-39">
         <path>.\source\</path>
         <kind>object</kind>
         <file>SINEANALYZER_DIFF_wPWR_F.obj</file>
         <name>SINEANALYZER_DIFF_wPWR_F.obj</name>
      </input_file>
      <input_file id="fl-3a">
         <path>.\source\</path>
         <kind>object</kind>
         <file>SPLL_1ph_F.obj</file>
         <name>SPLL_1ph_F.obj</name>
      </input_file>
      <input_file id="fl-3b">
         <path>.\source\</path>
         <kind>object</kind>
         <file>SPLL_1ph_SOGI_F.obj</file>
         <name>SPLL_1ph_SOGI_F.obj</name>
      </input_file>
      <input_file id="fl-3c">
         <path>.\source\</path>
         <kind>object</kind>
         <file>SPLL_3PH_SRF_F.obj</file>
         <name>SPLL_3PH_SRF_F.obj</name>
      </input_file>
      <input_file id="fl-3d">
         <path>.\source\</path>
         <kind>object</kind>
         <file>SPLL_3ph_DDSRF_F.obj</file>
         <name>SPLL_3ph_DDSRF_F.obj</name>
      </input_file>
      <input_file id="fl-3e">
         <path>.\source\</path>
         <kind>object</kind>
         <file>atan2_f32.obj</file>
         <name>atan2_f32.obj</name>
      </input_file>
      <input_file id="fl-3f">
         <path>.\source\</path>
         <kind>object</kind>
         <file>atan_f32.obj</file>
         <name>atan_f32.obj</name>
      </input_file>
      <input_file id="fl-40">
         <path>.\source\</path>
         <kind>object</kind>
         <file>cos_f32.obj</file>
         <name>cos_f32.obj</name>
      </input_file>
      <input_file id="fl-41">
         <path>.\source\</path>
         <kind>object</kind>
         <file>div_f32.obj</file>
         <name>div_f32.obj</name>
      </input_file>
      <input_file id="fl-42">
         <path>.\source\</path>
         <kind>object</kind>
         <file>iCLARKE_F.obj</file>
         <name>iCLARKE_F.obj</name>
      </input_file>
      <input_file id="fl-43">
         <path>.\source\</path>
         <kind>object</kind>
         <file>iPARK_F.obj</file>
         <name>iPARK_F.obj</name>
      </input_file>
      <input_file id="fl-44">
         <path>.\source\</path>
         <kind>object</kind>
         <file>isqrt_f32.obj</file>
         <name>isqrt_f32.obj</name>
      </input_file>
      <input_file id="fl-45">
         <path>.\source\</path>
         <kind>object</kind>
         <file>sin_f32.obj</file>
         <name>sin_f32.obj</name>
      </input_file>
      <input_file id="fl-46">
         <path>.\source\</path>
         <kind>object</kind>
         <file>sincos_f32.obj</file>
         <name>sincos_f32.obj</name>
      </input_file>
      <input_file id="fl-47">
         <path>.\source\</path>
         <kind>object</kind>
         <file>sqrt_f32.obj</file>
         <name>sqrt_f32.obj</name>
      </input_file>
      <input_file id="fl-55">
         <kind>object</kind>
         <file>&lt;internal&gt;</file>
         <name>&lt;internal&gt;</name>
      </input_file>
      <input_file id="fl-63">
         <path>C:\ti\ccsv7\tools\compiler\ti-cgt-c2000_16.9.3.LTS\lib\</path>
         <kind>archive</kind>
         <file>rts2800_fpu32.lib</file>
         <name>boot28.obj</name>
      </input_file>
      <input_file id="fl-64">
         <path>C:\ti\ccsv7\tools\compiler\ti-cgt-c2000_16.9.3.LTS\lib\</path>
         <kind>archive</kind>
         <file>rts2800_fpu32.lib</file>
         <name>args_main.obj</name>
      </input_file>
      <input_file id="fl-65">
         <path>C:\ti\ccsv7\tools\compiler\ti-cgt-c2000_16.9.3.LTS\lib\</path>
         <kind>archive</kind>
         <file>rts2800_fpu32.lib</file>
         <name>startup.obj</name>
      </input_file>
      <input_file id="fl-66">
         <path>C:\ti\ccsv7\tools\compiler\ti-cgt-c2000_16.9.3.LTS\lib\</path>
         <kind>archive</kind>
         <file>rts2800_fpu32.lib</file>
         <name>pre_init.obj</name>
      </input_file>
      <input_file id="fl-67">
         <path>C:\ti\ccsv7\tools\compiler\ti-cgt-c2000_16.9.3.LTS\lib\</path>
         <kind>archive</kind>
         <file>rts2800_fpu32.lib</file>
         <name>cpy_tbl.obj</name>
      </input_file>
      <input_file id="fl-68">
         <path>C:\ti\ccsv7\tools\compiler\ti-cgt-c2000_16.9.3.LTS\lib\</path>
         <kind>archive</kind>
         <file>rts2800_fpu32.lib</file>
         <name>exit.obj</name>
      </input_file>
      <input_file id="fl-69">
         <path>C:\ti\ccsv7\tools\compiler\ti-cgt-c2000_16.9.3.LTS\lib\</path>
         <kind>archive</kind>
         <file>rts2800_fpu32.lib</file>
         <name>_lock.obj</name>
      </input_file>
      <input_file id="fl-6a">
         <path>C:\ti\ccsv7\tools\compiler\ti-cgt-c2000_16.9.3.LTS\lib\</path>
         <kind>archive</kind>
         <file>rts2800_fpu32.lib</file>
         <name>memcpy.obj</name>
      </input_file>
   </input_file_list>
   <object_component_list>
      <object_component id="oc-4e">
         <name>.cinit</name>
         <load_address>0x339240</load_address>
         <run_address>0x339240</run_address>
         <size>0xf</size>
         <input_file_ref idref="fl-3"/>
      </object_component>
      <object_component id="oc-1f6">
         <name>.cinit</name>
         <load_address>0x33924f</load_address>
         <run_address>0x33924f</run_address>
         <size>0xe</size>
         <input_file_ref idref="fl-68"/>
      </object_component>
      <object_component id="oc-6d">
         <name>.cinit</name>
         <load_address>0x33925d</load_address>
         <run_address>0x33925d</run_address>
         <size>0x9</size>
         <input_file_ref idref="fl-8"/>
      </object_component>
      <object_component id="oc-213">
         <name>.cinit:__lock</name>
         <load_address>0x339266</load_address>
         <run_address>0x339266</run_address>
         <size>0x5</size>
         <input_file_ref idref="fl-69"/>
      </object_component>
      <object_component id="oc-21c">
         <name>.cinit:__unlock</name>
         <load_address>0x33926b</load_address>
         <run_address>0x33926b</run_address>
         <size>0x5</size>
         <input_file_ref idref="fl-69"/>
      </object_component>
      <object_component id="oc-222">
         <name>.text</name>
         <load_address>0x338000</load_address>
         <run_address>0x338000</run_address>
         <size>0x383</size>
         <input_file_ref idref="fl-1c"/>
      </object_component>
      <object_component id="oc-d9">
         <name>.text:retain</name>
         <load_address>0x338383</load_address>
         <run_address>0x338383</run_address>
         <size>0x316</size>
         <input_file_ref idref="fl-1d"/>
      </object_component>
      <object_component id="oc-21e">
         <name>.text</name>
         <load_address>0x338699</load_address>
         <run_address>0x338699</run_address>
         <size>0x2cc</size>
         <input_file_ref idref="fl-9"/>
      </object_component>
      <object_component id="oc-218">
         <name>.text</name>
         <load_address>0x338965</load_address>
         <run_address>0x338965</run_address>
         <size>0x110</size>
         <input_file_ref idref="fl-a"/>
      </object_component>
      <object_component id="oc-215">
         <name>.text</name>
         <load_address>0x338a75</load_address>
         <run_address>0x338a75</run_address>
         <size>0xfe</size>
         <input_file_ref idref="fl-2c"/>
      </object_component>
      <object_component id="oc-21a">
         <name>.text</name>
         <load_address>0x338b73</load_address>
         <run_address>0x338b73</run_address>
         <size>0xac</size>
         <input_file_ref idref="fl-5"/>
      </object_component>
      <object_component id="oc-214">
         <name>.text</name>
         <load_address>0x338c1f</load_address>
         <run_address>0x338c1f</run_address>
         <size>0xa0</size>
         <input_file_ref idref="fl-3c"/>
      </object_component>
      <object_component id="oc-4c">
         <name>.text</name>
         <load_address>0x338cbf</load_address>
         <run_address>0x338cbf</run_address>
         <size>0x56</size>
         <input_file_ref idref="fl-63"/>
      </object_component>
      <object_component id="oc-9d">
         <name>.text</name>
         <load_address>0x338d15</load_address>
         <run_address>0x338d15</run_address>
         <size>0x54</size>
         <input_file_ref idref="fl-11"/>
      </object_component>
      <object_component id="oc-1a9">
         <name>.text</name>
         <load_address>0x338d69</load_address>
         <run_address>0x338d69</run_address>
         <size>0x4f</size>
         <input_file_ref idref="fl-3e"/>
      </object_component>
      <object_component id="oc-21f">
         <name>.text</name>
         <load_address>0x338db8</load_address>
         <run_address>0x338db8</run_address>
         <size>0x4d</size>
         <input_file_ref idref="fl-d"/>
      </object_component>
      <object_component id="oc-1ae">
         <name>.text</name>
         <load_address>0x338e05</load_address>
         <run_address>0x338e05</run_address>
         <size>0x4a</size>
         <input_file_ref idref="fl-3f"/>
      </object_component>
      <object_component id="oc-220">
         <name>.text</name>
         <load_address>0x338e4f</load_address>
         <run_address>0x338e4f</run_address>
         <size>0x48</size>
         <input_file_ref idref="fl-35"/>
      </object_component>
      <object_component id="oc-219">
         <name>.text</name>
         <load_address>0x338e97</load_address>
         <run_address>0x338e97</run_address>
         <size>0x47</size>
         <input_file_ref idref="fl-8"/>
      </object_component>
      <object_component id="oc-93">
         <name>.text</name>
         <load_address>0x338ede</load_address>
         <run_address>0x338ede</run_address>
         <size>0x44</size>
         <input_file_ref idref="fl-f"/>
      </object_component>
      <object_component id="oc-1d1">
         <name>.text</name>
         <load_address>0x338f22</load_address>
         <run_address>0x338f22</run_address>
         <size>0x43</size>
         <input_file_ref idref="fl-46"/>
      </object_component>
      <object_component id="oc-1b3">
         <name>.text</name>
         <load_address>0x338f65</load_address>
         <run_address>0x338f65</run_address>
         <size>0x34</size>
         <input_file_ref idref="fl-40"/>
      </object_component>
      <object_component id="oc-1cc">
         <name>.text</name>
         <load_address>0x338f99</load_address>
         <run_address>0x338f99</run_address>
         <size>0x34</size>
         <input_file_ref idref="fl-45"/>
      </object_component>
      <object_component id="oc-211">
         <name>.text</name>
         <load_address>0x338fcd</load_address>
         <run_address>0x338fcd</run_address>
         <size>0x31</size>
         <input_file_ref idref="fl-4"/>
      </object_component>
      <object_component id="oc-20a">
         <name>.text</name>
         <load_address>0x338ffe</load_address>
         <run_address>0x338ffe</run_address>
         <size>0x29</size>
         <input_file_ref idref="fl-68"/>
      </object_component>
      <object_component id="oc-216">
         <name>.text</name>
         <load_address>0x339027</load_address>
         <run_address>0x339027</run_address>
         <size>0x28</size>
         <input_file_ref idref="fl-28"/>
      </object_component>
      <object_component id="oc-207">
         <name>.text</name>
         <load_address>0x33904f</load_address>
         <run_address>0x33904f</run_address>
         <size>0x24</size>
         <input_file_ref idref="fl-67"/>
      </object_component>
      <object_component id="oc-1d6">
         <name>.text</name>
         <load_address>0x339073</load_address>
         <run_address>0x339073</run_address>
         <size>0x21</size>
         <input_file_ref idref="fl-47"/>
      </object_component>
      <object_component id="oc-210">
         <name>.text</name>
         <load_address>0x339094</load_address>
         <run_address>0x339094</run_address>
         <size>0x1e</size>
         <input_file_ref idref="fl-6a"/>
      </object_component>
      <object_component id="oc-1c7">
         <name>.text</name>
         <load_address>0x3390b2</load_address>
         <run_address>0x3390b2</run_address>
         <size>0x1c</size>
         <input_file_ref idref="fl-44"/>
      </object_component>
      <object_component id="oc-1b8">
         <name>.text</name>
         <load_address>0x3390ce</load_address>
         <run_address>0x3390ce</run_address>
         <size>0x19</size>
         <input_file_ref idref="fl-41"/>
      </object_component>
      <object_component id="oc-209">
         <name>.text</name>
         <load_address>0x3390e7</load_address>
         <run_address>0x3390e7</run_address>
         <size>0x19</size>
         <input_file_ref idref="fl-64"/>
      </object_component>
      <object_component id="oc-217">
         <name>.text</name>
         <load_address>0x339100</load_address>
         <run_address>0x339100</run_address>
         <size>0x12</size>
         <input_file_ref idref="fl-29"/>
      </object_component>
      <object_component id="oc-20d">
         <name>.text</name>
         <load_address>0x339112</load_address>
         <run_address>0x339112</run_address>
         <size>0xf</size>
         <input_file_ref idref="fl-7"/>
      </object_component>
      <object_component id="oc-21b">
         <name>.text</name>
         <load_address>0x339121</load_address>
         <run_address>0x339121</run_address>
         <size>0x9</size>
         <input_file_ref idref="fl-69"/>
      </object_component>
      <object_component id="oc-c2">
         <name>.text</name>
         <load_address>0x33912a</load_address>
         <run_address>0x33912a</run_address>
         <size>0x8</size>
         <input_file_ref idref="fl-19"/>
      </object_component>
      <object_component id="oc-de">
         <name>.text</name>
         <load_address>0x339132</load_address>
         <run_address>0x339132</run_address>
         <size>0x7</size>
         <input_file_ref idref="fl-1e"/>
      </object_component>
      <object_component id="oc-ce">
         <name>.text</name>
         <load_address>0x339139</load_address>
         <run_address>0x339139</run_address>
         <size>0x3</size>
         <input_file_ref idref="fl-1b"/>
      </object_component>
      <object_component id="oc-206">
         <name>.text</name>
         <load_address>0x33913c</load_address>
         <run_address>0x33913c</run_address>
         <size>0x2</size>
         <input_file_ref idref="fl-66"/>
      </object_component>
      <object_component id="oc-208">
         <name>.text</name>
         <load_address>0x33913e</load_address>
         <run_address>0x33913e</run_address>
         <size>0x1</size>
         <input_file_ref idref="fl-65"/>
      </object_component>
      <object_component id="oc-c3">
         <name>codestart</name>
         <load_address>0x33fff6</load_address>
         <run_address>0x33fff6</run_address>
         <size>0x2</size>
         <input_file_ref idref="fl-19"/>
      </object_component>
      <object_component id="oc-20c">
         <name>ramfuncs</name>
         <load_address>0x320000</load_address>
         <run_address>0x8000</run_address>
         <size>0x1b3</size>
         <input_file_ref idref="fl-8"/>
      </object_component>
      <object_component id="oc-50">
         <name>ramfuncs:retain</name>
         <load_address>0x3201b3</load_address>
         <run_address>0x81b3</run_address>
         <size>0x110</size>
         <input_file_ref idref="fl-3"/>
      </object_component>
      <object_component id="oc-20b">
         <name>ramfuncs</name>
         <load_address>0x3202c3</load_address>
         <run_address>0x82c3</run_address>
         <size>0xaf</size>
         <input_file_ref idref="fl-a"/>
      </object_component>
      <object_component id="oc-20f">
         <name>ramfuncs</name>
         <load_address>0x320372</load_address>
         <run_address>0x8372</run_address>
         <size>0xae</size>
         <input_file_ref idref="fl-5"/>
      </object_component>
      <object_component id="oc-20e">
         <name>ramfuncs</name>
         <load_address>0x320420</load_address>
         <run_address>0x8420</run_address>
         <size>0x61</size>
         <input_file_ref idref="fl-7"/>
      </object_component>
      <object_component id="oc-15d">
         <name>ramfuncs</name>
         <load_address>0x320481</load_address>
         <run_address>0x8481</run_address>
         <size>0x4</size>
         <input_file_ref idref="fl-2e"/>
      </object_component>
      <object_component id="oc-c0">
         <name>csmpasswds</name>
         <load_address>0x33fff8</load_address>
         <run_address>0x33fff8</run_address>
         <size>0x8</size>
         <input_file_ref idref="fl-18"/>
      </object_component>
      <object_component id="oc-c1">
         <name>csm_rsvd</name>
         <load_address>0x33ff80</load_address>
         <run_address>0x33ff80</run_address>
         <size>0x76</size>
         <input_file_ref idref="fl-18"/>
      </object_component>
      <object_component id="oc-1db">
         <name>.stack</name>
         <uninitialized>true</uninitialized>
         <run_address>0x400</run_address>
         <size>0x0</size>
         <input_file_ref idref="fl-63"/>
      </object_component>
      <object_component id="oc-278">
         <name>.stack</name>
         <uninitialized>true</uninitialized>
         <run_address>0x400</run_address>
         <size>0x0</size>
      </object_component>
      <object_component id="oc-4f">
         <name>.ebss</name>
         <uninitialized>true</uninitialized>
         <run_address>0xc3b8</run_address>
         <size>0x6</size>
         <input_file_ref idref="fl-3"/>
      </object_component>
      <object_component id="oc-5b">
         <name>.ebss</name>
         <uninitialized>true</uninitialized>
         <run_address>0xc30c</run_address>
         <size>0x30</size>
         <input_file_ref idref="fl-5"/>
      </object_component>
      <object_component id="oc-61">
         <name>.ebss</name>
         <uninitialized>true</uninitialized>
         <run_address>0xc33c</run_address>
         <size>0x2</size>
         <input_file_ref idref="fl-6"/>
      </object_component>
      <object_component id="oc-67">
         <name>.ebss</name>
         <uninitialized>true</uninitialized>
         <run_address>0xc3d8</run_address>
         <size>0x18</size>
         <input_file_ref idref="fl-7"/>
      </object_component>
      <object_component id="oc-6e">
         <name>.ebss</name>
         <uninitialized>true</uninitialized>
         <run_address>0xc000</run_address>
         <size>0x30c</size>
         <input_file_ref idref="fl-8"/>
      </object_component>
      <object_component id="oc-74">
         <name>.ebss</name>
         <uninitialized>true</uninitialized>
         <run_address>0xc3f0</run_address>
         <size>0xe</size>
         <input_file_ref idref="fl-9"/>
      </object_component>
      <object_component id="oc-7a">
         <name>.ebss</name>
         <uninitialized>true</uninitialized>
         <run_address>0xc340</run_address>
         <size>0x78</size>
         <input_file_ref idref="fl-a"/>
      </object_component>
      <object_component id="oc-c9">
         <name>.ebss</name>
         <uninitialized>true</uninitialized>
         <run_address>0xc3c0</run_address>
         <size>0x18</size>
         <input_file_ref idref="fl-1a"/>
      </object_component>
      <object_component id="oc-1f7">
         <name>.ebss</name>
         <uninitialized>true</uninitialized>
         <run_address>0xc400</run_address>
         <size>0x6</size>
         <input_file_ref idref="fl-68"/>
      </object_component>
      <object_component id="oc-221">
         <name>.ebss:__unlock</name>
         <uninitialized>true</uninitialized>
         <run_address>0xc3be</run_address>
         <size>0x2</size>
         <input_file_ref idref="fl-69"/>
      </object_component>
      <object_component id="oc-212">
         <name>.ebss:__lock</name>
         <uninitialized>true</uninitialized>
         <run_address>0xc33e</run_address>
         <size>0x2</size>
         <input_file_ref idref="fl-69"/>
      </object_component>
      <object_component id="oc-21d">
         <name>.econst:_PieVectTableInit</name>
         <load_address>0x339140</load_address>
         <run_address>0x339140</run_address>
         <size>0x100</size>
         <input_file_ref idref="fl-29"/>
      </object_component>
      <object_component id="oc-162">
         <name>FPUmathTables</name>
         <load_address>0x3febdc</load_address>
         <run_address>0x3febdc</run_address>
         <size>0x6a0</size>
         <input_file_ref idref="fl-2f"/>
      </object_component>
      <object_component id="oc-1dc">
         <name>.reset</name>
         <load_address>0x3fffc0</load_address>
         <run_address>0x3fffc0</run_address>
         <size>0x2</size>
         <input_file_ref idref="fl-63"/>
      </object_component>
      <object_component id="oc-b6">
         <name>.adc_cal</name>
         <load_address>0x380080</load_address>
         <run_address>0x380080</run_address>
         <size>0x7</size>
         <input_file_ref idref="fl-16"/>
      </object_component>
      <object_component id="oc-129">
         <name>PieVectTableFile</name>
         <uninitialized>true</uninitialized>
         <run_address>0xd00</run_address>
         <size>0x100</size>
         <input_file_ref idref="fl-23"/>
      </object_component>
      <object_component id="oc-125">
         <name>DevEmuRegsFile</name>
         <uninitialized>true</uninitialized>
         <run_address>0x880</run_address>
         <size>0xd0</size>
         <input_file_ref idref="fl-23"/>
      </object_component>
      <object_component id="oc-fb">
         <name>FlashRegsFile</name>
         <uninitialized>true</uninitialized>
         <run_address>0xa80</run_address>
         <size>0x8</size>
         <input_file_ref idref="fl-23"/>
      </object_component>
      <object_component id="oc-103">
         <name>CsmRegsFile</name>
         <uninitialized>true</uninitialized>
         <run_address>0xae0</run_address>
         <size>0x10</size>
         <input_file_ref idref="fl-23"/>
      </object_component>
      <object_component id="oc-104">
         <name>AdcMirrorFile</name>
         <uninitialized>true</uninitialized>
         <run_address>0xb00</run_address>
         <size>0x10</size>
         <input_file_ref idref="fl-23"/>
      </object_component>
      <object_component id="oc-108">
         <name>XintfRegsFile</name>
         <uninitialized>true</uninitialized>
         <run_address>0xb20</run_address>
         <size>0x1e</size>
         <input_file_ref idref="fl-23"/>
      </object_component>
      <object_component id="oc-fc">
         <name>CpuTimer0RegsFile</name>
         <uninitialized>true</uninitialized>
         <run_address>0xc00</run_address>
         <size>0x8</size>
         <input_file_ref idref="fl-23"/>
      </object_component>
      <object_component id="oc-fd">
         <name>CpuTimer1RegsFile</name>
         <uninitialized>true</uninitialized>
         <run_address>0xc08</run_address>
         <size>0x8</size>
         <input_file_ref idref="fl-23"/>
      </object_component>
      <object_component id="oc-f9">
         <name>CpuTimer2RegsFile</name>
         <uninitialized>true</uninitialized>
         <run_address>0xc10</run_address>
         <size>0x8</size>
         <input_file_ref idref="fl-23"/>
      </object_component>
      <object_component id="oc-106">
         <name>PieCtrlRegsFile</name>
         <uninitialized>true</uninitialized>
         <run_address>0xce0</run_address>
         <size>0x1a</size>
         <input_file_ref idref="fl-23"/>
      </object_component>
      <object_component id="oc-126">
         <name>DmaRegsFile</name>
         <uninitialized>true</uninitialized>
         <run_address>0x1000</run_address>
         <size>0xe0</size>
         <input_file_ref idref="fl-23"/>
      </object_component>
      <object_component id="oc-119">
         <name>McbspaRegsFile</name>
         <uninitialized>true</uninitialized>
         <run_address>0x5000</run_address>
         <size>0x25</size>
         <input_file_ref idref="fl-23"/>
      </object_component>
      <object_component id="oc-118">
         <name>McbspbRegsFile</name>
         <uninitialized>true</uninitialized>
         <run_address>0x5040</run_address>
         <size>0x25</size>
         <input_file_ref idref="fl-23"/>
      </object_component>
      <object_component id="oc-11b">
         <name>ECanaRegsFile</name>
         <uninitialized>true</uninitialized>
         <run_address>0x6000</run_address>
         <size>0x34</size>
         <input_file_ref idref="fl-23"/>
      </object_component>
      <object_component id="oc-11f">
         <name>ECanaLAMRegsFile</name>
         <uninitialized>true</uninitialized>
         <run_address>0x6040</run_address>
         <size>0x40</size>
         <input_file_ref idref="fl-23"/>
      </object_component>
      <object_component id="oc-128">
         <name>ECanaMboxesFile</name>
         <uninitialized>true</uninitialized>
         <run_address>0x6100</run_address>
         <size>0x100</size>
         <input_file_ref idref="fl-23"/>
      </object_component>
      <object_component id="oc-120">
         <name>ECanaMOTSRegsFile</name>
         <uninitialized>true</uninitialized>
         <run_address>0x6080</run_address>
         <size>0x40</size>
         <input_file_ref idref="fl-23"/>
      </object_component>
      <object_component id="oc-11d">
         <name>ECanaMOTORegsFile</name>
         <uninitialized>true</uninitialized>
         <run_address>0x60c0</run_address>
         <size>0x40</size>
         <input_file_ref idref="fl-23"/>
      </object_component>
      <object_component id="oc-11c">
         <name>ECanbRegsFile</name>
         <uninitialized>true</uninitialized>
         <run_address>0x6200</run_address>
         <size>0x34</size>
         <input_file_ref idref="fl-23"/>
      </object_component>
      <object_component id="oc-124">
         <name>ECanbLAMRegsFile</name>
         <uninitialized>true</uninitialized>
         <run_address>0x6240</run_address>
         <size>0x40</size>
         <input_file_ref idref="fl-23"/>
      </object_component>
      <object_component id="oc-127">
         <name>ECanbMboxesFile</name>
         <uninitialized>true</uninitialized>
         <run_address>0x6300</run_address>
         <size>0x100</size>
         <input_file_ref idref="fl-23"/>
      </object_component>
      <object_component id="oc-11e">
         <name>ECanbMOTSRegsFile</name>
         <uninitialized>true</uninitialized>
         <run_address>0x6280</run_address>
         <size>0x40</size>
         <input_file_ref idref="fl-23"/>
      </object_component>
      <object_component id="oc-121">
         <name>ECanbMOTORegsFile</name>
         <uninitialized>true</uninitialized>
         <run_address>0x62c0</run_address>
         <size>0x40</size>
         <input_file_ref idref="fl-23"/>
      </object_component>
      <object_component id="oc-116">
         <name>EPwm1RegsFile</name>
         <uninitialized>true</uninitialized>
         <run_address>0x6800</run_address>
         <size>0x22</size>
         <input_file_ref idref="fl-23"/>
      </object_component>
      <object_component id="oc-111">
         <name>EPwm2RegsFile</name>
         <uninitialized>true</uninitialized>
         <run_address>0x6840</run_address>
         <size>0x22</size>
         <input_file_ref idref="fl-23"/>
      </object_component>
      <object_component id="oc-112">
         <name>EPwm3RegsFile</name>
         <uninitialized>true</uninitialized>
         <run_address>0x6880</run_address>
         <size>0x22</size>
         <input_file_ref idref="fl-23"/>
      </object_component>
      <object_component id="oc-117">
         <name>EPwm4RegsFile</name>
         <uninitialized>true</uninitialized>
         <run_address>0x68c0</run_address>
         <size>0x22</size>
         <input_file_ref idref="fl-23"/>
      </object_component>
      <object_component id="oc-114">
         <name>EPwm5RegsFile</name>
         <uninitialized>true</uninitialized>
         <run_address>0x6900</run_address>
         <size>0x22</size>
         <input_file_ref idref="fl-23"/>
      </object_component>
      <object_component id="oc-115">
         <name>EPwm6RegsFile</name>
         <uninitialized>true</uninitialized>
         <run_address>0x6940</run_address>
         <size>0x22</size>
         <input_file_ref idref="fl-23"/>
      </object_component>
      <object_component id="oc-10b">
         <name>ECap1RegsFile</name>
         <uninitialized>true</uninitialized>
         <run_address>0x6a00</run_address>
         <size>0x20</size>
         <input_file_ref idref="fl-23"/>
      </object_component>
      <object_component id="oc-10c">
         <name>ECap2RegsFile</name>
         <uninitialized>true</uninitialized>
         <run_address>0x6a20</run_address>
         <size>0x20</size>
         <input_file_ref idref="fl-23"/>
      </object_component>
      <object_component id="oc-109">
         <name>ECap3RegsFile</name>
         <uninitialized>true</uninitialized>
         <run_address>0x6a40</run_address>
         <size>0x20</size>
         <input_file_ref idref="fl-23"/>
      </object_component>
      <object_component id="oc-10a">
         <name>ECap4RegsFile</name>
         <uninitialized>true</uninitialized>
         <run_address>0x6a60</run_address>
         <size>0x20</size>
         <input_file_ref idref="fl-23"/>
      </object_component>
      <object_component id="oc-10f">
         <name>ECap5RegsFile</name>
         <uninitialized>true</uninitialized>
         <run_address>0x6a80</run_address>
         <size>0x20</size>
         <input_file_ref idref="fl-23"/>
      </object_component>
      <object_component id="oc-110">
         <name>ECap6RegsFile</name>
         <uninitialized>true</uninitialized>
         <run_address>0x6aa0</run_address>
         <size>0x20</size>
         <input_file_ref idref="fl-23"/>
      </object_component>
      <object_component id="oc-122">
         <name>EQep1RegsFile</name>
         <uninitialized>true</uninitialized>
         <run_address>0x6b00</run_address>
         <size>0x40</size>
         <input_file_ref idref="fl-23"/>
      </object_component>
      <object_component id="oc-123">
         <name>EQep2RegsFile</name>
         <uninitialized>true</uninitialized>
         <run_address>0x6b40</run_address>
         <size>0x40</size>
         <input_file_ref idref="fl-23"/>
      </object_component>
      <object_component id="oc-11a">
         <name>GpioCtrlRegsFile</name>
         <uninitialized>true</uninitialized>
         <run_address>0x6f80</run_address>
         <size>0x2e</size>
         <input_file_ref idref="fl-23"/>
      </object_component>
      <object_component id="oc-10d">
         <name>GpioDataRegsFile</name>
         <uninitialized>true</uninitialized>
         <run_address>0x6fc0</run_address>
         <size>0x20</size>
         <input_file_ref idref="fl-23"/>
      </object_component>
      <object_component id="oc-fe">
         <name>GpioIntRegsFile</name>
         <uninitialized>true</uninitialized>
         <run_address>0x6fe0</run_address>
         <size>0xa</size>
         <input_file_ref idref="fl-23"/>
      </object_component>
      <object_component id="oc-10e">
         <name>SysCtrlRegsFile</name>
         <uninitialized>true</uninitialized>
         <run_address>0x7010</run_address>
         <size>0x20</size>
         <input_file_ref idref="fl-23"/>
      </object_component>
      <object_component id="oc-ff">
         <name>SpiaRegsFile</name>
         <uninitialized>true</uninitialized>
         <run_address>0x7040</run_address>
         <size>0x10</size>
         <input_file_ref idref="fl-23"/>
      </object_component>
      <object_component id="oc-102">
         <name>SciaRegsFile</name>
         <uninitialized>true</uninitialized>
         <run_address>0x7050</run_address>
         <size>0x10</size>
         <input_file_ref idref="fl-23"/>
      </object_component>
      <object_component id="oc-105">
         <name>XIntruptRegsFile</name>
         <uninitialized>true</uninitialized>
         <run_address>0x7070</run_address>
         <size>0x10</size>
         <input_file_ref idref="fl-23"/>
      </object_component>
      <object_component id="oc-107">
         <name>AdcRegsFile</name>
         <uninitialized>true</uninitialized>
         <run_address>0x7100</run_address>
         <size>0x1e</size>
         <input_file_ref idref="fl-23"/>
      </object_component>
      <object_component id="oc-100">
         <name>ScibRegsFile</name>
         <uninitialized>true</uninitialized>
         <run_address>0x7750</run_address>
         <size>0x10</size>
         <input_file_ref idref="fl-23"/>
      </object_component>
      <object_component id="oc-101">
         <name>ScicRegsFile</name>
         <uninitialized>true</uninitialized>
         <run_address>0x7770</run_address>
         <size>0x10</size>
         <input_file_ref idref="fl-23"/>
      </object_component>
      <object_component id="oc-113">
         <name>I2caRegsFile</name>
         <uninitialized>true</uninitialized>
         <run_address>0x7900</run_address>
         <size>0x22</size>
         <input_file_ref idref="fl-23"/>
      </object_component>
      <object_component id="oc-fa">
         <name>CsmPwlFile</name>
         <uninitialized>true</uninitialized>
         <run_address>0x33fff8</run_address>
         <size>0x8</size>
         <input_file_ref idref="fl-23"/>
      </object_component>
      <object_component id="oc-f8">
         <name>PartIdRegsFile</name>
         <uninitialized>true</uninitialized>
         <run_address>0x380090</run_address>
         <size>0x1</size>
         <input_file_ref idref="fl-23"/>
      </object_component>
      <object_component id="oc-4d">
         <name>.debug_info</name>
         <load_address>0x0</load_address>
         <run_address>0x0</run_address>
         <size>0x34e8</size>
         <input_file_ref idref="fl-3"/>
      </object_component>
      <object_component id="oc-55">
         <name>.debug_info</name>
         <load_address>0x34e8</load_address>
         <run_address>0x34e8</run_address>
         <size>0x1bea</size>
         <input_file_ref idref="fl-4"/>
      </object_component>
      <object_component id="oc-5a">
         <name>.debug_info</name>
         <load_address>0x50d2</load_address>
         <run_address>0x50d2</run_address>
         <size>0xe49</size>
         <input_file_ref idref="fl-5"/>
      </object_component>
      <object_component id="oc-60">
         <name>.debug_info</name>
         <load_address>0x5f1b</load_address>
         <run_address>0x5f1b</run_address>
         <size>0x36c</size>
         <input_file_ref idref="fl-6"/>
      </object_component>
      <object_component id="oc-66">
         <name>.debug_info</name>
         <load_address>0x6287</load_address>
         <run_address>0x6287</run_address>
         <size>0x9f5</size>
         <input_file_ref idref="fl-7"/>
      </object_component>
      <object_component id="oc-6c">
         <name>.debug_info</name>
         <load_address>0x6c7c</load_address>
         <run_address>0x6c7c</run_address>
         <size>0x10cb</size>
         <input_file_ref idref="fl-8"/>
      </object_component>
      <object_component id="oc-73">
         <name>.debug_info</name>
         <load_address>0x7d47</load_address>
         <run_address>0x7d47</run_address>
         <size>0x60b8</size>
         <input_file_ref idref="fl-9"/>
      </object_component>
      <object_component id="oc-79">
         <name>.debug_info</name>
         <load_address>0xddff</load_address>
         <run_address>0xddff</run_address>
         <size>0x3f51</size>
         <input_file_ref idref="fl-a"/>
      </object_component>
      <object_component id="oc-7f">
         <name>.debug_info</name>
         <load_address>0x11d50</load_address>
         <run_address>0x11d50</run_address>
         <size>0x436</size>
         <input_file_ref idref="fl-b"/>
      </object_component>
      <object_component id="oc-84">
         <name>.debug_info</name>
         <load_address>0x12186</load_address>
         <run_address>0x12186</run_address>
         <size>0x436</size>
         <input_file_ref idref="fl-c"/>
      </object_component>
      <object_component id="oc-89">
         <name>.debug_info</name>
         <load_address>0x125bc</load_address>
         <run_address>0x125bc</run_address>
         <size>0x4e4</size>
         <input_file_ref idref="fl-d"/>
      </object_component>
      <object_component id="oc-8e">
         <name>.debug_info</name>
         <load_address>0x12aa0</load_address>
         <run_address>0x12aa0</run_address>
         <size>0x529</size>
         <input_file_ref idref="fl-e"/>
      </object_component>
      <object_component id="oc-94">
         <name>.debug_info</name>
         <load_address>0x12fc9</load_address>
         <run_address>0x12fc9</run_address>
         <size>0xf2</size>
         <input_file_ref idref="fl-f"/>
      </object_component>
      <object_component id="oc-98">
         <name>.debug_info</name>
         <load_address>0x130bb</load_address>
         <run_address>0x130bb</run_address>
         <size>0x58b</size>
         <input_file_ref idref="fl-10"/>
      </object_component>
      <object_component id="oc-9e">
         <name>.debug_info</name>
         <load_address>0x13646</load_address>
         <run_address>0x13646</run_address>
         <size>0xf2</size>
         <input_file_ref idref="fl-11"/>
      </object_component>
      <object_component id="oc-a2">
         <name>.debug_info</name>
         <load_address>0x13738</load_address>
         <run_address>0x13738</run_address>
         <size>0x45a</size>
         <input_file_ref idref="fl-12"/>
      </object_component>
      <object_component id="oc-a7">
         <name>.debug_info</name>
         <load_address>0x13b92</load_address>
         <run_address>0x13b92</run_address>
         <size>0x4a0</size>
         <input_file_ref idref="fl-13"/>
      </object_component>
      <object_component id="oc-ac">
         <name>.debug_info</name>
         <load_address>0x14032</load_address>
         <run_address>0x14032</run_address>
         <size>0x56a</size>
         <input_file_ref idref="fl-14"/>
      </object_component>
      <object_component id="oc-b1">
         <name>.debug_info</name>
         <load_address>0x1459c</load_address>
         <run_address>0x1459c</run_address>
         <size>0x42e</size>
         <input_file_ref idref="fl-15"/>
      </object_component>
      <object_component id="oc-b7">
         <name>.debug_info</name>
         <load_address>0x149ca</load_address>
         <run_address>0x149ca</run_address>
         <size>0xf4</size>
         <input_file_ref idref="fl-16"/>
      </object_component>
      <object_component id="oc-bb">
         <name>.debug_info</name>
         <load_address>0x14abe</load_address>
         <run_address>0x14abe</run_address>
         <size>0x1ea0</size>
         <input_file_ref idref="fl-17"/>
      </object_component>
      <object_component id="oc-c4">
         <name>.debug_info</name>
         <load_address>0x1695e</load_address>
         <run_address>0x1695e</run_address>
         <size>0x132</size>
         <input_file_ref idref="fl-19"/>
      </object_component>
      <object_component id="oc-c8">
         <name>.debug_info</name>
         <load_address>0x16a90</load_address>
         <run_address>0x16a90</run_address>
         <size>0x856</size>
         <input_file_ref idref="fl-1a"/>
      </object_component>
      <object_component id="oc-cf">
         <name>.debug_info</name>
         <load_address>0x172e6</load_address>
         <run_address>0x172e6</run_address>
         <size>0xf2</size>
         <input_file_ref idref="fl-1b"/>
      </object_component>
      <object_component id="oc-d3">
         <name>.debug_info</name>
         <load_address>0x173d8</load_address>
         <run_address>0x173d8</run_address>
         <size>0x404e</size>
         <input_file_ref idref="fl-1c"/>
      </object_component>
      <object_component id="oc-d8">
         <name>.debug_info</name>
         <load_address>0x1b426</load_address>
         <run_address>0x1b426</run_address>
         <size>0x246f</size>
         <input_file_ref idref="fl-1d"/>
      </object_component>
      <object_component id="oc-df">
         <name>.debug_info</name>
         <load_address>0x1d895</load_address>
         <run_address>0x1d895</run_address>
         <size>0xf8</size>
         <input_file_ref idref="fl-1e"/>
      </object_component>
      <object_component id="oc-e3">
         <name>.debug_info</name>
         <load_address>0x1d98d</load_address>
         <run_address>0x1d98d</run_address>
         <size>0x5d98</size>
         <input_file_ref idref="fl-1f"/>
      </object_component>
      <object_component id="oc-e8">
         <name>.debug_info</name>
         <load_address>0x23725</load_address>
         <run_address>0x23725</run_address>
         <size>0x1ba6</size>
         <input_file_ref idref="fl-20"/>
      </object_component>
      <object_component id="oc-ed">
         <name>.debug_info</name>
         <load_address>0x252cb</load_address>
         <run_address>0x252cb</run_address>
         <size>0x1ba6</size>
         <input_file_ref idref="fl-21"/>
      </object_component>
      <object_component id="oc-f2">
         <name>.debug_info</name>
         <load_address>0x26e71</load_address>
         <run_address>0x26e71</run_address>
         <size>0x1ba6</size>
         <input_file_ref idref="fl-22"/>
      </object_component>
      <object_component id="oc-f7">
         <name>.debug_info</name>
         <load_address>0x28a17</load_address>
         <run_address>0x28a17</run_address>
         <size>0x1341d</size>
         <input_file_ref idref="fl-23"/>
      </object_component>
      <object_component id="oc-12b">
         <name>.debug_info</name>
         <load_address>0x3be34</load_address>
         <run_address>0x3be34</run_address>
         <size>0x1ba6</size>
         <input_file_ref idref="fl-24"/>
      </object_component>
      <object_component id="oc-130">
         <name>.debug_info</name>
         <load_address>0x3d9da</load_address>
         <run_address>0x3d9da</run_address>
         <size>0x1ba5</size>
         <input_file_ref idref="fl-25"/>
      </object_component>
      <object_component id="oc-135">
         <name>.debug_info</name>
         <load_address>0x3f57f</load_address>
         <run_address>0x3f57f</run_address>
         <size>0x49c5</size>
         <input_file_ref idref="fl-26"/>
      </object_component>
      <object_component id="oc-13a">
         <name>.debug_info</name>
         <load_address>0x43f44</load_address>
         <run_address>0x43f44</run_address>
         <size>0x37b</size>
         <input_file_ref idref="fl-27"/>
      </object_component>
      <object_component id="oc-13f">
         <name>.debug_info</name>
         <load_address>0x442bf</load_address>
         <run_address>0x442bf</run_address>
         <size>0xb66</size>
         <input_file_ref idref="fl-28"/>
      </object_component>
      <object_component id="oc-144">
         <name>.debug_info</name>
         <load_address>0x44e25</load_address>
         <run_address>0x44e25</run_address>
         <size>0x22e1</size>
         <input_file_ref idref="fl-29"/>
      </object_component>
      <object_component id="oc-149">
         <name>.debug_info</name>
         <load_address>0x47106</load_address>
         <run_address>0x47106</run_address>
         <size>0x1ba5</size>
         <input_file_ref idref="fl-2a"/>
      </object_component>
      <object_component id="oc-14e">
         <name>.debug_info</name>
         <load_address>0x48cab</load_address>
         <run_address>0x48cab</run_address>
         <size>0x1ba5</size>
         <input_file_ref idref="fl-2b"/>
      </object_component>
      <object_component id="oc-153">
         <name>.debug_info</name>
         <load_address>0x4a850</load_address>
         <run_address>0x4a850</run_address>
         <size>0x20c1</size>
         <input_file_ref idref="fl-2c"/>
      </object_component>
      <object_component id="oc-158">
         <name>.debug_info</name>
         <load_address>0x4c911</load_address>
         <run_address>0x4c911</run_address>
         <size>0x215d</size>
         <input_file_ref idref="fl-2d"/>
      </object_component>
      <object_component id="oc-15e">
         <name>.debug_info</name>
         <load_address>0x4ea6e</load_address>
         <run_address>0x4ea6e</run_address>
         <size>0xf4</size>
         <input_file_ref idref="fl-2e"/>
      </object_component>
      <object_component id="oc-163">
         <name>.debug_info</name>
         <load_address>0x4eb62</load_address>
         <run_address>0x4eb62</run_address>
         <size>0x3d4</size>
         <input_file_ref idref="fl-30"/>
      </object_component>
      <object_component id="oc-168">
         <name>.debug_info</name>
         <load_address>0x4ef36</load_address>
         <run_address>0x4ef36</run_address>
         <size>0x58e</size>
         <input_file_ref idref="fl-31"/>
      </object_component>
      <object_component id="oc-16d">
         <name>.debug_info</name>
         <load_address>0x4f4c4</load_address>
         <run_address>0x4f4c4</run_address>
         <size>0x586</size>
         <input_file_ref idref="fl-32"/>
      </object_component>
      <object_component id="oc-172">
         <name>.debug_info</name>
         <load_address>0x4fa4a</load_address>
         <run_address>0x4fa4a</run_address>
         <size>0x4ea</size>
         <input_file_ref idref="fl-33"/>
      </object_component>
      <object_component id="oc-177">
         <name>.debug_info</name>
         <load_address>0x4ff34</load_address>
         <run_address>0x4ff34</run_address>
         <size>0x4c1</size>
         <input_file_ref idref="fl-34"/>
      </object_component>
      <object_component id="oc-17c">
         <name>.debug_info</name>
         <load_address>0x503f5</load_address>
         <run_address>0x503f5</run_address>
         <size>0x4f4</size>
         <input_file_ref idref="fl-35"/>
      </object_component>
      <object_component id="oc-181">
         <name>.debug_info</name>
         <load_address>0x508e9</load_address>
         <run_address>0x508e9</run_address>
         <size>0x5db</size>
         <input_file_ref idref="fl-36"/>
      </object_component>
      <object_component id="oc-186">
         <name>.debug_info</name>
         <load_address>0x50ec4</load_address>
         <run_address>0x50ec4</run_address>
         <size>0x3ec</size>
         <input_file_ref idref="fl-37"/>
      </object_component>
      <object_component id="oc-18b">
         <name>.debug_info</name>
         <load_address>0x512b0</load_address>
         <run_address>0x512b0</run_address>
         <size>0x668</size>
         <input_file_ref idref="fl-38"/>
      </object_component>
      <object_component id="oc-190">
         <name>.debug_info</name>
         <load_address>0x51918</load_address>
         <run_address>0x51918</run_address>
         <size>0x77e</size>
         <input_file_ref idref="fl-39"/>
      </object_component>
      <object_component id="oc-195">
         <name>.debug_info</name>
         <load_address>0x52096</load_address>
         <run_address>0x52096</run_address>
         <size>0x5de</size>
         <input_file_ref idref="fl-3a"/>
      </object_component>
      <object_component id="oc-19a">
         <name>.debug_info</name>
         <load_address>0x52674</load_address>
         <run_address>0x52674</run_address>
         <size>0x69e</size>
         <input_file_ref idref="fl-3b"/>
      </object_component>
      <object_component id="oc-19f">
         <name>.debug_info</name>
         <load_address>0x52d12</load_address>
         <run_address>0x52d12</run_address>
         <size>0x653</size>
         <input_file_ref idref="fl-3c"/>
      </object_component>
      <object_component id="oc-1a4">
         <name>.debug_info</name>
         <load_address>0x53365</load_address>
         <run_address>0x53365</run_address>
         <size>0x6be</size>
         <input_file_ref idref="fl-3d"/>
      </object_component>
      <object_component id="oc-1aa">
         <name>.debug_info</name>
         <load_address>0x53a23</load_address>
         <run_address>0x53a23</run_address>
         <size>0xe7</size>
         <input_file_ref idref="fl-3e"/>
      </object_component>
      <object_component id="oc-1af">
         <name>.debug_info</name>
         <load_address>0x53b0a</load_address>
         <run_address>0x53b0a</run_address>
         <size>0xe5</size>
         <input_file_ref idref="fl-3f"/>
      </object_component>
      <object_component id="oc-1b4">
         <name>.debug_info</name>
         <load_address>0x53bef</load_address>
         <run_address>0x53bef</run_address>
         <size>0xe2</size>
         <input_file_ref idref="fl-40"/>
      </object_component>
      <object_component id="oc-1b9">
         <name>.debug_info</name>
         <load_address>0x53cd1</load_address>
         <run_address>0x53cd1</run_address>
         <size>0xe2</size>
         <input_file_ref idref="fl-41"/>
      </object_component>
      <object_component id="oc-1bd">
         <name>.debug_info</name>
         <load_address>0x53db3</load_address>
         <run_address>0x53db3</run_address>
         <size>0x3f4</size>
         <input_file_ref idref="fl-42"/>
      </object_component>
      <object_component id="oc-1c2">
         <name>.debug_info</name>
         <load_address>0x541a7</load_address>
         <run_address>0x541a7</run_address>
         <size>0x414</size>
         <input_file_ref idref="fl-43"/>
      </object_component>
      <object_component id="oc-1c8">
         <name>.debug_info</name>
         <load_address>0x545bb</load_address>
         <run_address>0x545bb</run_address>
         <size>0xe6</size>
         <input_file_ref idref="fl-44"/>
      </object_component>
      <object_component id="oc-1cd">
         <name>.debug_info</name>
         <load_address>0x546a1</load_address>
         <run_address>0x546a1</run_address>
         <size>0xe2</size>
         <input_file_ref idref="fl-45"/>
      </object_component>
      <object_component id="oc-1d2">
         <name>.debug_info</name>
         <load_address>0x54783</load_address>
         <run_address>0x54783</run_address>
         <size>0xe9</size>
         <input_file_ref idref="fl-46"/>
      </object_component>
      <object_component id="oc-1d7">
         <name>.debug_info</name>
         <load_address>0x5486c</load_address>
         <run_address>0x5486c</run_address>
         <size>0xe4</size>
         <input_file_ref idref="fl-47"/>
      </object_component>
      <object_component id="oc-1dd">
         <name>.debug_info</name>
         <load_address>0x54950</load_address>
         <run_address>0x54950</run_address>
         <size>0x16b</size>
         <input_file_ref idref="fl-63"/>
      </object_component>
      <object_component id="oc-1e1">
         <name>.debug_info</name>
         <load_address>0x54abb</load_address>
         <run_address>0x54abb</run_address>
         <size>0x4ce</size>
         <input_file_ref idref="fl-64"/>
      </object_component>
      <object_component id="oc-1e6">
         <name>.debug_info</name>
         <load_address>0x54f89</load_address>
         <run_address>0x54f89</run_address>
         <size>0x3df</size>
         <input_file_ref idref="fl-65"/>
      </object_component>
      <object_component id="oc-1eb">
         <name>.debug_info</name>
         <load_address>0x55368</load_address>
         <run_address>0x55368</run_address>
         <size>0x3e2</size>
         <input_file_ref idref="fl-66"/>
      </object_component>
      <object_component id="oc-1f0">
         <name>.debug_info</name>
         <load_address>0x5574a</load_address>
         <run_address>0x5574a</run_address>
         <size>0x5c1</size>
         <input_file_ref idref="fl-67"/>
      </object_component>
      <object_component id="oc-1f5">
         <name>.debug_info</name>
         <load_address>0x55d0b</load_address>
         <run_address>0x55d0b</run_address>
         <size>0x5ab</size>
         <input_file_ref idref="fl-68"/>
      </object_component>
      <object_component id="oc-1fc">
         <name>.debug_info</name>
         <load_address>0x562b6</load_address>
         <run_address>0x562b6</run_address>
         <size>0x501</size>
         <input_file_ref idref="fl-69"/>
      </object_component>
      <object_component id="oc-201">
         <name>.debug_info</name>
         <load_address>0x567b7</load_address>
         <run_address>0x567b7</run_address>
         <size>0x46f</size>
         <input_file_ref idref="fl-6a"/>
      </object_component>
      <object_component id="oc-279">
         <name>.debug_info</name>
         <load_address>0x56c26</load_address>
         <run_address>0x56c26</run_address>
         <size>0x9f</size>
      </object_component>
      <object_component id="oc-51">
         <name>.debug_frame</name>
         <load_address>0x0</load_address>
         <run_address>0x0</run_address>
         <size>0xa8</size>
         <input_file_ref idref="fl-3"/>
      </object_component>
      <object_component id="oc-56">
         <name>.debug_frame</name>
         <load_address>0xa8</load_address>
         <run_address>0xa8</run_address>
         <size>0x43</size>
         <input_file_ref idref="fl-4"/>
      </object_component>
      <object_component id="oc-5c">
         <name>.debug_frame</name>
         <load_address>0xeb</load_address>
         <run_address>0xeb</run_address>
         <size>0xc6</size>
         <input_file_ref idref="fl-5"/>
      </object_component>
      <object_component id="oc-62">
         <name>.debug_frame</name>
         <load_address>0x1b1</load_address>
         <run_address>0x1b1</run_address>
         <size>0x2e</size>
         <input_file_ref idref="fl-6"/>
      </object_component>
      <object_component id="oc-68">
         <name>.debug_frame</name>
         <load_address>0x1df</load_address>
         <run_address>0x1df</run_address>
         <size>0x74</size>
         <input_file_ref idref="fl-7"/>
      </object_component>
      <object_component id="oc-6f">
         <name>.debug_frame</name>
         <load_address>0x253</load_address>
         <run_address>0x253</run_address>
         <size>0x168</size>
         <input_file_ref idref="fl-8"/>
      </object_component>
      <object_component id="oc-75">
         <name>.debug_frame</name>
         <load_address>0x3bb</load_address>
         <run_address>0x3bb</run_address>
         <size>0xc5</size>
         <input_file_ref idref="fl-9"/>
      </object_component>
      <object_component id="oc-7b">
         <name>.debug_frame</name>
         <load_address>0x480</load_address>
         <run_address>0x480</run_address>
         <size>0x10f</size>
         <input_file_ref idref="fl-a"/>
      </object_component>
      <object_component id="oc-80">
         <name>.debug_frame</name>
         <load_address>0x58f</load_address>
         <run_address>0x58f</run_address>
         <size>0x2e</size>
         <input_file_ref idref="fl-b"/>
      </object_component>
      <object_component id="oc-85">
         <name>.debug_frame</name>
         <load_address>0x5bd</load_address>
         <run_address>0x5bd</run_address>
         <size>0x2e</size>
         <input_file_ref idref="fl-c"/>
      </object_component>
      <object_component id="oc-8a">
         <name>.debug_frame</name>
         <load_address>0x5eb</load_address>
         <run_address>0x5eb</run_address>
         <size>0x58</size>
         <input_file_ref idref="fl-d"/>
      </object_component>
      <object_component id="oc-8f">
         <name>.debug_frame</name>
         <load_address>0x643</load_address>
         <run_address>0x643</run_address>
         <size>0x2e</size>
         <input_file_ref idref="fl-e"/>
      </object_component>
      <object_component id="oc-99">
         <name>.debug_frame</name>
         <load_address>0x671</load_address>
         <run_address>0x671</run_address>
         <size>0x2e</size>
         <input_file_ref idref="fl-10"/>
      </object_component>
      <object_component id="oc-a3">
         <name>.debug_frame</name>
         <load_address>0x69f</load_address>
         <run_address>0x69f</run_address>
         <size>0x2e</size>
         <input_file_ref idref="fl-12"/>
      </object_component>
      <object_component id="oc-a8">
         <name>.debug_frame</name>
         <load_address>0x6cd</load_address>
         <run_address>0x6cd</run_address>
         <size>0x2e</size>
         <input_file_ref idref="fl-13"/>
      </object_component>
      <object_component id="oc-ad">
         <name>.debug_frame</name>
         <load_address>0x6fb</load_address>
         <run_address>0x6fb</run_address>
         <size>0x2e</size>
         <input_file_ref idref="fl-14"/>
      </object_component>
      <object_component id="oc-b2">
         <name>.debug_frame</name>
         <load_address>0x729</load_address>
         <run_address>0x729</run_address>
         <size>0x2e</size>
         <input_file_ref idref="fl-15"/>
      </object_component>
      <object_component id="oc-bc">
         <name>.debug_frame</name>
         <load_address>0x757</load_address>
         <run_address>0x757</run_address>
         <size>0x2e</size>
         <input_file_ref idref="fl-17"/>
      </object_component>
      <object_component id="oc-ca">
         <name>.debug_frame</name>
         <load_address>0x785</load_address>
         <run_address>0x785</run_address>
         <size>0x2e</size>
         <input_file_ref idref="fl-1a"/>
      </object_component>
      <object_component id="oc-d4">
         <name>.debug_frame</name>
         <load_address>0x7b3</load_address>
         <run_address>0x7b3</run_address>
         <size>0x3df</size>
         <input_file_ref idref="fl-1c"/>
      </object_component>
      <object_component id="oc-da">
         <name>.debug_frame</name>
         <load_address>0xb92</load_address>
         <run_address>0xb92</run_address>
         <size>0xb99</size>
         <input_file_ref idref="fl-1d"/>
      </object_component>
      <object_component id="oc-e4">
         <name>.debug_frame</name>
         <load_address>0x172b</load_address>
         <run_address>0x172b</run_address>
         <size>0x2e</size>
         <input_file_ref idref="fl-1f"/>
      </object_component>
      <object_component id="oc-e9">
         <name>.debug_frame</name>
         <load_address>0x1759</load_address>
         <run_address>0x1759</run_address>
         <size>0x2e</size>
         <input_file_ref idref="fl-20"/>
      </object_component>
      <object_component id="oc-ee">
         <name>.debug_frame</name>
         <load_address>0x1787</load_address>
         <run_address>0x1787</run_address>
         <size>0x2e</size>
         <input_file_ref idref="fl-21"/>
      </object_component>
      <object_component id="oc-f3">
         <name>.debug_frame</name>
         <load_address>0x17b5</load_address>
         <run_address>0x17b5</run_address>
         <size>0x2e</size>
         <input_file_ref idref="fl-22"/>
      </object_component>
      <object_component id="oc-12c">
         <name>.debug_frame</name>
         <load_address>0x17e3</load_address>
         <run_address>0x17e3</run_address>
         <size>0x2e</size>
         <input_file_ref idref="fl-24"/>
      </object_component>
      <object_component id="oc-131">
         <name>.debug_frame</name>
         <load_address>0x1811</load_address>
         <run_address>0x1811</run_address>
         <size>0x2e</size>
         <input_file_ref idref="fl-25"/>
      </object_component>
      <object_component id="oc-136">
         <name>.debug_frame</name>
         <load_address>0x183f</load_address>
         <run_address>0x183f</run_address>
         <size>0x2e</size>
         <input_file_ref idref="fl-26"/>
      </object_component>
      <object_component id="oc-13b">
         <name>.debug_frame</name>
         <load_address>0x186d</load_address>
         <run_address>0x186d</run_address>
         <size>0x2e</size>
         <input_file_ref idref="fl-27"/>
      </object_component>
      <object_component id="oc-140">
         <name>.debug_frame</name>
         <load_address>0x189b</load_address>
         <run_address>0x189b</run_address>
         <size>0x58</size>
         <input_file_ref idref="fl-28"/>
      </object_component>
      <object_component id="oc-145">
         <name>.debug_frame</name>
         <load_address>0x18f3</load_address>
         <run_address>0x18f3</run_address>
         <size>0x43</size>
         <input_file_ref idref="fl-29"/>
      </object_component>
      <object_component id="oc-14a">
         <name>.debug_frame</name>
         <load_address>0x1936</load_address>
         <run_address>0x1936</run_address>
         <size>0x2e</size>
         <input_file_ref idref="fl-2a"/>
      </object_component>
      <object_component id="oc-14f">
         <name>.debug_frame</name>
         <load_address>0x1964</load_address>
         <run_address>0x1964</run_address>
         <size>0x2e</size>
         <input_file_ref idref="fl-2b"/>
      </object_component>
      <object_component id="oc-154">
         <name>.debug_frame</name>
         <load_address>0x1992</load_address>
         <run_address>0x1992</run_address>
         <size>0xbd</size>
         <input_file_ref idref="fl-2c"/>
      </object_component>
      <object_component id="oc-159">
         <name>.debug_frame</name>
         <load_address>0x1a4f</load_address>
         <run_address>0x1a4f</run_address>
         <size>0x2e</size>
         <input_file_ref idref="fl-2d"/>
      </object_component>
      <object_component id="oc-164">
         <name>.debug_frame</name>
         <load_address>0x1a7d</load_address>
         <run_address>0x1a7d</run_address>
         <size>0x2e</size>
         <input_file_ref idref="fl-30"/>
      </object_component>
      <object_component id="oc-169">
         <name>.debug_frame</name>
         <load_address>0x1aab</load_address>
         <run_address>0x1aab</run_address>
         <size>0x2e</size>
         <input_file_ref idref="fl-31"/>
      </object_component>
      <object_component id="oc-16e">
         <name>.debug_frame</name>
         <load_address>0x1ad9</load_address>
         <run_address>0x1ad9</run_address>
         <size>0x2e</size>
         <input_file_ref idref="fl-32"/>
      </object_component>
      <object_component id="oc-173">
         <name>.debug_frame</name>
         <load_address>0x1b07</load_address>
         <run_address>0x1b07</run_address>
         <size>0x2e</size>
         <input_file_ref idref="fl-33"/>
      </object_component>
      <object_component id="oc-178">
         <name>.debug_frame</name>
         <load_address>0x1b35</load_address>
         <run_address>0x1b35</run_address>
         <size>0x2e</size>
         <input_file_ref idref="fl-34"/>
      </object_component>
      <object_component id="oc-17d">
         <name>.debug_frame</name>
         <load_address>0x1b63</load_address>
         <run_address>0x1b63</run_address>
         <size>0x6a</size>
         <input_file_ref idref="fl-35"/>
      </object_component>
      <object_component id="oc-182">
         <name>.debug_frame</name>
         <load_address>0x1bcd</load_address>
         <run_address>0x1bcd</run_address>
         <size>0x2e</size>
         <input_file_ref idref="fl-36"/>
      </object_component>
      <object_component id="oc-187">
         <name>.debug_frame</name>
         <load_address>0x1bfb</load_address>
         <run_address>0x1bfb</run_address>
         <size>0x2e</size>
         <input_file_ref idref="fl-37"/>
      </object_component>
      <object_component id="oc-18c">
         <name>.debug_frame</name>
         <load_address>0x1c29</load_address>
         <run_address>0x1c29</run_address>
         <size>0x2e</size>
         <input_file_ref idref="fl-38"/>
      </object_component>
      <object_component id="oc-191">
         <name>.debug_frame</name>
         <load_address>0x1c57</load_address>
         <run_address>0x1c57</run_address>
         <size>0x2e</size>
         <input_file_ref idref="fl-39"/>
      </object_component>
      <object_component id="oc-196">
         <name>.debug_frame</name>
         <load_address>0x1c85</load_address>
         <run_address>0x1c85</run_address>
         <size>0x2e</size>
         <input_file_ref idref="fl-3a"/>
      </object_component>
      <object_component id="oc-19b">
         <name>.debug_frame</name>
         <load_address>0x1cb3</load_address>
         <run_address>0x1cb3</run_address>
         <size>0x2e</size>
         <input_file_ref idref="fl-3b"/>
      </object_component>
      <object_component id="oc-1a0">
         <name>.debug_frame</name>
         <load_address>0x1ce1</load_address>
         <run_address>0x1ce1</run_address>
         <size>0x72</size>
         <input_file_ref idref="fl-3c"/>
      </object_component>
      <object_component id="oc-1a5">
         <name>.debug_frame</name>
         <load_address>0x1d53</load_address>
         <run_address>0x1d53</run_address>
         <size>0x2e</size>
         <input_file_ref idref="fl-3d"/>
      </object_component>
      <object_component id="oc-1be">
         <name>.debug_frame</name>
         <load_address>0x1d81</load_address>
         <run_address>0x1d81</run_address>
         <size>0x2e</size>
         <input_file_ref idref="fl-42"/>
      </object_component>
      <object_component id="oc-1c3">
         <name>.debug_frame</name>
         <load_address>0x1daf</load_address>
         <run_address>0x1daf</run_address>
         <size>0x2e</size>
         <input_file_ref idref="fl-43"/>
      </object_component>
      <object_component id="oc-1e2">
         <name>.debug_frame</name>
         <load_address>0x1ddd</load_address>
         <run_address>0x1ddd</run_address>
         <size>0x43</size>
         <input_file_ref idref="fl-64"/>
      </object_component>
      <object_component id="oc-1e7">
         <name>.debug_frame</name>
         <load_address>0x1e20</load_address>
         <run_address>0x1e20</run_address>
         <size>0x43</size>
         <input_file_ref idref="fl-65"/>
      </object_component>
      <object_component id="oc-1ec">
         <name>.debug_frame</name>
         <load_address>0x1e63</load_address>
         <run_address>0x1e63</run_address>
         <size>0x43</size>
         <input_file_ref idref="fl-66"/>
      </object_component>
      <object_component id="oc-1f1">
         <name>.debug_frame</name>
         <load_address>0x1ea6</load_address>
         <run_address>0x1ea6</run_address>
         <size>0x64</size>
         <input_file_ref idref="fl-67"/>
      </object_component>
      <object_component id="oc-1f8">
         <name>.debug_frame</name>
         <load_address>0x1f0a</load_address>
         <run_address>0x1f0a</run_address>
         <size>0x61</size>
         <input_file_ref idref="fl-68"/>
      </object_component>
      <object_component id="oc-1fd">
         <name>.debug_frame</name>
         <load_address>0x1f6b</load_address>
         <run_address>0x1f6b</run_address>
         <size>0x6d</size>
         <input_file_ref idref="fl-69"/>
      </object_component>
      <object_component id="oc-202">
         <name>.debug_frame</name>
         <load_address>0x1fd8</load_address>
         <run_address>0x1fd8</run_address>
         <size>0x43</size>
         <input_file_ref idref="fl-6a"/>
      </object_component>
      <object_component id="oc-52">
         <name>.debug_line</name>
         <load_address>0x0</load_address>
         <run_address>0x0</run_address>
         <size>0x90</size>
         <input_file_ref idref="fl-3"/>
      </object_component>
      <object_component id="oc-57">
         <name>.debug_line</name>
         <load_address>0x90</load_address>
         <run_address>0x90</run_address>
         <size>0x4b</size>
         <input_file_ref idref="fl-4"/>
      </object_component>
      <object_component id="oc-5d">
         <name>.debug_line</name>
         <load_address>0xdb</load_address>
         <run_address>0xdb</run_address>
         <size>0x159</size>
         <input_file_ref idref="fl-5"/>
      </object_component>
      <object_component id="oc-63">
         <name>.debug_line</name>
         <load_address>0x234</load_address>
         <run_address>0x234</run_address>
         <size>0x41</size>
         <input_file_ref idref="fl-6"/>
      </object_component>
[...]
         <value>0x338509</value>
         <object_component_ref idref="oc-d9"/>
      </symbol>
      <symbol id="sm-2e4">
         <name>_PIE_RESERVED</name>
         <value>0x338685</value>
         <object_component_ref idref="oc-d9"/>
      </symbol>
      <symbol id="sm-2e5">
         <name>_I2CINT1A_ISR</name>
         <value>0x3385c7</value>
         <object_component_ref idref="oc-d9"/>
      </symbol>
      <symbol id="sm-2e6">
         <name>_XINT2_ISR</name>
         <value>0x33845f</value>
         <object_component_ref idref="oc-d9"/>
      </symbol>
      <symbol id="sm-2e7">
         <name>_I2CINT2A_ISR</name>
         <value>0x3385d1</value>
         <object_component_ref idref="oc-d9"/>
      </symbol>
      <symbol id="sm-2e8">
         <name>_SCITXINTC_ISR</name>
         <value>0x3385e5</value>
         <object_component_ref idref="oc-d9"/>
      </symbol>
      <symbol id="sm-2e9">
         <name>_SCIRXINTC_ISR</name>
         <value>0x3385db</value>
         <object_component_ref idref="oc-d9"/>
      </symbol>
      <symbol id="sm-2ea">
         <name>_RTOSINT_ISR</name>
         <value>0x3383a1</value>
         <object_component_ref idref="oc-d9"/>
      </symbol>
      <symbol id="sm-2eb">
         <name>_EPWM3_INT_ISR</name>
         <value>0x3384d7</value>
         <object_component_ref idref="oc-d9"/>
      </symbol>
      <symbol id="sm-2ec">
         <name>_ECAN1INTB_ISR</name>
         <value>0x338635</value>
         <object_component_ref idref="oc-d9"/>
      </symbol>
      <symbol id="sm-2ed">
         <name>_USER9_ISR</name>
         <value>0x338419</value>
         <object_component_ref idref="oc-d9"/>
      </symbol>
      <symbol id="sm-2ee">
         <name>_USER3_ISR</name>
         <value>0x3383dd</value>
         <object_component_ref idref="oc-d9"/>
      </symbol>
      <symbol id="sm-2ef">
         <name>_EQEP1_INT_ISR</name>
         <value>0x33853b</value>
         <object_component_ref idref="oc-d9"/>
      </symbol>
      <symbol id="sm-2f0">
         <name>_MRINTB_ISR</name>
         <value>0x338563</value>
         <object_component_ref idref="oc-d9"/>
      </symbol>
      <symbol id="sm-2f1">
         <name>_DINTCH1_ISR</name>
         <value>0x33858b</value>
         <object_component_ref idref="oc-d9"/>
      </symbol>
      <symbol id="sm-2f2">
         <name>_USER8_ISR</name>
         <value>0x33840f</value>
         <object_component_ref idref="oc-d9"/>
      </symbol>
      <symbol id="sm-2f3">
         <name>_EPWM1_INT_ISR</name>
         <value>0x3384c3</value>
         <object_component_ref idref="oc-d9"/>
      </symbol>
      <symbol id="sm-2f4">
         <name>_SEQ2INT_ISR</name>
         <value>0x33844b</value>
         <object_component_ref idref="oc-d9"/>
      </symbol>
      <symbol id="sm-2f5">
         <name>_USER2_ISR</name>
         <value>0x3383d3</value>
         <object_component_ref idref="oc-d9"/>
      </symbol>
      <symbol id="sm-2f6">
         <name>_LUF_ISR</name>
         <value>0x33867b</value>
         <object_component_ref idref="oc-d9"/>
      </symbol>
      <symbol id="sm-2f7">
         <name>_LVF_ISR</name>
         <value>0x338671</value>
         <object_component_ref idref="oc-d9"/>
      </symbol>
      <symbol id="sm-2f8">
         <name>_SCITXINTA_ISR</name>
         <value>0x3385f9</value>
         <object_component_ref idref="oc-d9"/>
      </symbol>
      <symbol id="sm-2f9">
         <name>_SCIRXINTA_ISR</name>
         <value>0x3385ef</value>
         <object_component_ref idref="oc-d9"/>
      </symbol>
      <symbol id="sm-2fa">
         <name>_rsvd_ISR</name>
         <value>0x33868f</value>
         <object_component_ref idref="oc-d9"/>
      </symbol>
      <symbol id="sm-2fb">
         <name>_ECAP5_INT_ISR</name>
         <value>0x338527</value>
         <object_component_ref idref="oc-d9"/>
      </symbol>
      <symbol id="sm-2fc">
         <name>_DINTCH2_ISR</name>
         <value>0x338595</value>
         <object_component_ref idref="oc-d9"/>
      </symbol>
      <symbol id="sm-2fd">
         <name>_XINT5_ISR</name>
         <value>0x338653</value>
         <object_component_ref idref="oc-d9"/>
      </symbol>
      <symbol id="sm-309">
         <name>_DSP28x_DisableInt</name>
         <value>0x339132</value>
         <object_component_ref idref="oc-de"/>
      </symbol>
      <symbol id="sm-30a">
         <name>_DSP28x_RestoreInt</name>
         <value>0x339136</value>
         <object_component_ref idref="oc-de"/>
      </symbol>
      <symbol id="sm-398">
         <name>_GpioCtrlRegs</name>
         <value>0x6f80</value>
         <object_component_ref idref="oc-11a"/>
      </symbol>
      <symbol id="sm-399">
         <name>_PieVectTable</name>
         <value>0xd00</value>
         <object_component_ref idref="oc-129"/>
      </symbol>
      <symbol id="sm-39a">
         <name>_ECap4Regs</name>
         <value>0x6a60</value>
         <object_component_ref idref="oc-10a"/>
      </symbol>
      <symbol id="sm-39b">
         <name>_CsmRegs</name>
         <value>0xae0</value>
         <object_component_ref idref="oc-103"/>
      </symbol>
      <symbol id="sm-39c">
         <name>_ECanaLAMRegs</name>
         <value>0x6040</value>
         <object_component_ref idref="oc-11f"/>
      </symbol>
      <symbol id="sm-39d">
         <name>_ECanbMOTORegs</name>
         <value>0x62c0</value>
         <object_component_ref idref="oc-121"/>
      </symbol>
      <symbol id="sm-39e">
         <name>_EPwm4Regs</name>
         <value>0x68c0</value>
         <object_component_ref idref="oc-117"/>
      </symbol>
      <symbol id="sm-39f">
         <name>_ECap5Regs</name>
         <value>0x6a80</value>
         <object_component_ref idref="oc-10f"/>
      </symbol>
      <symbol id="sm-3a0">
         <name>_CpuTimer1Regs</name>
         <value>0xc08</value>
         <object_component_ref idref="oc-fd"/>
      </symbol>
      <symbol id="sm-3a1">
         <name>_SysCtrlRegs</name>
         <value>0x7010</value>
         <object_component_ref idref="oc-10e"/>
      </symbol>
      <symbol id="sm-3a2">
         <name>_EPwm5Regs</name>
         <value>0x6900</value>
         <object_component_ref idref="oc-114"/>
      </symbol>
      <symbol id="sm-3a3">
         <name>_SpiaRegs</name>
         <value>0x7040</value>
         <object_component_ref idref="oc-ff"/>
      </symbol>
      <symbol id="sm-3a4">
         <name>_ECanaMOTSRegs</name>
         <value>0x6080</value>
         <object_component_ref idref="oc-120"/>
      </symbol>
      <symbol id="sm-3a5">
         <name>_ECap6Regs</name>
         <value>0x6aa0</value>
         <object_component_ref idref="oc-110"/>
      </symbol>
      <symbol id="sm-3a6">
         <name>_DmaRegs</name>
         <value>0x1000</value>
         <object_component_ref idref="oc-126"/>
      </symbol>
      <symbol id="sm-3a7">
         <name>_FlashRegs</name>
         <value>0xa80</value>
         <object_component_ref idref="oc-fb"/>
      </symbol>
      <symbol id="sm-3a8">
         <name>_CpuTimer0Regs</name>
         <value>0xc00</value>
         <object_component_ref idref="oc-fc"/>
      </symbol>
      <symbol id="sm-3a9">
         <name>_DevEmuRegs</name>
         <value>0x880</value>
         <object_component_ref idref="oc-125"/>
      </symbol>
      <symbol id="sm-3aa">
         <name>_McbspbRegs</name>
         <value>0x5040</value>
         <object_component_ref idref="oc-118"/>
      </symbol>
      <symbol id="sm-3ab">
         <name>_EPwm6Regs</name>
         <value>0x6940</value>
         <object_component_ref idref="oc-115"/>
      </symbol>
      <symbol id="sm-3ac">
         <name>_SciaRegs</name>
         <value>0x7050</value>
         <object_component_ref idref="oc-102"/>
      </symbol>
      <symbol id="sm-3ad">
         <name>_GpioDataRegs</name>
         <value>0x6fc0</value>
         <object_component_ref idref="oc-10d"/>
      </symbol>
      <symbol id="sm-3ae">
         <name>_CsmPwl</name>
         <value>0x33fff8</value>
         <object_component_ref idref="oc-fa"/>
      </symbol>
      <symbol id="sm-3af">
         <name>_AdcRegs</name>
         <value>0x7100</value>
         <object_component_ref idref="oc-107"/>
      </symbol>
      <symbol id="sm-3b0">
         <name>_XIntruptRegs</name>
         <value>0x7070</value>
         <object_component_ref idref="oc-105"/>
      </symbol>
      <symbol id="sm-3b1">
         <name>_CpuTimer2Regs</name>
         <value>0xc10</value>
         <object_component_ref idref="oc-f9"/>
      </symbol>
      <symbol id="sm-3b2">
         <name>_PieCtrlRegs</name>
         <value>0xce0</value>
         <object_component_ref idref="oc-106"/>
      </symbol>
      <symbol id="sm-3b3">
         <name>_ECanbMOTSRegs</name>
         <value>0x6280</value>
         <object_component_ref idref="oc-11e"/>
      </symbol>
      <symbol id="sm-3b4">
         <name>_ECanaRegs</name>
         <value>0x6000</value>
         <object_component_ref idref="oc-11b"/>
      </symbol>
      <symbol id="sm-3b5">
         <name>_AdcMirror</name>
         <value>0xb00</value>
         <object_component_ref idref="oc-104"/>
      </symbol>
      <symbol id="sm-3b6">
         <name>_ECanbMboxes</name>
         <value>0x6300</value>
         <object_component_ref idref="oc-127"/>
      </symbol>
      <symbol id="sm-3b7">
         <name>_XintfRegs</name>
         <value>0xb20</value>
         <object_component_ref idref="oc-108"/>
      </symbol>
      <symbol id="sm-3b8">
         <name>_ScicRegs</name>
         <value>0x7770</value>
         <object_component_ref idref="oc-101"/>
      </symbol>
      <symbol id="sm-3b9">
         <name>_ECap1Regs</name>
         <value>0x6a00</value>
         <object_component_ref idref="oc-10b"/>
      </symbol>
      <symbol id="sm-3ba">
         <name>_EQep1Regs</name>
         <value>0x6b00</value>
         <object_component_ref idref="oc-122"/>
      </symbol>
      <symbol id="sm-3bb">
         <name>_McbspaRegs</name>
         <value>0x5000</value>
         <object_component_ref idref="oc-119"/>
      </symbol>
      <symbol id="sm-3bc">
         <name>_EPwm1Regs</name>
         <value>0x6800</value>
         <object_component_ref idref="oc-116"/>
      </symbol>
      <symbol id="sm-3bd">
         <name>_ECanbRegs</name>
         <value>0x6200</value>
         <object_component_ref idref="oc-11c"/>
      </symbol>
      <symbol id="sm-3be">
         <name>_ScibRegs</name>
         <value>0x7750</value>
         <object_component_ref idref="oc-100"/>
      </symbol>
      <symbol id="sm-3bf">
         <name>_ECap2Regs</name>
         <value>0x6a20</value>
         <object_component_ref idref="oc-10c"/>
      </symbol>
      <symbol id="sm-3c0">
         <name>_GpioIntRegs</name>
         <value>0x6fe0</value>
         <object_component_ref idref="oc-fe"/>
      </symbol>
      <symbol id="sm-3c1">
         <name>_EQep2Regs</name>
         <value>0x6b40</value>
         <object_component_ref idref="oc-123"/>
      </symbol>
      <symbol id="sm-3c2">
         <name>_PartIdRegs</name>
         <value>0x380090</value>
         <object_component_ref idref="oc-f8"/>
      </symbol>
      <symbol id="sm-3c3">
         <name>_EPwm2Regs</name>
         <value>0x6840</value>
         <object_component_ref idref="oc-111"/>
      </symbol>
      <symbol id="sm-3c4">
         <name>_ECanaMboxes</name>
         <value>0x6100</value>
         <object_component_ref idref="oc-128"/>
      </symbol>
      <symbol id="sm-3c5">
         <name>_ECap3Regs</name>
         <value>0x6a40</value>
         <object_component_ref idref="oc-109"/>
      </symbol>
      <symbol id="sm-3c6">
         <name>_ECanaMOTORegs</name>
         <value>0x60c0</value>
         <object_component_ref idref="oc-11d"/>
      </symbol>
      <symbol id="sm-3c7">
         <name>_EPwm3Regs</name>
         <value>0x6880</value>
         <object_component_ref idref="oc-112"/>
      </symbol>
      <symbol id="sm-3c8">
         <name>_ECanbLAMRegs</name>
         <value>0x6240</value>
         <object_component_ref idref="oc-124"/>
      </symbol>
      <symbol id="sm-3c9">
         <name>_I2caRegs</name>
         <value>0x7900</value>
         <object_component_ref idref="oc-113"/>
      </symbol>
      <symbol id="sm-3f9">
         <name>_InitPieCtrl</name>
         <value>0x339027</value>
         <object_component_ref idref="oc-216"/>
      </symbol>
      <symbol id="sm-3fa">
         <name>_EnableInterrupts</name>
         <value>0x339046</value>
         <object_component_ref idref="oc-216"/>
      </symbol>
      <symbol id="sm-409">
         <name>_PieVectTableInit</name>
         <value>0x339140</value>
         <object_component_ref idref="oc-21d"/>
      </symbol>
      <symbol id="sm-40a">
         <name>_InitPieVectTable</name>
         <value>0x339100</value>
         <object_component_ref idref="oc-217"/>
      </symbol>
      <symbol id="sm-42f">
         <name>_InitPll</name>
         <value>0x338a90</value>
         <object_component_ref idref="oc-215"/>
      </symbol>
      <symbol id="sm-430">
         <name>_DisableDog</name>
         <value>0x338a88</value>
         <object_component_ref idref="oc-215"/>
      </symbol>
      <symbol id="sm-431">
         <name>_InitPeripheralClocks</name>
         <value>0x338ade</value>
         <object_component_ref idref="oc-215"/>
      </symbol>
      <symbol id="sm-432">
         <name>_CsmUnlock</name>
         <value>0x338b44</value>
         <object_component_ref idref="oc-215"/>
      </symbol>
      <symbol id="sm-433">
         <name>_ServiceDog</name>
         <value>0x338a7e</value>
         <object_component_ref idref="oc-215"/>
      </symbol>
      <symbol id="sm-434">
         <name>_InitSysCtrl</name>
         <value>0x338a75</value>
         <object_component_ref idref="oc-215"/>
      </symbol>
      <symbol id="sm-449">
         <name>_DSP28x_usDelay</name>
         <value>0x8481</value>
         <object_component_ref idref="oc-15d"/>
      </symbol>
      <symbol id="sm-451">
         <name>_FPUsinTable</name>
         <value>0x3febdc</value>
         <object_component_ref idref="oc-162"/>
      </symbol>
      <symbol id="sm-452">
         <name>_FPUatan2HalfPITable</name>
         <value>0x3ff0de</value>
         <object_component_ref idref="oc-162"/>
      </symbol>
      <symbol id="sm-453">
         <name>_FPUatan2Table</name>
         <value>0x3ff0e2</value>
         <object_component_ref idref="oc-162"/>
      </symbol>
      <symbol id="sm-454">
         <name>_FPUatan2TableEnd</name>
         <value>0x3ff268</value>
         <object_component_ref idref="oc-162"/>
      </symbol>
      <symbol id="sm-455">
         <name>_FPUcosTableEnd</name>
         <value>0x3ff0de</value>
         <object_component_ref idref="oc-162"/>
      </symbol>
      <symbol id="sm-456">
         <name>_FPUcosTable</name>
         <value>0x3fecdc</value>
         <object_component_ref idref="oc-162"/>
      </symbol>
      <symbol id="sm-457">
         <name>_FPUsinTableEnd</name>
         <value>0x3fefdc</value>
         <object_component_ref idref="oc-162"/>
      </symbol>
      <symbol id="sm-490">
         <name>_PARK_F_init</name>
         <value>0x338e4f</value>
         <object_component_ref idref="oc-220"/>
      </symbol>
      <symbol id="sm-491">
         <name>_PARK_F_FUNC</name>
         <value>0x338e6f</value>
         <object_component_ref idref="oc-220"/>
      </symbol>
      <symbol id="sm-4d4">
         <name>_SPLL_3ph_SRF_F_FUNC</name>
         <value>0x338c66</value>
         <object_component_ref idref="oc-214"/>
      </symbol>
      <symbol id="sm-4d5">
         <name>_SPLL_3ph_SRF_F_init</name>
         <value>0x338c1f</value>
         <object_component_ref idref="oc-214"/>
      </symbol>
      <symbol id="sm-4ea">
         <name>_atan2</name>
         <value>0x338d69</value>
         <object_component_ref idref="oc-1a9"/>
      </symbol>
      <symbol id="sm-4f6">
         <name>_atan</name>
         <value>0x338e05</value>
         <object_component_ref idref="oc-1ae"/>
      </symbol>
      <symbol id="sm-502">
         <name>_cos</name>
         <value>0x338f65</value>
         <object_component_ref idref="oc-1b3"/>
      </symbol>
      <symbol id="sm-50e">
         <name>FS$$DIV</name>
         <value>0x3390ce</value>
         <object_component_ref idref="oc-1b8"/>
      </symbol>
      <symbol id="sm-52c">
         <name>_isqrt</name>
         <value>0x3390b2</value>
         <object_component_ref idref="oc-1c7"/>
      </symbol>
      <symbol id="sm-538">
         <name>_sin</name>
         <value>0x338f99</value>
         <object_component_ref idref="oc-1cc"/>
      </symbol>
      <symbol id="sm-544">
         <name>_sincos</name>
         <value>0x338f22</value>
         <object_component_ref idref="oc-1d1"/>
      </symbol>
      <symbol id="sm-550">
         <name>_sqrt</name>
         <value>0x339073</value>
         <object_component_ref idref="oc-1d6"/>
      </symbol>
      <symbol id="sm-56b">
         <name>_c_int00</name>
         <value>0x338cbf</value>
         <object_component_ref idref="oc-4c"/>
      </symbol>
      <symbol id="sm-56c">
         <name>__stack</name>
         <value>0x400</value>
         <object_component_ref idref="oc-1db"/>
      </symbol>
      <symbol id="sm-57b">
         <name>__args_main</name>
         <value>0x3390e7</value>
         <object_component_ref idref="oc-209"/>
      </symbol>
      <symbol id="sm-587">
         <name>__system_post_cinit</name>
         <value>0x33913e</value>
         <object_component_ref idref="oc-208"/>
      </symbol>
      <symbol id="sm-593">
         <name>__system_pre_init</name>
         <value>0x33913c</value>
         <object_component_ref idref="oc-206"/>
      </symbol>
      <symbol id="sm-5a2">
         <name>_copy_in</name>
         <value>0x33904f</value>
         <object_component_ref idref="oc-207"/>
      </symbol>
      <symbol id="sm-5b6">
         <name>C$$EXIT</name>
         <value>0x338ffe</value>
         <object_component_ref idref="oc-20a"/>
      </symbol>
      <symbol id="sm-5b7">
         <name>_exit</name>
         <value>0x339000</value>
         <object_component_ref idref="oc-20a"/>
      </symbol>
      <symbol id="sm-5b8">
         <name>___TI_cleanup_ptr</name>
         <value>0xc402</value>
         <object_component_ref idref="oc-1f7"/>
      </symbol>
      <symbol id="sm-5b9">
         <name>___TI_enable_exit_profile_output</name>
         <value>0xc400</value>
         <object_component_ref idref="oc-1f7"/>
      </symbol>
      <symbol id="sm-5ba">
         <name>_abort</name>
         <value>0x338ffe</value>
         <object_component_ref idref="oc-20a"/>
      </symbol>
      <symbol id="sm-5bb">
         <name>___TI_dtors_ptr</name>
         <value>0xc404</value>
         <object_component_ref idref="oc-1f7"/>
      </symbol>
      <symbol id="sm-5cf">
         <name>__unlock</name>
         <value>0xc3be</value>
         <object_component_ref idref="oc-221"/>
      </symbol>
      <symbol id="sm-5d0">
         <name>__lock</name>
         <value>0xc33e</value>
         <object_component_ref idref="oc-212"/>
      </symbol>
      <symbol id="sm-5d1">
         <name>__register_lock</name>
         <value>0x339125</value>
         <object_component_ref idref="oc-21b"/>
      </symbol>
      <symbol id="sm-5d2">
         <name>__nop</name>
         <value>0x339129</value>
         <object_component_ref idref="oc-21b"/>
      </symbol>
      <symbol id="sm-5d3">
         <name>__register_unlock</name>
         <value>0x339121</value>
         <object_component_ref idref="oc-21b"/>
      </symbol>
      <symbol id="sm-5e4">
         <name>_memcpy</name>
         <value>0x339094</value>
         <object_component_ref idref="oc-210"/>
      </symbol>
   </symbol_table>
   <title>Link successful</title>
</link_info>
