******************************************************************************
             TMS320C2000 Linker PC v15.12.3                    
******************************************************************************
>> Linked Thu Mar 15 20:17:37 2018

OUTPUT FILE NAME:   <Three_Phase_Inverter_Base_dsp28335.out>
ENTRY POINT SYMBOL: "_c_int00"  address: 00338b29


MEMORY CONFIGURATION

         name            origin    length      used     unused   attr    fill
----------------------  --------  ---------  --------  --------  ----  --------
PAGE 0:
  ZONE0                 00004000   00001000  00000000  00001000  RWIX
  RAML0                 00008000   00001000  000002b5  00000d4b  RWIX
  RAML1                 00009000   00001000  00000000  00001000  RWIX
  RAML2                 0000a000   00001000  00000000  00001000  RWIX
  RAML3                 0000b000   00001000  00000000  00001000  RWIX
  ZONE6                 00100000   00100000  00000000  00100000  RWIX
  ZONE7A                00200000   0000fc00  00000000  0000fc00  RWIX
  FLASHH                00300000   00008000  00000000  00008000  RWIX
  FLASHG                00308000   00008000  00000000  00008000  RWIX
  FLASHF                00310000   00008000  00000000  00008000  RWIX
  FLASHE                00318000   00008000  00000000  00008000  RWIX
  FLASHD                00320000   00008000  000002b5  00007d4b  RWIX
  FLASHC                00328000   00008000  00000000  00008000  RWIX
  FLASHA                00338000   00007f80  0000109c  00006ee4  RWIX
  CSM_RSVD              0033ff80   00000076  00000076  00000000  RWIX
  BEGIN                 0033fff6   00000002  00000002  00000000  RWIX
  CSM_PWL               0033fff8   00000008  00000008  00000000  RWIX
  ADC_CAL               00380080   00000009  00000007  00000002  RWIX
  OTP                   00380400   00000400  00000000  00000400  RWIX
  IQTABLES              003fe000   00000b50  00000000  00000b50  RWIX
  IQTABLES2             003feb50   0000008c  00000000  0000008c  RWIX
  FPUTABLES             003febdc   000006a0  000006a0  00000000  RWIX
  ROM                   003ff27c   00000d44  00000000  00000d44  RWIX
  RESET                 003fffc0   00000002  00000000  00000002  RWIX
  VECTORS               003fffc2   0000003e  00000000  0000003e  RWIX

PAGE 1:
  BOOT_RSVD             00000000   00000050  00000000  00000050  RWIX
  RAMM0                 00000050   000003b0  00000000  000003b0  RWIX
  RAMM1                 00000400   00000400  00000300  00000100  RWIX
  DEV_EMU               00000880   00000180  000000d0  000000b0  RWIX
  FLASH_REGS            00000a80   00000060  00000008  00000058  RWIX
  CSM                   00000ae0   00000010  00000010  00000000  RWIX
  ADC_MIRROR            00000b00   00000010  00000010  00000000  RWIX
  XINTF                 00000b20   00000020  0000001e  00000002  RWIX
  CPU_TIMER0            00000c00   00000008  00000008  00000000  RWIX
  CPU_TIMER1            00000c08   00000008  00000008  00000000  RWIX
  CPU_TIMER2            00000c10   00000008  00000008  00000000  RWIX
  PIE_CTRL              00000ce0   00000020  0000001a  00000006  RWIX
  PIE_VECT              00000d00   00000100  00000100  00000000  RWIX
  DMA                   00001000   00000200  000000e0  00000120  RWIX
  MCBSPA                00005000   00000040  00000025  0000001b  RWIX
  MCBSPB                00005040   00000040  00000025  0000001b  RWIX
  ECANA                 00006000   00000040  00000034  0000000c  RWIX
  ECANA_LAM             00006040   00000040  00000040  00000000  RWIX
  ECANA_MOTS            00006080   00000040  00000040  00000000  RWIX
  ECANA_MOTO            000060c0   00000040  00000040  00000000  RWIX
  ECANA_MBOX            00006100   00000100  00000100  00000000  RWIX
  ECANB                 00006200   00000040  00000034  0000000c  RWIX
  ECANB_LAM             00006240   00000040  00000040  00000000  RWIX
  ECANB_MOTS            00006280   00000040  00000040  00000000  RWIX
  ECANB_MOTO            000062c0   00000040  00000040  00000000  RWIX
  ECANB_MBOX            00006300   00000100  00000100  00000000  RWIX
  EPWM1                 00006800   00000022  00000022  00000000  RWIX
  EPWM2                 00006840   00000022  00000022  00000000  RWIX
  EPWM3                 00006880   00000022  00000022  00000000  RWIX
  EPWM4                 000068c0   00000022  00000022  00000000  RWIX
  EPWM5                 00006900   00000022  00000022  00000000  RWIX
  EPWM6                 00006940   00000022  00000022  00000000  RWIX
  ECAP1                 00006a00   00000020  00000020  00000000  RWIX
  ECAP2                 00006a20   00000020  00000020  00000000  RWIX
  ECAP3                 00006a40   00000020  00000020  00000000  RWIX
  ECAP4                 00006a60   00000020  00000020  00000000  RWIX
  ECAP5                 00006a80   00000020  00000020  00000000  RWIX
  ECAP6                 00006aa0   00000020  00000020  00000000  RWIX
  EQEP1                 00006b00   00000040  00000040  00000000  RWIX
  EQEP2                 00006b40   00000040  00000040  00000000  RWIX
  GPIOCTRL              00006f80   00000040  0000002e  00000012  RWIX
  GPIODAT               00006fc0   00000020  00000020  00000000  RWIX
  GPIOINT               00006fe0   00000020  0000000a  00000016  RWIX
  SYSTEM                00007010   00000020  00000020  00000000  RWIX
  SPIA                  00007040   00000010  00000010  00000000  RWIX
  SCIA                  00007050   00000010  00000010  00000000  RWIX
  XINTRUPT              00007070   00000010  00000010  00000000  RWIX
  ADC                   00007100   00000020  0000001e  00000002  RWIX
  SCIB                  00007750   00000010  00000010  00000000  RWIX
  SCIC                  00007770   00000010  00000010  00000000  RWIX
  I2CA                  00007900   00000040  00000022  0000001e  RWIX
  RAML4                 0000c000   00001000  000003c4  00000c3c  RWIX
  RAML5                 0000d000   00001000  00000000  00001000  RWIX
  RAML6                 0000e000   00001000  00000000  00001000  RWIX
  RAML7                 0000f000   00001000  00000000  00001000  RWIX
  ZONE7B                0020fc00   00000400  00000000  00000400  RWIX
  FLASHB                00330000   00008000  00000000  00008000  RWIX
  CSM_PWL               0033fff8   00000008  00000008  00000000  RWIX
  PARTID                00380090   00000001  00000001  00000000  RWIX


SECTION ALLOCATION MAP

 output                                  attributes/
section   page    origin      length       input sections
--------  ----  ----------  ----------   ----------------
ramfuncs   0    00320000    000002b5     RUN ADDR = 00008000
                  00320000    00000179     TPVSI_DSP28335_AAL_Trans.obj (ramfuncs)
                  00320179    000000b9     TPVSI_DSP28335_INT.obj (ramfuncs:retain)
                  00320232    0000007f     TPVSI_DSP28335_HAL.obj (ramfuncs)
                  003202b1    00000004     DSP2833x_usDelay.obj (ramfuncs)

.text      0    00338000    00000f74     
                  00338000    00000359     DSP2833x_DMA.obj (.text)
                  00338359    00000316     DSP2833x_DefaultIsr.obj (.text:retain)
                  0033866f    00000242     TPVSI_DSP28335_BSP.obj (.text)
                  003388b1    000000f1     DSP2833x_SysCtrl.obj (.text)
                  003389a2    000000ea     TPVSI_DSP28335_HAL.obj (.text)
                  00338a8c    0000009d     TPVSI_DSP28335_AAL_Trans.obj (.text)
                  00338b29    00000056     rts2800_fpu32.lib : boot.obj (.text)
                  00338b7f    00000054     CNTL_3P3Z_F_ASM.obj (.text)
                  00338bd3    0000004f     atan2_f32.obj (.text)
                  00338c22    0000004a     atan_f32.obj (.text)
                  00338c6c    00000046     rts2800_fpu32.lib : cpy_tbl.obj (.text)
                  00338cb2    00000045     CLARKE_F.obj (.text)
                  00338cf7    00000044     CNTL_2P2Z_F_ASM.obj (.text)
                  00338d3b    00000043     sincos_f32.obj (.text)
                  00338d7e    00000039     PARK_F.obj (.text)
                  00338db7    00000034     cos_f32.obj (.text)
                  00338deb    00000034     sin_f32.obj (.text)
                  00338e1f    0000002b     main.obj (.text)
                  00338e4a    00000029     rts2800_fpu32.lib : exit.obj (.text)
                  00338e73    00000028     DSP2833x_PieCtrl.obj (.text)
                  00338e9b    00000021     sqrt_f32.obj (.text)
                  00338ebc    0000001e     rts2800_fpu32.lib : memcpy.obj (.text)
                  00338eda    0000001c     isqrt_f32.obj (.text)
                  00338ef6    0000001a     rts2800_fpu32.lib : cpy_utils.obj (.text)
                  00338f10    00000019     div_f32.obj (.text)
                  00338f29    00000019     rts2800_fpu32.lib : args_main.obj (.text)
                  00338f42    00000014     DSP2833x_PieVect.obj (.text)
                  00338f56    00000009     rts2800_fpu32.lib : _lock.obj (.text)
                  00338f5f    00000008     DSP2833x_CodeStartBranch.obj (.text)
                  00338f67    00000007     DSP2833x_DisInt.obj (.text)
                  00338f6e    00000003     DSP2833x_DBGIER.obj (.text)
                  00338f71    00000002     rts2800_fpu32.lib : pre_init.obj (.text)
                  00338f73    00000001                       : startup.obj (.text)

.econst    0    00338f74    00000100     
                  00338f74    00000100     DSP2833x_PieVect.obj (.econst:_PieVectTableInit)

.cinit     0    00339074    00000028     
                  00339074    0000000e     rts2800_fpu32.lib : exit.obj (.cinit)
                  00339082    00000009     TPVSI_DSP28335_AAL_Trans.obj (.cinit)
                  0033908b    00000005     TPVSI_DSP28335_INT.obj (.cinit)
                  00339090    00000005     rts2800_fpu32.lib : _lock.obj (.cinit:__lock)
                  00339095    00000005                       : _lock.obj (.cinit:__unlock)
                  0033909a    00000002     --HOLE-- [fill = 0]

.pinit     0    00338000    00000000     UNINITIALIZED

csm_rsvd   0    0033ff80    00000076     
                  0033ff80    00000076     DSP2833x_CSMPasswords.obj (csm_rsvd)

codestart 
*          0    0033fff6    00000002     
                  0033fff6    00000002     DSP2833x_CodeStartBranch.obj (codestart)

csmpasswds 
*          0    0033fff8    00000008     
                  0033fff8    00000008     DSP2833x_CSMPasswords.obj (csmpasswds)

FPUmathTables 
*          0    003febdc    000006a0     NOLOAD SECTION
                  003febdc    000006a0     FPUmathTables.obj (FPUmathTables)

.stack     1    00000400    00000300     UNINITIALIZED
                  00000400    00000300     --HOLE--

.ebss      1    0000c000    000003c4     UNINITIALIZED
                  0000c000    0000030c     TPVSI_DSP28335_AAL_Trans.obj (.ebss)
                  0000c30c    00000018     DSP2833x_CpuTimers.obj (.ebss)
                  0000c324    0000000e     TPVSI_DSP28335_BSP.obj (.ebss)
                  0000c332    0000000c     TPVSI_DSP28335_AAL_Control.obj (.ebss)
                  0000c33e    00000002     TPVSI_DSP28335_AAL_Math.obj (.ebss)
                  0000c340    00000078     TPVSI_DSP28335_HAL.obj (.ebss)
                  0000c3b8    00000006     rts2800_fpu32.lib : exit.obj (.ebss)
                  0000c3be    00000002     TPVSI_DSP28335_INT.obj (.ebss)
                  0000c3c0    00000002     rts2800_fpu32.lib : _lock.obj (.ebss:__lock)
                  0000c3c2    00000002                       : _lock.obj (.ebss:__unlock)

.reset     0    003fffc0    00000002     DSECT
                  003fffc0    00000002     rts2800_fpu32.lib : boot.obj (.reset)

vectors    0    003fffc2    00000000     DSECT

.adc_cal   0    00380080    00000007     NOLOAD SECTION
                  00380080    00000007     DSP2833x_ADC_cal.obj (.adc_cal)

DevEmuRegsFile 
*          1    00000880    000000d0     UNINITIALIZED
                  00000880    000000d0     DSP2833x_GlobalVariableDefs.obj (DevEmuRegsFile)

FlashRegsFile 
*          1    00000a80    00000008     UNINITIALIZED
                  00000a80    00000008     DSP2833x_GlobalVariableDefs.obj (FlashRegsFile)

CsmRegsFile 
*          1    00000ae0    00000010     UNINITIALIZED
                  00000ae0    00000010     DSP2833x_GlobalVariableDefs.obj (CsmRegsFile)

AdcMirrorFile 
*          1    00000b00    00000010     UNINITIALIZED
                  00000b00    00000010     DSP2833x_GlobalVariableDefs.obj (AdcMirrorFile)

XintfRegsFile 
*          1    00000b20    0000001e     UNINITIALIZED
                  00000b20    0000001e     DSP2833x_GlobalVariableDefs.obj (XintfRegsFile)

CpuTimer0RegsFile 
*          1    00000c00    00000008     UNINITIALIZED
                  00000c00    00000008     DSP2833x_GlobalVariableDefs.obj (CpuTimer0RegsFile)

CpuTimer1RegsFile 
*          1    00000c08    00000008     UNINITIALIZED
                  00000c08    00000008     DSP2833x_GlobalVariableDefs.obj (CpuTimer1RegsFile)

CpuTimer2RegsFile 
*          1    00000c10    00000008     UNINITIALIZED
                  00000c10    00000008     DSP2833x_GlobalVariableDefs.obj (CpuTimer2RegsFile)

PieCtrlRegsFile 
*          1    00000ce0    0000001a     UNINITIALIZED
                  00000ce0    0000001a     DSP2833x_GlobalVariableDefs.obj (PieCtrlRegsFile)

PieVectTableFile 
*          1    00000d00    00000100     UNINITIALIZED
                  00000d00    00000100     DSP2833x_GlobalVariableDefs.obj (PieVectTableFile)

DmaRegsFile 
*          1    00001000    000000e0     UNINITIALIZED
                  00001000    000000e0     DSP2833x_GlobalVariableDefs.obj (DmaRegsFile)

McbspaRegsFile 
*          1    00005000    00000025     UNINITIALIZED
                  00005000    00000025     DSP2833x_GlobalVariableDefs.obj (McbspaRegsFile)

McbspbRegsFile 
*          1    00005040    00000025     UNINITIALIZED
                  00005040    00000025     DSP2833x_GlobalVariableDefs.obj (McbspbRegsFile)

ECanaRegsFile 
*          1    00006000    00000034     UNINITIALIZED
                  00006000    00000034     DSP2833x_GlobalVariableDefs.obj (ECanaRegsFile)

ECanaLAMRegsFile 
*          1    00006040    00000040     UNINITIALIZED
                  00006040    00000040     DSP2833x_GlobalVariableDefs.obj (ECanaLAMRegsFile)

ECanaMOTSRegsFile 
*          1    00006080    00000040     UNINITIALIZED
                  00006080    00000040     DSP2833x_GlobalVariableDefs.obj (ECanaMOTSRegsFile)

ECanaMOTORegsFile 
*          1    000060c0    00000040     UNINITIALIZED
                  000060c0    00000040     DSP2833x_GlobalVariableDefs.obj (ECanaMOTORegsFile)

ECanaMboxesFile 
*          1    00006100    00000100     UNINITIALIZED
                  00006100    00000100     DSP2833x_GlobalVariableDefs.obj (ECanaMboxesFile)

ECanbRegsFile 
*          1    00006200    00000034     UNINITIALIZED
                  00006200    00000034     DSP2833x_GlobalVariableDefs.obj (ECanbRegsFile)

ECanbLAMRegsFile 
*          1    00006240    00000040     UNINITIALIZED
                  00006240    00000040     DSP2833x_GlobalVariableDefs.obj (ECanbLAMRegsFile)

ECanbMOTSRegsFile 
*          1    00006280    00000040     UNINITIALIZED
                  00006280    00000040     DSP2833x_GlobalVariableDefs.obj (ECanbMOTSRegsFile)

ECanbMOTORegsFile 
*          1    000062c0    00000040     UNINITIALIZED
                  000062c0    00000040     DSP2833x_GlobalVariableDefs.obj (ECanbMOTORegsFile)

ECanbMboxesFile 
*          1    00006300    00000100     UNINITIALIZED
                  00006300    00000100     DSP2833x_GlobalVariableDefs.obj (ECanbMboxesFile)

EPwm1RegsFile 
*          1    00006800    00000022     UNINITIALIZED
                  00006800    00000022     DSP2833x_GlobalVariableDefs.obj (EPwm1RegsFile)

EPwm2RegsFile 
*          1    00006840    00000022     UNINITIALIZED
                  00006840    00000022     DSP2833x_GlobalVariableDefs.obj (EPwm2RegsFile)

EPwm3RegsFile 
*          1    00006880    00000022     UNINITIALIZED
                  00006880    00000022     DSP2833x_GlobalVariableDefs.obj (EPwm3RegsFile)

EPwm4RegsFile 
*          1    000068c0    00000022     UNINITIALIZED
                  000068c0    00000022     DSP2833x_GlobalVariableDefs.obj (EPwm4RegsFile)

EPwm5RegsFile 
*          1    00006900    00000022     UNINITIALIZED
                  00006900    00000022     DSP2833x_GlobalVariableDefs.obj (EPwm5RegsFile)

EPwm6RegsFile 
*          1    00006940    00000022     UNINITIALIZED
                  00006940    00000022     DSP2833x_GlobalVariableDefs.obj (EPwm6RegsFile)

ECap1RegsFile 
*          1    00006a00    00000020     UNINITIALIZED
                  00006a00    00000020     DSP2833x_GlobalVariableDefs.obj (ECap1RegsFile)

ECap2RegsFile 
*          1    00006a20    00000020     UNINITIALIZED
                  00006a20    00000020     DSP2833x_GlobalVariableDefs.obj (ECap2RegsFile)

ECap3RegsFile 
*          1    00006a40    00000020     UNINITIALIZED
                  00006a40    00000020     DSP2833x_GlobalVariableDefs.obj (ECap3RegsFile)

ECap4RegsFile 
*          1    00006a60    00000020     UNINITIALIZED
                  00006a60    00000020     DSP2833x_GlobalVariableDefs.obj (ECap4RegsFile)

ECap5RegsFile 
*          1    00006a80    00000020     UNINITIALIZED
                  00006a80    00000020     DSP2833x_GlobalVariableDefs.obj (ECap5RegsFile)

ECap6RegsFile 
*          1    00006aa0    00000020     UNINITIALIZED
                  00006aa0    00000020     DSP2833x_GlobalVariableDefs.obj (ECap6RegsFile)

EQep1RegsFile 
*          1    00006b00    00000040     UNINITIALIZED
                  00006b00    00000040     DSP2833x_GlobalVariableDefs.obj (EQep1RegsFile)

EQep2RegsFile 
*          1    00006b40    00000040     UNINITIALIZED
                  00006b40    00000040     DSP2833x_GlobalVariableDefs.obj (EQep2RegsFile)

GpioCtrlRegsFile 
*          1    00006f80    0000002e     UNINITIALIZED
                  00006f80    0000002e     DSP2833x_GlobalVariableDefs.obj (GpioCtrlRegsFile)

GpioDataRegsFile 
*          1    00006fc0    00000020     UNINITIALIZED
                  00006fc0    00000020     DSP2833x_GlobalVariableDefs.obj (GpioDataRegsFile)

GpioIntRegsFile 
*          1    00006fe0    0000000a     UNINITIALIZED
                  00006fe0    0000000a     DSP2833x_GlobalVariableDefs.obj (GpioIntRegsFile)

SysCtrlRegsFile 
*          1    00007010    00000020     UNINITIALIZED
                  00007010    00000020     DSP2833x_GlobalVariableDefs.obj (SysCtrlRegsFile)

SpiaRegsFile 
*          1    00007040    00000010     UNINITIALIZED
                  00007040    00000010     DSP2833x_GlobalVariableDefs.obj (SpiaRegsFile)

SciaRegsFile 
*          1    00007050    00000010     UNINITIALIZED
                  00007050    00000010     DSP2833x_GlobalVariableDefs.obj (SciaRegsFile)

XIntruptRegsFile 
*          1    00007070    00000010     UNINITIALIZED
                  00007070    00000010     DSP2833x_GlobalVariableDefs.obj (XIntruptRegsFile)

AdcRegsFile 
*          1    00007100    0000001e     UNINITIALIZED
                  00007100    0000001e     DSP2833x_GlobalVariableDefs.obj (AdcRegsFile)

ScibRegsFile 
*          1    00007750    00000010     UNINITIALIZED
                  00007750    00000010     DSP2833x_GlobalVariableDefs.obj (ScibRegsFile)

ScicRegsFile 
*          1    00007770    00000010     UNINITIALIZED
                  00007770    00000010     DSP2833x_GlobalVariableDefs.obj (ScicRegsFile)

I2caRegsFile 
*          1    00007900    00000022     UNINITIALIZED
                  00007900    00000022     DSP2833x_GlobalVariableDefs.obj (I2caRegsFile)

CsmPwlFile 
*          1    0033fff8    00000008     UNINITIALIZED
                  0033fff8    00000008     DSP2833x_GlobalVariableDefs.obj (CsmPwlFile)

PartIdRegsFile 
*          1    00380090    00000001     UNINITIALIZED
                  00380090    00000001     DSP2833x_GlobalVariableDefs.obj (PartIdRegsFile)

MODULE SUMMARY

       Module                            code   ro data   rw data
       ------                            ----   -------   -------
    .\
       TPVSI_DSP28335_INT.obj            370    0         7      
       main.obj                          43     0         0      
    +--+---------------------------------+------+---------+---------+
       Total:                            413    0         7      
                                                                 
    .\AAL\
       TPVSI_DSP28335_AAL_Trans.obj      911    0         789    
       TPVSI_DSP28335_AAL_Control.obj    0      0         12     
       TPVSI_DSP28335_AAL_Math.obj       0      0         2      
    +--+---------------------------------+------+---------+---------+
       Total:                            911    0         803    
                                                                 
    .\HAL\
       TPVSI_DSP28335_HAL.obj            488    0         120    
       TPVSI_DSP28335_BSP.obj            578    0         14     
    +--+---------------------------------+------+---------+---------+
       Total:                            1066   0         134    
                                                                 
    .\source\
       DSP2833x_GlobalVariableDefs.obj   0      0         2679   
       FPUmathTables.obj                 0      0         1696   
       DSP2833x_DMA.obj                  857    0         0      
       DSP2833x_DefaultIsr.obj           790    0         0      
       DSP2833x_PieVect.obj              20     0         256    
       DSP2833x_SysCtrl.obj              241    0         0      
       DSP2833x_CSMPasswords.obj         0      0         126    
       CNTL_3P3Z_F_ASM.obj               84     0         0      
       atan2_f32.obj                     79     0         0      
       atan_f32.obj                      74     0         0      
       CLARKE_F.obj                      69     0         0      
       CNTL_2P2Z_F_ASM.obj               68     0         0      
       sincos_f32.obj                    67     0         0      
       PARK_F.obj                        57     0         0      
       cos_f32.obj                       52     0         0      
       sin_f32.obj                       52     0         0      
       DSP2833x_PieCtrl.obj              40     0         0      
       sqrt_f32.obj                      33     0         0      
       isqrt_f32.obj                     28     0         0      
       div_f32.obj                       25     0         0      
       DSP2833x_CpuTimers.obj            0      0         24     
       DSP2833x_CodeStartBranch.obj      10     0         0      
       DSP2833x_usDelay.obj              8      0         0      
       DSP2833x_ADC_cal.obj              7      0         0      
       DSP2833x_DisInt.obj               7      0         0      
       DSP2833x_DBGIER.obj               3      0         0      
    +--+---------------------------------+------+---------+---------+
       Total:                            2671   0         4781   
                                                                 
    E:\ti\ccsv6\tools\compiler\c2000_15.12.3.LTS\lib\rts2800_fpu32.lib
       boot.obj                          86     0         0      
       cpy_tbl.obj                       70     0         0      
       exit.obj                          41     0         20     
       memcpy.obj                        30     0         0      
       cpy_utils.obj                     26     0         0      
       args_main.obj                     25     0         0      
       _lock.obj                         9      0         14     
       pre_init.obj                      2      0         0      
       startup.obj                       1      0         0      
    +--+---------------------------------+------+---------+---------+
       Total:                            290    0         34     
                                                                 
       Stack:                            0      0         768    
    +--+---------------------------------+------+---------+---------+
       Grand Total:                      5351   0         6527   


GLOBAL DATA SYMBOLS: SORTED BY DATA PAGE

address     data page           name
--------    ----------------    ----
00000400      10 (00000400)     __stack

00000880      22 (00000880)     _DevEmuRegs

00000a80      2a (00000a80)     _FlashRegs

00000ae0      2b (00000ac0)     _CsmRegs

00000b00      2c (00000b00)     _AdcMirror
00000b20      2c (00000b00)     _XintfRegs

00000c00      30 (00000c00)     _CpuTimer0Regs
00000c08      30 (00000c00)     _CpuTimer1Regs
00000c10      30 (00000c00)     _CpuTimer2Regs

00000ce0      33 (00000cc0)     _PieCtrlRegs

00000d00      34 (00000d00)     _PieVectTable

00001000      40 (00001000)     _DmaRegs

00005000     140 (00005000)     _McbspaRegs

00005040     141 (00005040)     _McbspbRegs

00006000     180 (00006000)     _ECanaRegs

00006040     181 (00006040)     _ECanaLAMRegs

00006080     182 (00006080)     _ECanaMOTSRegs

000060c0     183 (000060c0)     _ECanaMOTORegs

00006100     184 (00006100)     _ECanaMboxes

00006200     188 (00006200)     _ECanbRegs

00006240     189 (00006240)     _ECanbLAMRegs

00006280     18a (00006280)     _ECanbMOTSRegs

000062c0     18b (000062c0)     _ECanbMOTORegs

00006300     18c (00006300)     _ECanbMboxes

00006800     1a0 (00006800)     _EPwm1Regs

00006840     1a1 (00006840)     _EPwm2Regs

00006880     1a2 (00006880)     _EPwm3Regs

000068c0     1a3 (000068c0)     _EPwm4Regs

00006900     1a4 (00006900)     _EPwm5Regs

00006940     1a5 (00006940)     _EPwm6Regs

00006a00     1a8 (00006a00)     _ECap1Regs
00006a20     1a8 (00006a00)     _ECap2Regs

00006a40     1a9 (00006a40)     _ECap3Regs
00006a60     1a9 (00006a40)     _ECap4Regs

00006a80     1aa (00006a80)     _ECap5Regs
00006aa0     1aa (00006a80)     _ECap6Regs

00006b00     1ac (00006b00)     _EQep1Regs

00006b40     1ad (00006b40)     _EQep2Regs

00006f80     1be (00006f80)     _GpioCtrlRegs

00006fc0     1bf (00006fc0)     _GpioDataRegs
00006fe0     1bf (00006fc0)     _GpioIntRegs

00007010     1c0 (00007000)     _SysCtrlRegs

00007040     1c1 (00007040)     _SpiaRegs
00007050     1c1 (00007040)     _SciaRegs
00007070     1c1 (00007040)     _XIntruptRegs

00007100     1c4 (00007100)     _AdcRegs

00007750     1dd (00007740)     _ScibRegs
00007770     1dd (00007740)     _ScicRegs

00007900     1e4 (00007900)     _I2caRegs

0000c040     301 (0000c040)     _Inverter_CapCurrent_Data

0000c0c0     303 (0000c0c0)     _Target_Data

0000c140     305 (0000c140)     _Inverter_Current_Data

0000c1c0     307 (0000c1c0)     _Inverter_Voltage_Data

0000c240     309 (0000c240)     _Inverter_CapVoltage_Data

0000c2c0     30b (0000c2c0)     _Control_Data

0000c30c     30c (0000c300)     _CpuTimer1
0000c314     30c (0000c300)     _CpuTimer2
0000c31c     30c (0000c300)     _CpuTimer0
0000c324     30c (0000c300)     _DMA_Buf
0000c332     30c (0000c300)     _PR_Controller

0000c340     30d (0000c340)     __p_sin1
0000c344     30d (0000c340)     __p_epwm2
0000c34a     30d (0000c340)     __p_epwm1
0000c350     30d (0000c340)     __p_epwm4
0000c356     30d (0000c340)     __p_epwm5
0000c35c     30d (0000c340)     __p_epwm3

0000c380     30e (0000c380)     _p_sam
0000c3b8     30e (0000c380)     ___TI_enable_exit_profile_output
0000c3ba     30e (0000c380)     ___TI_cleanup_ptr
0000c3bc     30e (0000c380)     ___TI_dtors_ptr

0000c3c0     30f (0000c3c0)     __lock
0000c3c2     30f (0000c3c0)     __unlock

00338f74    ce3d (00338f40)     _PieVectTableInit

0033fff8    cfff (0033ffc0)     _CsmPwl

00380090    e002 (00380080)     _PartIdRegs

003febdc    ffaf (003febc0)     _FPUsinTable

003fecdc    ffb3 (003fecc0)     _FPUcosTable

003fefdc    ffbf (003fefc0)     _FPUsinTableEnd

003ff0de    ffc3 (003ff0c0)     _FPUatan2HalfPITable
003ff0de    ffc3 (003ff0c0)     _FPUcosTableEnd
003ff0e2    ffc3 (003ff0c0)     _FPUatan2Table

003ff268    ffc9 (003ff240)     _FPUatan2TableEnd


GLOBAL SYMBOLS: SORTED ALPHABETICALLY BY Name 

page  address   name                            
----  -------   ----                            
0     00338000  .text                           
0     00338e4a  C$$EXIT                         
0     00338f10  FS$$DIV                         
0     0000815d  _AAL_Trans_ABCDQ0               
0     000080b2  _AAL_Trans_Clark                
0     00008166  _AAL_Trans_DQ0ABC               
0     00338ae1  _AAL_Trans_Init                 
0     00008000  _AAL_Trans_Park                 
0     0000816f  _AAL_Trans_SetDQ0Value          
0     00338afa  _AAL_Trans_StruInit             
0     00338a8c  _AAL_Trans_Update               
0     00008107  _AAL_Trans_iClark               
0     0000805a  _AAL_Trans_iPark                
0     0033843f  _ADCINT_ISR                     
0     00380080  _ADC_cal                        
1     00000b00  _AdcMirror                      
1     00007100  _AdcRegs                        
0     0033866f  _BSP_ADC_Init                   
0     003386df  _BSP_DMA_Init                   
0     00338856  _BSP_GPIO_Init                  
0     0033871c  _BSP_ePWM_Init                  
0     00338cbf  _CLARKE_F_FUNC                  
0     00338cb2  _CLARKE_F_init                  
0     00338cf7  _CNTL_2P2Z_F_ASM                
0     00338b7f  _CNTL_3P3Z_F_ASM                
1     0000c2c0  _Control_Data                   
1     0000c31c  _CpuTimer0                      
1     00000c00  _CpuTimer0Regs                  
1     0000c30c  _CpuTimer1                      
1     00000c08  _CpuTimer1Regs                  
1     0000c314  _CpuTimer2                      
1     00000c10  _CpuTimer2Regs                  
1     0033fff8  _CsmPwl                         
1     00000ae0  _CsmRegs                        
0     00338973  _CsmUnlock                      
0     0033836d  _DATALOG_ISR                    
0     00338561  _DINTCH1_ISR                    
0     0033856b  _DINTCH2_ISR                    
0     00338575  _DINTCH3_ISR                    
0     0033857f  _DINTCH4_ISR                    
0     00338589  _DINTCH5_ISR                    
0     00338593  _DINTCH6_ISR                    
0     0033800b  _DMACH1AddrConfig               
0     00338015  _DMACH1BurstConfig              
0     00338031  _DMACH1ModeConfig               
0     0033801e  _DMACH1TransferConfig           
0     00338027  _DMACH1WrapConfig               
0     00338098  _DMACH2AddrConfig               
0     003380a2  _DMACH2BurstConfig              
0     003380be  _DMACH2ModeConfig               
0     003380ab  _DMACH2TransferConfig           
0     003380b4  _DMACH2WrapConfig               
0     00338125  _DMACH3AddrConfig               
0     0033812f  _DMACH3BurstConfig              
0     0033814b  _DMACH3ModeConfig               
0     00338138  _DMACH3TransferConfig           
0     00338141  _DMACH3WrapConfig               
0     003381b2  _DMACH4AddrConfig               
0     003381bc  _DMACH4BurstConfig              
0     003381d8  _DMACH4ModeConfig               
0     003381c5  _DMACH4TransferConfig           
0     003381ce  _DMACH4WrapConfig               
0     0033823f  _DMACH5AddrConfig               
0     00338249  _DMACH5BurstConfig              
0     00338265  _DMACH5ModeConfig               
0     00338252  _DMACH5TransferConfig           
0     0033825b  _DMACH5WrapConfig               
0     003382cc  _DMACH6AddrConfig               
0     003382d6  _DMACH6BurstConfig              
0     003382f2  _DMACH6ModeConfig               
0     003382df  _DMACH6TransferConfig           
0     003382e8  _DMACH6WrapConfig               
0     00338000  _DMAInitialize                  
1     0000c324  _DMA_Buf                        
0     00338f67  _DSP28x_DisableInt              
0     00338f6b  _DSP28x_RestoreInt              
0     000082b1  _DSP28x_usDelay                 
1     00000880  _DevEmuRegs                     
0     003388c4  _DisableDog                     
1     00001000  _DmaRegs                        
0     003385ed  _ECAN0INTA_ISR                  
0     00338601  _ECAN0INTB_ISR                  
0     003385f7  _ECAN1INTA_ISR                  
0     0033860b  _ECAN1INTB_ISR                  
0     003384d5  _ECAP1_INT_ISR                  
0     003384df  _ECAP2_INT_ISR                  
0     003384e9  _ECAP3_INT_ISR                  
0     003384f3  _ECAP4_INT_ISR                  
0     003384fd  _ECAP5_INT_ISR                  
0     00338507  _ECAP6_INT_ISR                  
1     00006040  _ECanaLAMRegs                   
1     000060c0  _ECanaMOTORegs                  
1     00006080  _ECanaMOTSRegs                  
1     00006100  _ECanaMboxes                    
1     00006000  _ECanaRegs                      
1     00006240  _ECanbLAMRegs                   
1     000062c0  _ECanbMOTORegs                  
1     00006280  _ECanbMOTSRegs                  
1     00006300  _ECanbMboxes                    
1     00006200  _ECanbRegs                      
1     00006a00  _ECap1Regs                      
1     00006a20  _ECap2Regs                      
1     00006a40  _ECap3Regs                      
1     00006a60  _ECap4Regs                      
1     00006a80  _ECap5Regs                      
1     00006aa0  _ECap6Regs                      
0     00338381  _EMUINT_ISR                     
0     00338499  _EPWM1_INT_ISR                  
0     0033845d  _EPWM1_TZINT_ISR                
0     003384a3  _EPWM2_INT_ISR                  
0     00338467  _EPWM2_TZINT_ISR                
0     003384ad  _EPWM3_INT_ISR                  
0     00338471  _EPWM3_TZINT_ISR                
0     003384b7  _EPWM4_INT_ISR                  
0     0033847b  _EPWM4_TZINT_ISR                
0     003384c1  _EPWM5_INT_ISR                  
0     00338485  _EPWM5_TZINT_ISR                
0     003384cb  _EPWM6_INT_ISR                  
0     0033848f  _EPWM6_TZINT_ISR                
1     00006800  _EPwm1Regs                      
1     00006840  _EPwm2Regs                      
1     00006880  _EPwm3Regs                      
1     000068c0  _EPwm4Regs                      
1     00006900  _EPwm5Regs                      
1     00006940  _EPwm6Regs                      
0     00338511  _EQEP1_INT_ISR                  
0     0033851b  _EQEP2_INT_ISR                  
1     00006b00  _EQep1Regs                      
1     00006b40  _EQep2Regs                      
0     00338e92  _EnableInterrupts               
0     003ff0de  _FPUatan2HalfPITable            
0     003ff0e2  _FPUatan2Table                  
0     003ff268  _FPUatan2TableEnd               
0     003fecdc  _FPUcosTable                    
0     003ff0de  _FPUcosTableEnd                 
0     003febdc  _FPUsinTable                    
0     003fefdc  _FPUsinTableEnd                 
1     00000a80  _FlashRegs                      
1     00006f80  _GpioCtrlRegs                   
1     00006fc0  _GpioDataRegs                   
1     00006fe0  _GpioIntRegs                    
0     00008278  _HAL_DutySet                    
0     003389b1  _HAL_EPWM_Structure_Init        
0     00338a7e  _HAL_GetSampleResult            
0     003389a2  _HAL_Init                       
0     003389eb  _HAL_PWM_DutyValue_Cal          
0     00008232  _HAL_Sample                     
0     00338a1c  _HAL_Sample_Init                
0     0033859d  _I2CINT1A_ISR                   
0     003385a7  _I2CINT2A_ISR                   
1     00007900  _I2caRegs                       
0     00338395  _ILLEGAL_ISR                    
0     00338359  _INT13_ISR                      
0     00338363  _INT14_ISR                      
0     00338918  _InitPeripheralClocks           
0     00338e73  _InitPieCtrl                    
0     00338f42  _InitPieVectTable               
0     003388cc  _InitPll                        
0     003388b1  _InitSysCtrl                    
1     0000c040  _Inverter_CapCurrent_Data       
1     0000c240  _Inverter_CapVoltage_Data       
1     0000c140  _Inverter_Current_Data          
1     0000c1c0  _Inverter_Voltage_Data          
0     00338651  _LUF_ISR                        
0     00338647  _LVF_ISR                        
0     0033854d  _MRINTA_ISR                     
0     00338539  _MRINTB_ISR                     
0     00338557  _MXINTA_ISR                     
0     00338543  _MXINTB_ISR                     
1     00005000  _McbspaRegs                     
1     00005040  _McbspbRegs                     
0     0033838b  _NMI_ISR                        
0     00338d8f  _PARK_F_FUNC                    
0     00338d7e  _PARK_F_init                    
0     0033865b  _PIE_RESERVED                   
1     0000c332  _PR_Controller                  
1     00380090  _PartIdRegs                     
1     00000ce0  _PieCtrlRegs                    
1     00000d00  _PieVectTable                   
0     00338f74  _PieVectTableInit               
0     00338377  _RTOSINT_ISR                    
abs   000002b5  _RamfuncsLoadSize               
0     00320000  _RamfuncsLoadStart              
0     00008000  _RamfuncsRunStart               
0     003385c5  _SCIRXINTA_ISR                  
0     003385d9  _SCIRXINTB_ISR                  
0     003385b1  _SCIRXINTC_ISR                  
0     003385cf  _SCITXINTA_ISR                  
0     003385e3  _SCITXINTB_ISR                  
0     003385bb  _SCITXINTC_ISR                  
0     00338417  _SEQ1INT_ISR                    
0     00338421  _SEQ2INT_ISR                    
0     00338525  _SPIRXINTA_ISR                  
0     0033852f  _SPITXINTA_ISR                  
1     00007050  _SciaRegs                       
1     00007750  _ScibRegs                       
1     00007770  _ScicRegs                       
0     003388ba  _ServiceDog                     
0     00338f6e  _SetDBGIER                      
1     00007040  _SpiaRegs                       
0     00338090  _StartDMACH1                    
0     0033811d  _StartDMACH2                    
0     003381aa  _StartDMACH3                    
0     00338237  _StartDMACH4                    
0     003382c4  _StartDMACH5                    
0     00338351  _StartDMACH6                    
1     00007010  _SysCtrlRegs                    
0     00338449  _TINT0_ISR                      
1     0000c0c0  _Target_Data                    
0     003383f9  _USER10_ISR                     
0     00338403  _USER11_ISR                     
0     0033840d  _USER12_ISR                     
0     0033839f  _USER1_ISR                      
0     003383a9  _USER2_ISR                      
0     003383b3  _USER3_ISR                      
0     003383bd  _USER4_ISR                      
0     003383c7  _USER5_ISR                      
0     003383d1  _USER6_ISR                      
0     003383db  _USER7_ISR                      
0     003383e5  _USER8_ISR                      
0     003383ef  _USER9_ISR                      
0     00338453  _WAKEINT_ISR                    
0     0033842b  _XINT1_ISR                      
0     00338435  _XINT2_ISR                      
0     00338615  _XINT3_ISR                      
0     0033861f  _XINT4_ISR                      
0     00338629  _XINT5_ISR                      
0     00338633  _XINT6_ISR                      
0     0033863d  _XINT7_ISR                      
1     00007070  _XIntruptRegs                   
1     00000b20  _XintfRegs                      
1     00000700  __STACK_END                     
abs   00000300  __STACK_SIZE                    
1     0000c3ba  ___TI_cleanup_ptr               
1     0000c3bc  ___TI_dtors_ptr                 
1     0000c3b8  ___TI_enable_exit_profile_output
abs   ffffffff  ___TI_pprof_out_hndl            
abs   ffffffff  ___TI_prof_data_size            
abs   ffffffff  ___TI_prof_data_start           
abs   ffffffff  ___binit__                      
abs   ffffffff  ___c_args__                     
0     00339074  ___cinit__                      
0     00338f74  ___etext__                      
abs   ffffffff  ___pinit__                      
0     00338000  ___text__                       
0     00338f29  __args_main                     
1     0000c3c0  __lock                          
0     00338f5e  __nop                           
1     0000c34a  __p_epwm1                       
1     0000c344  __p_epwm2                       
1     0000c35c  __p_epwm3                       
1     0000c350  __p_epwm4                       
1     0000c356  __p_epwm5                       
1     0000c340  __p_sin1                        
0     00338f5a  __register_lock                 
0     00338f56  __register_unlock               
1     00000400  __stack                         
0     00338f73  __system_post_cinit             
0     00338f71  __system_pre_init               
1     0000c3c2  __unlock                        
0     00338e4a  _abort                          
0     00338c22  _atan                           
0     00338bd3  _atan2                          
0     00338b29  _c_int00                        
0     00338c6c  _copy_in                        
0     00338db7  _cos                            
0     00338ef6  _ddcopy                         
0     00338ef6  _dpcopy                         
0     00008179  _epwm1_isr                      
0     00338e4c  _exit                           
0     00338eda  _isqrt                          
0     00338e1f  _main                           
0     00338ebc  _memcpy                         
1     0000c380  _p_sam                          
0     00338ef6  _pdcopy                         
0     00338ef6  _ppcopy                         
0     00338665  _rsvd_ISR                       
0     00338deb  _sin                            
0     00338d3b  _sincos                         
0     00338e9b  _sqrt                           
abs   ffffffff  binit                           
0     00339074  cinit                           
0     0033fff6  code_start                      
0     00338f74  etext                           
abs   ffffffff  pinit                           


GLOBAL SYMBOLS: SORTED BY Symbol Address 

page  address   name                            
----  -------   ----                            
0     00008000  _AAL_Trans_Park                 
0     00008000  _RamfuncsRunStart               
0     0000805a  _AAL_Trans_iPark                
0     000080b2  _AAL_Trans_Clark                
0     00008107  _AAL_Trans_iClark               
0     0000815d  _AAL_Trans_ABCDQ0               
0     00008166  _AAL_Trans_DQ0ABC               
0     0000816f  _AAL_Trans_SetDQ0Value          
0     00008179  _epwm1_isr                      
0     00008232  _HAL_Sample                     
0     00008278  _HAL_DutySet                    
0     000082b1  _DSP28x_usDelay                 
0     00320000  _RamfuncsLoadStart              
0     00338000  .text                           
0     00338000  _DMAInitialize                  
0     00338000  ___text__                       
0     0033800b  _DMACH1AddrConfig               
0     00338015  _DMACH1BurstConfig              
0     0033801e  _DMACH1TransferConfig           
0     00338027  _DMACH1WrapConfig               
0     00338031  _DMACH1ModeConfig               
0     00338090  _StartDMACH1                    
0     00338098  _DMACH2AddrConfig               
0     003380a2  _DMACH2BurstConfig              
0     003380ab  _DMACH2TransferConfig           
0     003380b4  _DMACH2WrapConfig               
0     003380be  _DMACH2ModeConfig               
0     0033811d  _StartDMACH2                    
0     00338125  _DMACH3AddrConfig               
0     0033812f  _DMACH3BurstConfig              
0     00338138  _DMACH3TransferConfig           
0     00338141  _DMACH3WrapConfig               
0     0033814b  _DMACH3ModeConfig               
0     003381aa  _StartDMACH3                    
0     003381b2  _DMACH4AddrConfig               
0     003381bc  _DMACH4BurstConfig              
0     003381c5  _DMACH4TransferConfig           
0     003381ce  _DMACH4WrapConfig               
0     003381d8  _DMACH4ModeConfig               
0     00338237  _StartDMACH4                    
0     0033823f  _DMACH5AddrConfig               
0     00338249  _DMACH5BurstConfig              
0     00338252  _DMACH5TransferConfig           
0     0033825b  _DMACH5WrapConfig               
0     00338265  _DMACH5ModeConfig               
0     003382c4  _StartDMACH5                    
0     003382cc  _DMACH6AddrConfig               
0     003382d6  _DMACH6BurstConfig              
0     003382df  _DMACH6TransferConfig           
0     003382e8  _DMACH6WrapConfig               
0     003382f2  _DMACH6ModeConfig               
0     00338351  _StartDMACH6                    
0     00338359  _INT13_ISR                      
0     00338363  _INT14_ISR                      
0     0033836d  _DATALOG_ISR                    
0     00338377  _RTOSINT_ISR                    
0     00338381  _EMUINT_ISR                     
0     0033838b  _NMI_ISR                        
0     00338395  _ILLEGAL_ISR                    
0     0033839f  _USER1_ISR                      
0     003383a9  _USER2_ISR                      
0     003383b3  _USER3_ISR                      
0     003383bd  _USER4_ISR                      
0     003383c7  _USER5_ISR                      
0     003383d1  _USER6_ISR                      
0     003383db  _USER7_ISR                      
0     003383e5  _USER8_ISR                      
0     003383ef  _USER9_ISR                      
0     003383f9  _USER10_ISR                     
0     00338403  _USER11_ISR                     
0     0033840d  _USER12_ISR                     
0     00338417  _SEQ1INT_ISR                    
0     00338421  _SEQ2INT_ISR                    
0     0033842b  _XINT1_ISR                      
0     00338435  _XINT2_ISR                      
0     0033843f  _ADCINT_ISR                     
0     00338449  _TINT0_ISR                      
0     00338453  _WAKEINT_ISR                    
0     0033845d  _EPWM1_TZINT_ISR                
0     00338467  _EPWM2_TZINT_ISR                
0     00338471  _EPWM3_TZINT_ISR                
0     0033847b  _EPWM4_TZINT_ISR                
0     00338485  _EPWM5_TZINT_ISR                
0     0033848f  _EPWM6_TZINT_ISR                
0     00338499  _EPWM1_INT_ISR                  
0     003384a3  _EPWM2_INT_ISR                  
0     003384ad  _EPWM3_INT_ISR                  
0     003384b7  _EPWM4_INT_ISR                  
0     003384c1  _EPWM5_INT_ISR                  
0     003384cb  _EPWM6_INT_ISR                  
0     003384d5  _ECAP1_INT_ISR                  
0     003384df  _ECAP2_INT_ISR                  
0     003384e9  _ECAP3_INT_ISR                  
0     003384f3  _ECAP4_INT_ISR                  
0     003384fd  _ECAP5_INT_ISR                  
0     00338507  _ECAP6_INT_ISR                  
0     00338511  _EQEP1_INT_ISR                  
0     0033851b  _EQEP2_INT_ISR                  
0     00338525  _SPIRXINTA_ISR                  
0     0033852f  _SPITXINTA_ISR                  
0     00338539  _MRINTB_ISR                     
0     00338543  _MXINTB_ISR                     
0     0033854d  _MRINTA_ISR                     
0     00338557  _MXINTA_ISR                     
0     00338561  _DINTCH1_ISR                    
0     0033856b  _DINTCH2_ISR                    
0     00338575  _DINTCH3_ISR                    
0     0033857f  _DINTCH4_ISR                    
0     00338589  _DINTCH5_ISR                    
0     00338593  _DINTCH6_ISR                    
0     0033859d  _I2CINT1A_ISR                   
0     003385a7  _I2CINT2A_ISR                   
0     003385b1  _SCIRXINTC_ISR                  
0     003385bb  _SCITXINTC_ISR                  
0     003385c5  _SCIRXINTA_ISR                  
0     003385cf  _SCITXINTA_ISR                  
0     003385d9  _SCIRXINTB_ISR                  
0     003385e3  _SCITXINTB_ISR                  
0     003385ed  _ECAN0INTA_ISR                  
0     003385f7  _ECAN1INTA_ISR                  
0     00338601  _ECAN0INTB_ISR                  
0     0033860b  _ECAN1INTB_ISR                  
0     00338615  _XINT3_ISR                      
0     0033861f  _XINT4_ISR                      
0     00338629  _XINT5_ISR                      
0     00338633  _XINT6_ISR                      
0     0033863d  _XINT7_ISR                      
0     00338647  _LVF_ISR                        
0     00338651  _LUF_ISR                        
0     0033865b  _PIE_RESERVED                   
0     00338665  _rsvd_ISR                       
0     0033866f  _BSP_ADC_Init                   
0     003386df  _BSP_DMA_Init                   
0     0033871c  _BSP_ePWM_Init                  
0     00338856  _BSP_GPIO_Init                  
0     003388b1  _InitSysCtrl                    
0     003388ba  _ServiceDog                     
0     003388c4  _DisableDog                     
0     003388cc  _InitPll                        
0     00338918  _InitPeripheralClocks           
0     00338973  _CsmUnlock                      
0     003389a2  _HAL_Init                       
0     003389b1  _HAL_EPWM_Structure_Init        
0     003389eb  _HAL_PWM_DutyValue_Cal          
0     00338a1c  _HAL_Sample_Init                
0     00338a7e  _HAL_GetSampleResult            
0     00338a8c  _AAL_Trans_Update               
0     00338ae1  _AAL_Trans_Init                 
0     00338afa  _AAL_Trans_StruInit             
0     00338b29  _c_int00                        
0     00338b7f  _CNTL_3P3Z_F_ASM                
0     00338bd3  _atan2                          
0     00338c22  _atan                           
0     00338c6c  _copy_in                        
0     00338cb2  _CLARKE_F_init                  
0     00338cbf  _CLARKE_F_FUNC                  
0     00338cf7  _CNTL_2P2Z_F_ASM                
0     00338d3b  _sincos                         
0     00338d7e  _PARK_F_init                    
0     00338d8f  _PARK_F_FUNC                    
0     00338db7  _cos                            
0     00338deb  _sin                            
0     00338e1f  _main                           
0     00338e4a  C$$EXIT                         
0     00338e4a  _abort                          
0     00338e4c  _exit                           
0     00338e73  _InitPieCtrl                    
0     00338e92  _EnableInterrupts               
0     00338e9b  _sqrt                           
0     00338ebc  _memcpy                         
0     00338eda  _isqrt                          
0     00338ef6  _ddcopy                         
0     00338ef6  _dpcopy                         
0     00338ef6  _pdcopy                         
0     00338ef6  _ppcopy                         
0     00338f10  FS$$DIV                         
0     00338f29  __args_main                     
0     00338f42  _InitPieVectTable               
0     00338f56  __register_unlock               
0     00338f5a  __register_lock                 
0     00338f5e  __nop                           
0     00338f67  _DSP28x_DisableInt              
0     00338f6b  _DSP28x_RestoreInt              
0     00338f6e  _SetDBGIER                      
0     00338f71  __system_pre_init               
0     00338f73  __system_post_cinit             
0     00338f74  _PieVectTableInit               
0     00338f74  ___etext__                      
0     00338f74  etext                           
0     00339074  ___cinit__                      
0     00339074  cinit                           
0     0033fff6  code_start                      
0     00380080  _ADC_cal                        
0     003febdc  _FPUsinTable                    
0     003fecdc  _FPUcosTable                    
0     003fefdc  _FPUsinTableEnd                 
0     003ff0de  _FPUatan2HalfPITable            
0     003ff0de  _FPUcosTableEnd                 
0     003ff0e2  _FPUatan2Table                  
0     003ff268  _FPUatan2TableEnd               
1     00000400  __stack                         
1     00000700  __STACK_END                     
1     00000880  _DevEmuRegs                     
1     00000a80  _FlashRegs                      
1     00000ae0  _CsmRegs                        
1     00000b00  _AdcMirror                      
1     00000b20  _XintfRegs                      
1     00000c00  _CpuTimer0Regs                  
1     00000c08  _CpuTimer1Regs                  
1     00000c10  _CpuTimer2Regs                  
1     00000ce0  _PieCtrlRegs                    
1     00000d00  _PieVectTable                   
1     00001000  _DmaRegs                        
1     00005000  _McbspaRegs                     
1     00005040  _McbspbRegs                     
1     00006000  _ECanaRegs                      
1     00006040  _ECanaLAMRegs                   
1     00006080  _ECanaMOTSRegs                  
1     000060c0  _ECanaMOTORegs                  
1     00006100  _ECanaMboxes                    
1     00006200  _ECanbRegs                      
1     00006240  _ECanbLAMRegs                   
1     00006280  _ECanbMOTSRegs                  
1     000062c0  _ECanbMOTORegs                  
1     00006300  _ECanbMboxes                    
1     00006800  _EPwm1Regs                      
1     00006840  _EPwm2Regs                      
1     00006880  _EPwm3Regs                      
1     000068c0  _EPwm4Regs                      
1     00006900  _EPwm5Regs                      
1     00006940  _EPwm6Regs                      
1     00006a00  _ECap1Regs                      
1     00006a20  _ECap2Regs                      
1     00006a40  _ECap3Regs                      
1     00006a60  _ECap4Regs                      
1     00006a80  _ECap5Regs                      
1     00006aa0  _ECap6Regs                      
1     00006b00  _EQep1Regs                      
1     00006b40  _EQep2Regs                      
1     00006f80  _GpioCtrlRegs                   
1     00006fc0  _GpioDataRegs                   
1     00006fe0  _GpioIntRegs                    
1     00007010  _SysCtrlRegs                    
1     00007040  _SpiaRegs                       
1     00007050  _SciaRegs                       
1     00007070  _XIntruptRegs                   
1     00007100  _AdcRegs                        
1     00007750  _ScibRegs                       
1     00007770  _ScicRegs                       
1     00007900  _I2caRegs                       
1     0000c040  _Inverter_CapCurrent_Data       
1     0000c0c0  _Target_Data                    
1     0000c140  _Inverter_Current_Data          
1     0000c1c0  _Inverter_Voltage_Data          
1     0000c240  _Inverter_CapVoltage_Data       
1     0000c2c0  _Control_Data                   
1     0000c30c  _CpuTimer1                      
1     0000c314  _CpuTimer2                      
1     0000c31c  _CpuTimer0                      
1     0000c324  _DMA_Buf                        
1     0000c332  _PR_Controller                  
1     0000c340  __p_sin1                        
1     0000c344  __p_epwm2                       
1     0000c34a  __p_epwm1                       
1     0000c350  __p_epwm4                       
1     0000c356  __p_epwm5                       
1     0000c35c  __p_epwm3                       
1     0000c380  _p_sam                          
1     0000c3b8  ___TI_enable_exit_profile_output
1     0000c3ba  ___TI_cleanup_ptr               
1     0000c3bc  ___TI_dtors_ptr                 
1     0000c3c0  __lock                          
1     0000c3c2  __unlock                        
1     0033fff8  _CsmPwl                         
1     00380090  _PartIdRegs                     
abs   000002b5  _RamfuncsLoadSize               
abs   00000300  __STACK_SIZE                    
abs   ffffffff  ___TI_pprof_out_hndl            
abs   ffffffff  ___TI_prof_data_size            
abs   ffffffff  ___TI_prof_data_start           
abs   ffffffff  ___binit__                      
abs   ffffffff  ___c_args__                     
abs   ffffffff  ___pinit__                      
abs   ffffffff  binit                           
abs   ffffffff  pinit                           

[285 symbols]
